2025-02-19 23:49:47,917 - logger name:log/foundation/urbanfm_downstream/dataset_ratio_100.0%/model_layer_8_8/44/record.log
2025-02-19 23:49:59,714 - 
============================== Model Parameters ==============================
2025-02-19 23:49:59,715 - Total Parameters: 2,385,217 (≈ 2.39 M or ≈ 0.00 B)
2025-02-19 23:49:59,715 - Trainable Parameters: 2,385,217 (≈ 2.39 M or ≈ 0.00 B)
2025-02-19 23:49:59,715 - ========================================================================

2025-02-19 23:51:44,007 - [Epoch 1] Pretrain Loss: 68.2039
2025-02-19 23:51:44,008 - ************************************************************   Forecasting Task   ************************************************************
2025-02-19 23:51:44,008 - Evaluate on pems08_flow_short_term_forecasting:
2025-02-19 23:51:51,870 - masked_mae : 75.45256805419922
2025-02-19 23:51:51,878 - masked_rmse : 107.11322784423828
2025-02-19 23:51:51,903 - masked_mape : 1.2891379594802856
2025-02-19 23:51:51,903 - Evaluate on pems08_flow_long_term_forecasting:
2025-02-19 23:52:05,330 - masked_mae : 76.67008972167969
2025-02-19 23:52:05,356 - masked_rmse : 108.90680694580078
2025-02-19 23:52:05,404 - masked_mape : 1.3288599252700806
2025-02-19 23:52:05,405 - ************************************************************   Imputation Task   ************************************************************
2025-02-19 23:52:05,405 - Evaluate on pems08_flow_point_imputation:
2025-02-19 23:52:06,169 - masked_mae : 83.48273468017578
2025-02-19 23:52:06,171 - masked_rmse : 118.17172241210938
2025-02-19 23:52:06,172 - masked_mape : 1.248844861984253
2025-02-19 23:52:06,172 - Evaluate on pems08_flow_block_imputation:
2025-02-19 23:52:06,941 - masked_mae : 98.13848114013672
2025-02-19 23:52:06,942 - masked_rmse : 137.92784118652344
2025-02-19 23:52:06,943 - masked_mape : 1.0800487995147705
2025-02-19 23:53:49,070 - [Epoch 2] Pretrain Loss: 64.8363
2025-02-19 23:53:49,071 - ************************************************************   Forecasting Task   ************************************************************
2025-02-19 23:53:49,071 - Evaluate on pems08_flow_short_term_forecasting:
2025-02-19 23:53:56,940 - masked_mae : 75.7090835571289
2025-02-19 23:53:56,948 - masked_rmse : 107.6678695678711
2025-02-19 23:53:56,962 - masked_mape : 1.270759105682373
2025-02-19 23:53:56,962 - Evaluate on pems08_flow_long_term_forecasting:
2025-02-19 23:54:10,661 - masked_mae : 76.94298553466797
2025-02-19 23:54:10,687 - masked_rmse : 109.5192642211914
2025-02-19 23:54:10,735 - masked_mape : 1.3078666925430298
2025-02-19 23:54:10,736 - ************************************************************   Imputation Task   ************************************************************
2025-02-19 23:54:10,736 - Evaluate on pems08_flow_point_imputation:
2025-02-19 23:54:11,487 - masked_mae : 84.3421401977539
2025-02-19 23:54:11,488 - masked_rmse : 119.44646453857422
2025-02-19 23:54:11,490 - masked_mape : 1.2293436527252197
2025-02-19 23:54:11,490 - Evaluate on pems08_flow_block_imputation:
2025-02-19 23:54:12,255 - masked_mae : 99.94062042236328
2025-02-19 23:54:12,256 - masked_rmse : 140.22314453125
2025-02-19 23:54:12,257 - masked_mape : 1.064505696296692
2025-02-19 23:55:54,174 - [Epoch 3] Pretrain Loss: 64.6355
2025-02-19 23:55:54,175 - ************************************************************   Forecasting Task   ************************************************************
2025-02-19 23:55:54,175 - Evaluate on pems08_flow_short_term_forecasting:
2025-02-19 23:56:02,047 - masked_mae : 75.9074478149414
2025-02-19 23:56:02,055 - masked_rmse : 108.06456756591797
2025-02-19 23:56:02,069 - masked_mape : 1.2591283321380615
2025-02-19 23:56:02,070 - Evaluate on pems08_flow_long_term_forecasting:
2026-02-07 06:43:53,063 - logger name:log/foundation/urbanfm_downstream/dataset_ratio_100.0%/model_layer_8_8/44/record.log
2026-02-07 07:43:17,713 - logger name:log/foundation/urbanfm_downstream/dataset_ratio_100.0%/model_layer_8_8/44/record.log
2026-02-07 19:30:26,656 - logger name:log/foundation/urbanfm_downstream/dataset_ratio_100.0%/model_layer_8_8/44/record.log
2026-02-07 19:52:22,391 - 
============================== Model Parameters ==============================
2026-02-07 19:52:22,392 - Total Parameters: 800,065 (≈ 0.80 M or ≈ 0.00 B)
2026-02-07 19:52:22,392 - Trainable Parameters: 800,065 (≈ 0.80 M or ≈ 0.00 B)
2026-02-07 19:52:22,392 - ========================================================================

