2025-02-19 22:55:48,610 - logger name:log/foundation/urbanfm_downstream/dataset_ratio_100.0%/model_layer_4_4/42/record.log
2025-02-19 22:56:36,593 - [Epoch 1] Pretrain Loss: 39.4957
2025-02-19 22:56:36,594 - ************************************************************   Forecasting Task   ************************************************************
2025-02-19 22:56:36,594 - Evaluate on pems08_flow_short_term_forecasting:
2025-02-19 22:56:40,297 - masked_mae : 18.897756576538086
2025-02-19 22:56:40,305 - masked_rmse : 29.91135597229004
2025-02-19 22:56:40,336 - masked_mape : 0.22986151278018951
2025-02-19 22:56:40,337 - Evaluate on pems08_flow_long_term_forecasting:
2025-02-19 22:56:46,344 - masked_mae : 26.08382225036621
2025-02-19 22:56:46,369 - masked_rmse : 40.4216194152832
2025-02-19 22:56:46,418 - masked_mape : 0.29031941294670105
2025-02-19 22:56:46,418 - ************************************************************   Imputation Task   ************************************************************
2025-02-19 22:56:46,418 - Evaluate on pems08_flow_point_imputation:
2025-02-19 22:56:47,004 - masked_mae : 81.3680419921875
2025-02-19 22:56:47,005 - masked_rmse : 110.73218536376953
2025-02-19 22:56:47,006 - masked_mape : 0.8273380994796753
2025-02-19 22:56:47,006 - Evaluate on pems08_flow_block_imputation:
2025-02-19 22:56:47,601 - masked_mae : 100.24131774902344
2025-02-19 22:56:47,603 - masked_rmse : 124.63706970214844
2025-02-19 22:56:47,604 - masked_mape : 1.2428818941116333
2025-02-19 22:57:21,610 - [Epoch 2] Pretrain Loss: 26.7564
2025-02-19 22:57:21,610 - ************************************************************   Forecasting Task   ************************************************************
2025-02-19 22:57:21,610 - Evaluate on pems08_flow_short_term_forecasting:
2025-02-19 22:57:25,511 - masked_mae : 18.762346267700195
2025-02-19 22:57:25,519 - masked_rmse : 29.546371459960938
2025-02-19 22:57:25,533 - masked_mape : 0.211755633354187
2025-02-19 22:57:25,533 - Evaluate on pems08_flow_long_term_forecasting:
2025-02-19 22:57:31,563 - masked_mae : 23.835214614868164
2025-02-19 22:57:31,589 - masked_rmse : 36.591800689697266
2025-02-19 22:57:31,637 - masked_mape : 0.22945423424243927
2025-02-19 22:57:31,637 - ************************************************************   Imputation Task   ************************************************************
2025-02-19 22:57:31,637 - Evaluate on pems08_flow_point_imputation:
2025-02-19 22:57:32,245 - masked_mae : 78.0735855102539
2025-02-19 22:57:32,246 - masked_rmse : 104.66496276855469
2025-02-19 22:57:32,248 - masked_mape : 0.7473382353782654
2025-02-19 22:57:32,248 - Evaluate on pems08_flow_block_imputation:
2025-02-19 22:57:32,846 - masked_mae : 114.2818832397461
2025-02-19 22:57:32,846 - masked_rmse : 139.84194946289062
2025-02-19 22:57:32,847 - masked_mape : 1.2823227643966675
2025-02-19 22:58:06,909 - [Epoch 3] Pretrain Loss: 25.0475
2025-02-19 22:58:06,909 - ************************************************************   Forecasting Task   ************************************************************
2025-02-19 22:58:06,909 - Evaluate on pems08_flow_short_term_forecasting:
2025-02-19 22:58:10,604 - masked_mae : 17.605640411376953
2025-02-19 22:58:10,612 - masked_rmse : 28.3189754486084
2025-02-19 22:58:10,626 - masked_mape : 0.2062056064605713
2025-02-19 22:58:10,627 - Evaluate on pems08_flow_long_term_forecasting:
2025-02-19 22:58:16,697 - masked_mae : 20.25341796875
2025-02-19 22:58:16,722 - masked_rmse : 32.1256103515625
2025-02-19 22:58:16,771 - masked_mape : 0.23072172701358795
2025-02-19 22:58:16,771 - ************************************************************   Imputation Task   ************************************************************
2025-02-19 22:58:16,771 - Evaluate on pems08_flow_point_imputation:
2025-02-19 22:58:17,380 - masked_mae : 70.03126525878906
2025-02-19 22:58:17,381 - masked_rmse : 97.98397064208984
2025-02-19 22:58:17,382 - masked_mape : 0.6876435875892639
2025-02-19 22:58:17,382 - Evaluate on pems08_flow_block_imputation:
2025-02-19 22:58:17,990 - masked_mae : 107.68258666992188
2025-02-19 22:58:17,990 - masked_rmse : 133.10269165039062
2025-02-19 22:58:17,992 - masked_mape : 1.12911057472229
2025-02-19 22:58:52,160 - [Epoch 4] Pretrain Loss: 24.4310
2025-02-19 22:58:52,161 - ************************************************************   Forecasting Task   ************************************************************
2025-02-19 22:58:52,161 - Evaluate on pems08_flow_short_term_forecasting:
2025-02-19 22:58:55,861 - masked_mae : 19.77067756652832
2025-02-19 22:58:55,869 - masked_rmse : 30.809675216674805
2025-02-19 22:58:55,883 - masked_mape : 0.2494426965713501
2025-02-19 22:58:55,883 - Evaluate on pems08_flow_long_term_forecasting:
2025-02-19 22:59:01,881 - masked_mae : 20.125455856323242
2025-02-19 22:59:01,906 - masked_rmse : 32.00349807739258
2025-02-19 22:59:01,954 - masked_mape : 0.24738585948944092
2025-02-19 22:59:01,955 - ************************************************************   Imputation Task   ************************************************************
2025-02-19 22:59:01,955 - Evaluate on pems08_flow_point_imputation:
2025-02-19 22:59:02,558 - masked_mae : 53.40536117553711
2025-02-19 22:59:02,560 - masked_rmse : 73.3516845703125
2025-02-19 22:59:02,561 - masked_mape : 0.5274182558059692
2025-02-19 22:59:02,562 - Evaluate on pems08_flow_block_imputation:
2025-02-19 22:59:03,161 - masked_mae : 95.75157928466797
2025-02-19 22:59:03,162 - masked_rmse : 118.43038940429688
2025-02-19 22:59:03,164 - masked_mape : 0.966019868850708
2025-02-19 22:59:37,401 - [Epoch 5] Pretrain Loss: 23.9792
2025-02-19 22:59:37,401 - ************************************************************   Forecasting Task   ************************************************************
2025-02-19 22:59:37,401 - Evaluate on pems08_flow_short_term_forecasting:
2025-02-19 22:59:41,063 - masked_mae : 18.756074905395508
2025-02-19 22:59:41,070 - masked_rmse : 29.85377311706543
2025-02-19 22:59:41,085 - masked_mape : 0.22654591500759125
2025-02-19 22:59:41,085 - Evaluate on pems08_flow_long_term_forecasting:
2025-02-19 22:59:47,159 - masked_mae : 18.939489364624023
2025-02-19 22:59:47,184 - masked_rmse : 30.436853408813477
2025-02-19 22:59:47,233 - masked_mape : 0.2212425023317337
2025-02-19 22:59:47,233 - ************************************************************   Imputation Task   ************************************************************
2025-02-19 22:59:47,233 - Evaluate on pems08_flow_point_imputation:
2025-02-19 22:59:47,834 - masked_mae : 53.252437591552734
2025-02-19 22:59:47,835 - masked_rmse : 71.93675994873047
2025-02-19 22:59:47,836 - masked_mape : 0.5282219648361206
2025-02-19 22:59:47,837 - Evaluate on pems08_flow_block_imputation:
2025-02-19 22:59:48,438 - masked_mae : 97.69667053222656
2025-02-19 22:59:48,439 - masked_rmse : 119.74899291992188
2025-02-19 22:59:48,440 - masked_mape : 0.9485443830490112
2025-02-19 23:00:22,579 - [Epoch 6] Pretrain Loss: 23.9414
2025-02-19 23:00:22,579 - ************************************************************   Forecasting Task   ************************************************************
2025-02-19 23:00:22,579 - Evaluate on pems08_flow_short_term_forecasting:
2025-02-19 23:00:26,234 - masked_mae : 18.360986709594727
2025-02-19 23:00:26,242 - masked_rmse : 29.61551856994629
2025-02-19 23:00:26,257 - masked_mape : 0.16973994672298431
2025-02-19 23:00:26,257 - Evaluate on pems08_flow_long_term_forecasting:
2025-02-19 23:00:32,291 - masked_mae : 19.533945083618164
2025-02-19 23:00:32,316 - masked_rmse : 30.997642517089844
2025-02-19 23:00:32,364 - masked_mape : 0.2036159634590149
2025-02-19 23:00:32,365 - ************************************************************   Imputation Task   ************************************************************
2025-02-19 23:00:32,365 - Evaluate on pems08_flow_point_imputation:
2025-02-19 23:00:32,991 - masked_mae : 56.14427185058594
2025-02-19 23:00:32,992 - masked_rmse : 74.2668685913086
2025-02-19 23:00:32,994 - masked_mape : 0.6024649143218994
2025-02-19 23:00:32,994 - Evaluate on pems08_flow_block_imputation:
2025-02-19 23:00:33,833 - masked_mae : 112.79550170898438
2025-02-19 23:00:33,834 - masked_rmse : 136.9120635986328
2025-02-19 23:00:33,835 - masked_mape : 1.0556004047393799
2025-02-19 23:01:07,737 - [Epoch 7] Pretrain Loss: 23.7808
2025-02-19 23:01:07,738 - ************************************************************   Forecasting Task   ************************************************************
2025-02-19 23:01:07,738 - Evaluate on pems08_flow_short_term_forecasting:
2025-02-19 23:01:11,628 - masked_mae : 18.483644485473633
2025-02-19 23:01:11,636 - masked_rmse : 29.29953956604004
2025-02-19 23:01:11,650 - masked_mape : 0.19927197694778442
2025-02-19 23:01:11,650 - Evaluate on pems08_flow_long_term_forecasting:
2025-02-19 23:01:17,660 - masked_mae : 18.782228469848633
2025-02-19 23:01:17,686 - masked_rmse : 30.147369384765625
2025-02-19 23:01:17,734 - masked_mape : 0.20423220098018646
2025-02-19 23:01:17,734 - ************************************************************   Imputation Task   ************************************************************
2025-02-19 23:01:17,734 - Evaluate on pems08_flow_point_imputation:
2025-02-19 23:01:18,360 - masked_mae : 46.51376724243164
2025-02-19 23:01:18,361 - masked_rmse : 62.829803466796875
2025-02-19 23:01:18,362 - masked_mape : 0.4656659960746765
2025-02-19 23:01:18,362 - Evaluate on pems08_flow_block_imputation:
2025-02-19 23:01:18,963 - masked_mae : 99.84169006347656
2025-02-19 23:01:18,964 - masked_rmse : 123.27487182617188
2025-02-19 23:01:18,966 - masked_mape : 0.8780737519264221
2025-02-19 23:01:52,989 - [Epoch 8] Pretrain Loss: 23.5095
2025-02-19 23:01:52,990 - ************************************************************   Forecasting Task   ************************************************************
2025-02-19 23:01:52,990 - Evaluate on pems08_flow_short_term_forecasting:
2025-02-19 23:01:56,661 - masked_mae : 18.291780471801758
2025-02-19 23:01:56,668 - masked_rmse : 29.073396682739258
2025-02-19 23:01:56,683 - masked_mape : 0.21484684944152832
2025-02-19 23:01:56,683 - Evaluate on pems08_flow_long_term_forecasting:
2025-02-19 23:02:02,923 - masked_mae : 18.64111328125
2025-02-19 23:02:02,949 - masked_rmse : 30.110488891601562
2025-02-19 23:02:02,997 - masked_mape : 0.20715868473052979
2025-02-19 23:02:02,997 - ************************************************************   Imputation Task   ************************************************************
2025-02-19 23:02:02,997 - Evaluate on pems08_flow_point_imputation:
2025-02-19 23:02:03,622 - masked_mae : 45.52503967285156
2025-02-19 23:02:03,623 - masked_rmse : 61.25218963623047
2025-02-19 23:02:03,624 - masked_mape : 0.43941304087638855
2025-02-19 23:02:03,624 - Evaluate on pems08_flow_block_imputation:
2025-02-19 23:02:04,232 - masked_mae : 97.7061538696289
2025-02-19 23:02:04,233 - masked_rmse : 119.7824478149414
2025-02-19 23:02:04,234 - masked_mape : 0.8404266834259033
2025-02-19 23:02:38,278 - [Epoch 9] Pretrain Loss: 23.4503
2025-02-19 23:02:38,279 - ************************************************************   Forecasting Task   ************************************************************
2025-02-19 23:02:38,279 - Evaluate on pems08_flow_short_term_forecasting:
2025-02-19 23:02:41,967 - masked_mae : 17.59695053100586
2025-02-19 23:02:41,975 - masked_rmse : 28.222625732421875
2025-02-19 23:02:41,989 - masked_mape : 0.19591207802295685
2025-02-19 23:02:41,989 - Evaluate on pems08_flow_long_term_forecasting:
2025-02-19 23:02:48,091 - masked_mae : 18.396133422851562
2025-02-19 23:02:48,117 - masked_rmse : 29.845726013183594
2025-02-19 23:02:48,165 - masked_mape : 0.19203990697860718
2025-02-19 23:02:48,165 - ************************************************************   Imputation Task   ************************************************************
2025-02-19 23:02:48,166 - Evaluate on pems08_flow_point_imputation:
2025-02-19 23:02:48,786 - masked_mae : 45.610260009765625
2025-02-19 23:02:48,787 - masked_rmse : 61.333290100097656
2025-02-19 23:02:48,789 - masked_mape : 0.4281965494155884
2025-02-19 23:02:48,789 - Evaluate on pems08_flow_block_imputation:
2025-02-19 23:02:49,406 - masked_mae : 95.297607421875
2025-02-19 23:02:49,407 - masked_rmse : 116.65542602539062
2025-02-19 23:02:49,408 - masked_mape : 0.8032832741737366
2025-02-19 23:03:23,483 - [Epoch 10] Pretrain Loss: 23.4729
2025-02-19 23:03:23,483 - ************************************************************   Forecasting Task   ************************************************************
2025-02-19 23:03:23,483 - Evaluate on pems08_flow_short_term_forecasting:
2025-02-19 23:03:27,160 - masked_mae : 17.725011825561523
2025-02-19 23:03:27,168 - masked_rmse : 28.581443786621094
2025-02-19 23:03:27,182 - masked_mape : 0.18823009729385376
2025-02-19 23:03:27,182 - Evaluate on pems08_flow_long_term_forecasting:
2025-02-19 23:03:33,434 - masked_mae : 18.36956024169922
2025-02-19 23:03:33,460 - masked_rmse : 29.78297233581543
2025-02-19 23:03:33,508 - masked_mape : 0.1895030289888382
2025-02-19 23:03:33,508 - ************************************************************   Imputation Task   ************************************************************
2025-02-19 23:03:33,509 - Evaluate on pems08_flow_point_imputation:
2025-02-19 23:03:34,118 - masked_mae : 41.78441619873047
2025-02-19 23:03:34,119 - masked_rmse : 57.11274337768555
2025-02-19 23:03:34,121 - masked_mape : 0.41999635100364685
2025-02-19 23:03:34,121 - Evaluate on pems08_flow_block_imputation:
2025-02-19 23:03:34,721 - masked_mae : 88.60613250732422
2025-02-19 23:03:34,722 - masked_rmse : 109.03401184082031
2025-02-19 23:03:34,723 - masked_mape : 0.7698522806167603
2025-02-19 23:07:34,385 - logger name:log/foundation/urbanfm_downstream/dataset_ratio_100.0%/model_layer_4_4/42/record.log
2025-02-19 23:08:22,754 - [Epoch 1] Pretrain Loss: 39.4957
2025-02-19 23:08:22,755 - ************************************************************   Forecasting Task   ************************************************************
2025-02-19 23:08:22,755 - Evaluate on pems08_flow_short_term_forecasting:
2025-02-19 23:08:26,435 - masked_mae : 20.19173240661621
2025-02-19 23:08:26,438 - masked_rmse : 32.03114700317383
2025-02-19 23:08:26,460 - masked_mape : 0.24967055022716522
2025-02-19 23:08:26,460 - Evaluate on pems08_flow_long_term_forecasting:
2025-02-19 23:08:32,446 - masked_mae : 27.520187377929688
2025-02-19 23:08:32,452 - masked_rmse : 43.08388137817383
2025-02-19 23:08:32,461 - masked_mape : 0.2977074086666107
2025-02-19 23:08:32,462 - ************************************************************   Imputation Task   ************************************************************
2025-02-19 23:08:32,462 - Evaluate on pems08_flow_point_imputation:
2025-02-19 23:08:33,063 - masked_mae : 81.3680419921875
2025-02-19 23:08:33,063 - masked_rmse : 110.73218536376953
2025-02-19 23:08:33,065 - masked_mape : 0.8273380994796753
2025-02-19 23:08:33,066 - Evaluate on pems08_flow_block_imputation:
2025-02-19 23:08:33,661 - masked_mae : 100.24131774902344
2025-02-19 23:08:33,661 - masked_rmse : 124.63706970214844
2025-02-19 23:08:33,663 - masked_mape : 1.2428818941116333
2025-02-19 23:09:07,591 - [Epoch 2] Pretrain Loss: 26.7564
2025-02-19 23:09:07,592 - ************************************************************   Forecasting Task   ************************************************************
2025-02-19 23:09:07,592 - Evaluate on pems08_flow_short_term_forecasting:
2025-02-19 23:09:11,469 - masked_mae : 21.776884078979492
2025-02-19 23:09:11,471 - masked_rmse : 33.998836517333984
2025-02-19 23:09:11,476 - masked_mape : 0.2477727085351944
2025-02-19 23:09:11,477 - Evaluate on pems08_flow_long_term_forecasting:
2025-02-19 23:09:17,446 - masked_mae : 27.413606643676758
2025-02-19 23:09:17,451 - masked_rmse : 41.96115493774414
2025-02-19 23:09:17,461 - masked_mape : 0.2498255968093872
2025-02-19 23:09:17,461 - ************************************************************   Imputation Task   ************************************************************
2025-02-19 23:09:17,461 - Evaluate on pems08_flow_point_imputation:
2025-02-19 23:09:18,075 - masked_mae : 78.0735855102539
2025-02-19 23:09:18,076 - masked_rmse : 104.66496276855469
2025-02-19 23:09:18,077 - masked_mape : 0.7473382353782654
2025-02-19 23:09:18,078 - Evaluate on pems08_flow_block_imputation:
2025-02-19 23:09:18,688 - masked_mae : 114.2818832397461
2025-02-19 23:09:18,689 - masked_rmse : 139.84194946289062
2025-02-19 23:09:18,690 - masked_mape : 1.2823227643966675
2025-02-19 23:09:52,584 - [Epoch 3] Pretrain Loss: 25.0475
2025-02-19 23:09:52,584 - ************************************************************   Forecasting Task   ************************************************************
2025-02-19 23:09:52,584 - Evaluate on pems08_flow_short_term_forecasting:
2025-02-19 23:09:56,239 - masked_mae : 20.32036590576172
2025-02-19 23:09:56,241 - masked_rmse : 32.09596633911133
2025-02-19 23:09:56,246 - masked_mape : 0.24257320165634155
2025-02-19 23:09:56,247 - Evaluate on pems08_flow_long_term_forecasting:
2025-02-19 23:10:02,253 - masked_mae : 23.466215133666992
2025-02-19 23:10:02,258 - masked_rmse : 37.31399154663086
2025-02-19 23:10:02,268 - masked_mape : 0.2550116777420044
2025-02-19 23:10:02,268 - ************************************************************   Imputation Task   ************************************************************
2025-02-19 23:10:02,268 - Evaluate on pems08_flow_point_imputation:
2025-02-19 23:10:02,868 - masked_mae : 70.03126525878906
2025-02-19 23:10:02,870 - masked_rmse : 97.98397064208984
2025-02-19 23:10:02,871 - masked_mape : 0.6876435875892639
2025-02-19 23:10:02,871 - Evaluate on pems08_flow_block_imputation:
2025-02-19 23:10:03,468 - masked_mae : 107.68258666992188
2025-02-19 23:10:03,469 - masked_rmse : 133.10269165039062
2025-02-19 23:10:03,470 - masked_mape : 1.12911057472229
2025-02-19 23:10:37,555 - [Epoch 4] Pretrain Loss: 24.4310
2025-02-19 23:10:37,556 - ************************************************************   Forecasting Task   ************************************************************
2025-02-19 23:10:37,556 - Evaluate on pems08_flow_short_term_forecasting:
2025-02-19 23:10:41,218 - masked_mae : 21.558473587036133
2025-02-19 23:10:41,221 - masked_rmse : 33.503204345703125
2025-02-19 23:10:41,225 - masked_mape : 0.2782091796398163
2025-02-19 23:10:41,226 - Evaluate on pems08_flow_long_term_forecasting:
2025-02-19 23:10:47,204 - masked_mae : 22.991662979125977
2025-02-19 23:10:47,210 - masked_rmse : 36.819332122802734
2025-02-19 23:10:47,219 - masked_mape : 0.26884761452674866
2025-02-19 23:10:47,220 - ************************************************************   Imputation Task   ************************************************************
2025-02-19 23:10:47,220 - Evaluate on pems08_flow_point_imputation:
2025-02-19 23:10:47,843 - masked_mae : 53.40536117553711
2025-02-19 23:10:47,845 - masked_rmse : 73.3516845703125
2025-02-19 23:10:47,846 - masked_mape : 0.5274182558059692
2025-02-19 23:10:47,847 - Evaluate on pems08_flow_block_imputation:
2025-02-19 23:10:48,457 - masked_mae : 95.75157928466797
2025-02-19 23:10:48,458 - masked_rmse : 118.43038940429688
2025-02-19 23:10:48,460 - masked_mape : 0.966019868850708
2025-02-19 23:11:22,687 - [Epoch 5] Pretrain Loss: 23.9792
2025-02-19 23:11:22,687 - ************************************************************   Forecasting Task   ************************************************************
2025-02-19 23:11:22,687 - Evaluate on pems08_flow_short_term_forecasting:
2025-02-19 23:11:26,336 - masked_mae : 21.0950927734375
2025-02-19 23:11:26,338 - masked_rmse : 33.174991607666016
2025-02-19 23:11:26,343 - masked_mape : 0.2626040279865265
2025-02-19 23:11:26,344 - Evaluate on pems08_flow_long_term_forecasting:
2025-02-19 23:11:32,342 - masked_mae : 22.525833129882812
2025-02-19 23:11:32,347 - masked_rmse : 36.063899993896484
2025-02-19 23:11:32,356 - masked_mape : 0.24779881536960602
2025-02-19 23:11:32,357 - ************************************************************   Imputation Task   ************************************************************
2025-02-19 23:11:32,357 - Evaluate on pems08_flow_point_imputation:
2025-02-19 23:11:32,966 - masked_mae : 53.252437591552734
2025-02-19 23:11:32,967 - masked_rmse : 71.93675994873047
2025-02-19 23:11:32,969 - masked_mape : 0.5282219648361206
2025-02-19 23:11:32,969 - Evaluate on pems08_flow_block_imputation:
2025-02-19 23:11:33,576 - masked_mae : 97.69667053222656
2025-02-19 23:11:33,577 - masked_rmse : 119.74899291992188
2025-02-19 23:11:33,578 - masked_mape : 0.9485443830490112
2025-02-19 23:12:07,814 - [Epoch 6] Pretrain Loss: 23.9414
2025-02-19 23:12:07,814 - ************************************************************   Forecasting Task   ************************************************************
2025-02-19 23:12:07,814 - Evaluate on pems08_flow_short_term_forecasting:
2025-02-19 23:12:11,488 - masked_mae : 19.874601364135742
2025-02-19 23:12:11,491 - masked_rmse : 32.20491027832031
2025-02-19 23:12:11,497 - masked_mape : 0.183085635304451
2025-02-19 23:12:11,497 - Evaluate on pems08_flow_long_term_forecasting:
2025-02-19 23:12:17,549 - masked_mae : 23.514352798461914
2025-02-19 23:12:17,554 - masked_rmse : 36.987728118896484
2025-02-19 23:12:17,564 - masked_mape : 0.22752994298934937
2025-02-19 23:12:17,564 - ************************************************************   Imputation Task   ************************************************************
2025-02-19 23:12:17,564 - Evaluate on pems08_flow_point_imputation:
2025-02-19 23:12:18,168 - masked_mae : 56.14427185058594
2025-02-19 23:12:18,169 - masked_rmse : 74.2668685913086
2025-02-19 23:12:18,171 - masked_mape : 0.6024649143218994
2025-02-19 23:12:18,171 - Evaluate on pems08_flow_block_imputation:
2025-02-19 23:12:18,989 - masked_mae : 112.79550170898438
2025-02-19 23:12:18,990 - masked_rmse : 136.9120635986328
2025-02-19 23:12:18,991 - masked_mape : 1.0556004047393799
2025-02-19 23:12:52,936 - [Epoch 7] Pretrain Loss: 23.7808
2025-02-19 23:12:52,937 - ************************************************************   Forecasting Task   ************************************************************
2025-02-19 23:12:52,937 - Evaluate on pems08_flow_short_term_forecasting:
2025-02-19 23:12:56,848 - masked_mae : 20.23150062561035
2025-02-19 23:12:56,852 - masked_rmse : 31.88004493713379
2025-02-19 23:12:56,858 - masked_mape : 0.22746038436889648
2025-02-19 23:12:56,858 - Evaluate on pems08_flow_long_term_forecasting:
2025-02-19 23:13:02,863 - masked_mae : 22.070810317993164
2025-02-19 23:13:02,868 - masked_rmse : 35.47295379638672
2025-02-19 23:13:02,878 - masked_mape : 0.2311258465051651
2025-02-19 23:13:02,878 - ************************************************************   Imputation Task   ************************************************************
2025-02-19 23:13:02,878 - Evaluate on pems08_flow_point_imputation:
2025-02-19 23:13:03,477 - masked_mae : 46.51376724243164
2025-02-19 23:13:03,479 - masked_rmse : 62.829803466796875
2025-02-19 23:13:03,480 - masked_mape : 0.4656659960746765
2025-02-19 23:13:03,480 - Evaluate on pems08_flow_block_imputation:
2025-02-19 23:13:04,076 - masked_mae : 99.84169006347656
2025-02-19 23:13:04,077 - masked_rmse : 123.27487182617188
2025-02-19 23:13:04,078 - masked_mape : 0.8780737519264221
2025-02-19 23:13:38,140 - [Epoch 8] Pretrain Loss: 23.5095
2025-02-19 23:13:38,141 - ************************************************************   Forecasting Task   ************************************************************
2025-02-19 23:13:38,141 - Evaluate on pems08_flow_short_term_forecasting:
2025-02-19 23:13:41,797 - masked_mae : 19.980627059936523
2025-02-19 23:13:41,799 - masked_rmse : 31.595787048339844
2025-02-19 23:13:41,804 - masked_mape : 0.24307942390441895
2025-02-19 23:13:41,805 - Evaluate on pems08_flow_long_term_forecasting:
2025-02-19 23:13:48,040 - masked_mae : 22.23976707458496
2025-02-19 23:13:48,046 - masked_rmse : 35.670833587646484
2025-02-19 23:13:48,055 - masked_mape : 0.23806460201740265
2025-02-19 23:13:48,056 - ************************************************************   Imputation Task   ************************************************************
2025-02-19 23:13:48,056 - Evaluate on pems08_flow_point_imputation:
2025-02-19 23:13:48,666 - masked_mae : 45.52503967285156
2025-02-19 23:13:48,667 - masked_rmse : 61.25218963623047
2025-02-19 23:13:48,669 - masked_mape : 0.43941304087638855
2025-02-19 23:13:48,669 - Evaluate on pems08_flow_block_imputation:
2025-02-19 23:13:49,271 - masked_mae : 97.7061538696289
2025-02-19 23:13:49,272 - masked_rmse : 119.7824478149414
2025-02-19 23:13:49,274 - masked_mape : 0.8404266834259033
2025-02-19 23:14:23,280 - [Epoch 9] Pretrain Loss: 23.4503
2025-02-19 23:14:23,281 - ************************************************************   Forecasting Task   ************************************************************
2025-02-19 23:14:23,281 - Evaluate on pems08_flow_short_term_forecasting:
2025-02-19 23:14:26,951 - masked_mae : 19.84286880493164
2025-02-19 23:14:26,953 - masked_rmse : 31.514142990112305
2025-02-19 23:14:26,958 - masked_mape : 0.22741156816482544
2025-02-19 23:14:26,959 - Evaluate on pems08_flow_long_term_forecasting:
2025-02-19 23:14:32,951 - masked_mae : 22.436294555664062
2025-02-19 23:14:32,957 - masked_rmse : 35.843814849853516
2025-02-19 23:14:32,966 - masked_mape : 0.2216539829969406
2025-02-19 23:14:32,967 - ************************************************************   Imputation Task   ************************************************************
2025-02-19 23:14:32,967 - Evaluate on pems08_flow_point_imputation:
2025-02-19 23:14:33,578 - masked_mae : 45.610260009765625
2025-02-19 23:14:33,580 - masked_rmse : 61.333290100097656
2025-02-19 23:14:33,581 - masked_mape : 0.4281965494155884
2025-02-19 23:14:33,581 - Evaluate on pems08_flow_block_imputation:
2025-02-19 23:14:34,188 - masked_mae : 95.297607421875
2025-02-19 23:14:34,189 - masked_rmse : 116.65542602539062
2025-02-19 23:14:34,190 - masked_mape : 0.8032832741737366
2025-02-19 23:15:08,121 - [Epoch 10] Pretrain Loss: 23.4729
2025-02-19 23:15:08,121 - ************************************************************   Forecasting Task   ************************************************************
2025-02-19 23:15:08,121 - Evaluate on pems08_flow_short_term_forecasting:
2025-02-19 23:15:11,789 - masked_mae : 19.51978874206543
2025-02-19 23:15:11,792 - masked_rmse : 31.243379592895508
2025-02-19 23:15:11,797 - masked_mape : 0.21400685608386993
2025-02-19 23:15:11,797 - Evaluate on pems08_flow_long_term_forecasting:
2025-02-19 23:15:18,016 - masked_mae : 21.887908935546875
2025-02-19 23:15:18,021 - masked_rmse : 35.407222747802734
2025-02-19 23:15:18,030 - masked_mape : 0.21480822563171387
2025-02-19 23:15:18,031 - ************************************************************   Imputation Task   ************************************************************
2025-02-19 23:15:18,031 - Evaluate on pems08_flow_point_imputation:
2025-02-19 23:15:18,646 - masked_mae : 41.78441619873047
2025-02-19 23:15:18,648 - masked_rmse : 57.11274337768555
2025-02-19 23:15:18,649 - masked_mape : 0.41999635100364685
2025-02-19 23:15:18,650 - Evaluate on pems08_flow_block_imputation:
2025-02-19 23:15:19,246 - masked_mae : 88.60613250732422
2025-02-19 23:15:19,247 - masked_rmse : 109.03401184082031
2025-02-19 23:15:19,249 - masked_mape : 0.7698522806167603
