2026-02-08 01:35:28,036 - logger name:log/foundation/urbanfm_downstream/dataset_ratio_100.0%/model_layer_8_8/43/record.log
2026-02-08 01:59:52,746 - 
============================== Model Parameters ==============================
2026-02-08 01:59:52,748 - Total Parameters: 800,065 (≈ 0.80 M or ≈ 0.00 B)
2026-02-08 01:59:52,749 - Trainable Parameters: 800,065 (≈ 0.80 M or ≈ 0.00 B)
2026-02-08 01:59:52,749 - ========================================================================

2026-02-08 05:22:11,206 - [Epoch 1] Pretrain Loss: 0.0160
2026-02-08 08:54:44,697 - [Epoch 2] Pretrain Loss: 0.0000
2026-02-08 12:49:23,147 - [Epoch 3] Pretrain Loss: 0.0000
2026-02-08 17:33:32,656 - [Epoch 4] Pretrain Loss: 0.0000
2026-02-08 22:24:41,223 - [Epoch 5] Pretrain Loss: 0.0000
2026-02-08 22:24:41,226 - ************************************************************   Forecasting Task   ************************************************************
2026-02-08 22:24:41,226 - Evaluate on pems03_flow_short_term_forecasting:
2026-02-08 22:27:51,191 - masked_mae : 0.0
2026-02-08 22:27:51,204 - masked_rmse : 0.0
2026-02-08 22:27:51,317 - masked_mape : 0.0
2026-02-08 22:27:51,320 - Evaluate on pems03_flow_long_term_forecasting:
2026-02-08 22:31:32,150 - masked_mae : 0.0
2026-02-08 22:31:32,193 - masked_rmse : 0.0
2026-02-08 22:31:32,282 - masked_mape : 0.0
2026-02-08 22:31:32,289 - Evaluate on pems04_flow_short_term_forecasting:
2026-02-08 22:33:10,140 - masked_mae : 0.0
2026-02-08 22:33:10,149 - masked_rmse : 0.0
2026-02-08 22:33:10,164 - masked_mape : 0.0
2026-02-08 22:33:10,168 - Evaluate on pems04_flow_long_term_forecasting:
2026-02-08 22:34:46,671 - masked_mae : 0.0
2026-02-08 22:34:46,694 - masked_rmse : 0.0
2026-02-08 22:34:46,737 - masked_mape : 0.0
2026-02-08 22:34:46,739 - Evaluate on pems07_flow_short_term_forecasting:
2026-02-08 22:42:11,748 - masked_mae : 0.0
2026-02-08 22:42:11,776 - masked_rmse : 0.0
2026-02-08 22:42:11,824 - masked_mape : 0.0
2026-02-08 22:42:11,834 - Evaluate on pems07_flow_long_term_forecasting:
2026-02-08 22:49:36,075 - masked_mae : 0.0
2026-02-08 22:49:36,165 - masked_rmse : 0.0
2026-02-08 22:49:36,352 - masked_mape : 0.0
2026-02-08 22:49:36,369 - Evaluate on pems08_flow_short_term_forecasting:
2026-02-08 22:50:45,569 - masked_mae : 0.0
2026-02-08 22:50:45,581 - masked_rmse : 0.0
2026-02-08 22:50:45,593 - masked_mape : 0.0
2026-02-08 22:50:45,595 - Evaluate on pems08_flow_long_term_forecasting:
2026-02-08 22:51:56,916 - masked_mae : 0.0
2026-02-08 22:51:56,935 - masked_rmse : 0.0
2026-02-08 22:51:56,978 - masked_mape : 0.0
2026-02-08 22:51:56,984 - Evaluate on occpairs_occupancy_short_term_forecasting:
2026-02-08 22:55:39,861 - masked_mae : 0.0
2026-02-08 22:55:39,874 - masked_rmse : 0.0
2026-02-08 22:55:39,894 - masked_mape : 0.0
2026-02-08 22:55:39,899 - Evaluate on occpairs_occupancy_long_term_forecasting:
2026-02-08 22:58:48,105 - masked_mae : 0.0
2026-02-08 22:58:48,148 - masked_rmse : 0.0
2026-02-08 22:58:48,226 - masked_mape : 0.0
2026-02-08 22:58:48,232 - Evaluate on occhamburg_occupancy_short_term_forecasting:
2026-02-08 23:00:54,534 - masked_mae : 0.0
2026-02-08 23:00:54,547 - masked_rmse : 0.0
2026-02-08 23:00:54,574 - masked_mape : 0.0
2026-02-08 23:00:54,578 - Evaluate on occhamburg_occupancy_long_term_forecasting:
2026-02-08 23:03:05,396 - masked_mae : 0.0
2026-02-08 23:03:05,426 - masked_rmse : 0.0
2026-02-08 23:03:05,492 - masked_mape : 0.0
2026-02-08 23:03:05,496 - Evaluate on pemsbay_speed_short_term_forecasting:
2026-02-08 23:08:25,938 - masked_mae : 0.0
2026-02-08 23:08:25,957 - masked_rmse : 0.0
2026-02-08 23:08:25,999 - masked_mape : 0.0
2026-02-08 23:08:26,019 - Evaluate on pemsbay_speed_long_term_forecasting:
2026-02-08 23:13:58,480 - masked_mae : 0.0
2026-02-08 23:13:58,545 - masked_rmse : 0.0
2026-02-08 23:13:58,667 - masked_mape : 0.0
2026-02-08 23:13:58,685 - Evaluate on metrla_speed_short_term_forecasting:
2026-02-08 23:16:20,196 - masked_mae : 0.0
2026-02-08 23:16:20,206 - masked_rmse : 0.0
2026-02-08 23:16:20,230 - masked_mape : 0.0
2026-02-08 23:16:20,237 - Evaluate on metrla_speed_long_term_forecasting:
2026-02-08 23:18:32,040 - masked_mae : 0.0
2026-02-08 23:18:32,068 - masked_rmse : 0.0
2026-02-08 23:18:32,128 - masked_mape : 0.0
2026-02-08 23:18:32,134 - Evaluate on trafficsh_speed_short_term_forecasting:
2026-02-08 23:21:25,887 - masked_mae : 0.0
2026-02-08 23:21:25,919 - masked_rmse : 0.0
2026-02-08 23:21:25,941 - masked_mape : 0.0
2026-02-08 23:21:25,961 - Evaluate on trafficsh_speed_long_term_forecasting:
2026-02-08 23:23:47,939 - masked_mae : 0.0
2026-02-08 23:23:47,969 - masked_rmse : 0.0
2026-02-08 23:23:48,032 - masked_mape : 0.0
2026-02-08 23:23:48,044 - Evaluate on bikenyc_inflow_short_term_forecasting:
2026-02-08 23:25:04,326 - masked_mae : 0.0
2026-02-08 23:25:04,338 - masked_rmse : 0.0
2026-02-08 23:25:04,356 - masked_mape : 0.0
2026-02-08 23:25:04,362 - Evaluate on bikenyc_inflow_long_term_forecasting:
2026-02-08 23:26:19,781 - masked_mae : 0.0
2026-02-08 23:26:19,795 - masked_rmse : 0.0
2026-02-08 23:26:19,849 - masked_mape : 0.0
2026-02-08 23:26:19,851 - Evaluate on taxinyc_inflow_short_term_forecasting:
2026-02-08 23:27:29,218 - masked_mae : 0.0
2026-02-08 23:27:29,228 - masked_rmse : 0.0
2026-02-08 23:27:29,251 - masked_mape : 0.0
2026-02-08 23:27:29,255 - Evaluate on taxinyc_inflow_long_term_forecasting:
2026-02-08 23:28:39,580 - masked_mae : 0.0
2026-02-08 23:28:39,594 - masked_rmse : 0.0
2026-02-08 23:28:39,622 - masked_mape : 0.0
2026-02-08 23:28:39,623 - Evaluate on tdrive_inflow_short_term_forecasting:
2026-02-08 23:38:28,469 - masked_mae : 0.0
2026-02-08 23:38:28,500 - masked_rmse : 0.0
2026-02-08 23:38:28,559 - masked_mape : 0.0
2026-02-08 23:38:28,585 - Evaluate on tdrive_inflow_long_term_forecasting:
2026-02-08 23:48:16,799 - masked_mae : 0.0
2026-02-08 23:48:16,919 - masked_rmse : 0.0
2026-02-08 23:48:17,148 - masked_mape : 0.0
2026-02-08 23:48:17,178 - ************************************************************   Imputation Task   ************************************************************
2026-02-08 23:48:17,180 - Evaluate on pems03_flow_point_imputation:
2026-02-08 23:48:35,134 - masked_mae : 0.0
2026-02-08 23:48:35,285 - masked_rmse : 0.0
2026-02-08 23:48:35,648 - masked_mre : nan
2026-02-08 23:48:35,650 - Evaluate on pems03_flow_block_imputation:
2026-02-08 23:48:51,986 - masked_mae : 0.0
2026-02-08 23:48:51,989 - masked_rmse : 0.0
2026-02-08 23:48:51,998 - masked_mre : nan
2026-02-08 23:48:51,998 - Evaluate on pems04_flow_point_imputation:
2026-02-08 23:49:06,816 - masked_mae : 0.0
2026-02-08 23:49:06,928 - masked_rmse : 0.0
2026-02-08 23:49:07,110 - masked_mre : nan
2026-02-08 23:49:07,111 - Evaluate on pems04_flow_block_imputation:
2026-02-08 23:49:23,605 - masked_mae : 0.0
2026-02-08 23:49:23,727 - masked_rmse : 0.0
2026-02-08 23:49:23,933 - masked_mre : nan
2026-02-08 23:49:23,935 - Evaluate on pems07_flow_point_imputation:
2026-02-08 23:49:45,038 - masked_mae : 0.0
2026-02-08 23:49:45,043 - masked_rmse : 0.0
2026-02-08 23:49:45,063 - masked_mre : nan
2026-02-08 23:49:45,064 - Evaluate on pems07_flow_block_imputation:
2026-02-08 23:50:16,107 - masked_mae : 0.0
2026-02-08 23:50:16,243 - masked_rmse : 0.0
2026-02-08 23:50:16,435 - masked_mre : nan
2026-02-08 23:50:16,436 - Evaluate on pems08_flow_point_imputation:
2026-02-08 23:50:32,620 - masked_mae : 0.0
2026-02-08 23:50:32,628 - masked_rmse : 0.0
2026-02-08 23:50:32,631 - masked_mre : nan
2026-02-08 23:50:32,631 - Evaluate on pems08_flow_block_imputation:
2026-02-08 23:50:50,242 - masked_mae : 0.0
2026-02-08 23:50:50,263 - masked_rmse : 0.0
2026-02-08 23:50:50,269 - masked_mre : nan
2026-02-09 04:49:52,875 - [Epoch 6] Pretrain Loss: 0.0000
2026-02-09 04:49:52,878 - ************************************************************   Forecasting Task   ************************************************************
2026-02-09 04:49:52,878 - Evaluate on pems03_flow_short_term_forecasting:
2026-02-09 04:53:05,608 - masked_mae : 0.0
2026-02-09 04:53:05,621 - masked_rmse : 0.0
2026-02-09 04:53:05,643 - masked_mape : 0.0
2026-02-09 04:53:05,650 - Evaluate on pems03_flow_long_term_forecasting:
2026-02-09 04:56:54,356 - masked_mae : 0.0
2026-02-09 04:56:54,405 - masked_rmse : 0.0
2026-02-09 04:56:54,508 - masked_mape : 0.0
2026-02-09 04:56:54,512 - Evaluate on pems04_flow_short_term_forecasting:
2026-02-09 04:58:45,373 - masked_mae : 0.0
2026-02-09 04:58:45,383 - masked_rmse : 0.0
2026-02-09 04:58:45,404 - masked_mape : 0.0
2026-02-09 04:58:45,416 - Evaluate on pems04_flow_long_term_forecasting:
2026-02-09 05:00:25,866 - masked_mae : 0.0
2026-02-09 05:00:25,903 - masked_rmse : 0.0
2026-02-09 05:00:25,949 - masked_mape : 0.0
2026-02-09 05:00:25,952 - Evaluate on pems07_flow_short_term_forecasting:
2026-02-09 05:09:28,769 - masked_mae : 0.0
2026-02-09 05:09:28,794 - masked_rmse : 0.0
2026-02-09 05:09:28,847 - masked_mape : 0.0
2026-02-09 05:09:28,870 - Evaluate on pems07_flow_long_term_forecasting:
2026-02-09 05:17:42,716 - masked_mae : 0.0
2026-02-09 05:17:42,813 - masked_rmse : 0.0
2026-02-09 05:17:43,000 - masked_mape : 0.0
2026-02-09 05:17:43,042 - Evaluate on pems08_flow_short_term_forecasting:
2026-02-09 05:18:39,522 - masked_mae : 0.0
2026-02-09 05:18:39,531 - masked_rmse : 0.0
2026-02-09 05:18:39,557 - masked_mape : 0.0
2026-02-09 05:18:39,567 - Evaluate on pems08_flow_long_term_forecasting:
2026-02-09 05:19:41,804 - masked_mae : 0.0
2026-02-09 05:19:41,843 - masked_rmse : 0.0
2026-02-09 05:19:41,899 - masked_mape : 0.0
2026-02-09 05:19:41,901 - Evaluate on occpairs_occupancy_short_term_forecasting:
2026-02-09 05:24:13,019 - masked_mae : 0.0
2026-02-09 05:24:13,032 - masked_rmse : 0.0
2026-02-09 05:24:13,063 - masked_mape : 0.0
2026-02-09 05:24:13,077 - Evaluate on occpairs_occupancy_long_term_forecasting:
2026-02-09 05:27:34,078 - masked_mae : 0.0
2026-02-09 05:27:34,132 - masked_rmse : 0.0
2026-02-09 05:27:34,217 - masked_mape : 0.0
2026-02-09 05:27:34,224 - Evaluate on occhamburg_occupancy_short_term_forecasting:
2026-02-09 05:29:35,442 - masked_mae : 0.0
2026-02-09 05:29:35,450 - masked_rmse : 0.0
2026-02-09 05:29:35,464 - masked_mape : 0.0
2026-02-09 05:29:35,467 - Evaluate on occhamburg_occupancy_long_term_forecasting:
2026-02-09 05:31:57,260 - masked_mae : 0.0
2026-02-09 05:31:57,307 - masked_rmse : 0.0
2026-02-09 05:31:57,358 - masked_mape : 0.0
2026-02-09 05:31:57,361 - Evaluate on pemsbay_speed_short_term_forecasting:
2026-02-09 05:36:27,231 - masked_mae : 0.0
2026-02-09 05:36:27,250 - masked_rmse : 0.0
2026-02-09 05:36:27,284 - masked_mape : 0.0
2026-02-09 05:36:27,305 - Evaluate on pemsbay_speed_long_term_forecasting:
2026-02-09 05:41:35,760 - masked_mae : 0.0
2026-02-09 05:41:35,824 - masked_rmse : 0.0
2026-02-09 05:41:35,949 - masked_mape : 0.0
2026-02-09 05:41:35,994 - Evaluate on metrla_speed_short_term_forecasting:
2026-02-09 05:43:20,403 - masked_mae : 0.0
2026-02-09 05:43:20,412 - masked_rmse : 0.0
2026-02-09 05:43:20,427 - masked_mape : 0.0
2026-02-09 05:43:20,431 - Evaluate on metrla_speed_long_term_forecasting:
2026-02-09 05:45:14,735 - masked_mae : 0.0
2026-02-09 05:45:14,761 - masked_rmse : 0.0
2026-02-09 05:45:14,811 - masked_mape : 0.0
2026-02-09 05:45:14,814 - Evaluate on trafficsh_speed_short_term_forecasting:
2026-02-09 05:47:30,937 - masked_mae : 0.0
2026-02-09 05:47:30,946 - masked_rmse : 0.0
2026-02-09 05:47:30,963 - masked_mape : 0.0
2026-02-09 05:47:30,969 - Evaluate on trafficsh_speed_long_term_forecasting:
2026-02-09 05:49:18,949 - masked_mae : 0.0
2026-02-09 05:49:18,980 - masked_rmse : 0.0
2026-02-09 05:49:19,040 - masked_mape : 0.0
2026-02-09 05:49:19,046 - Evaluate on bikenyc_inflow_short_term_forecasting:
2026-02-09 05:50:15,797 - masked_mae : 0.0
2026-02-09 05:50:15,828 - masked_rmse : 0.0
2026-02-09 05:50:15,838 - masked_mape : 0.0
2026-02-09 05:50:15,840 - Evaluate on bikenyc_inflow_long_term_forecasting:
2026-02-09 05:51:17,600 - masked_mae : 0.0
2026-02-09 05:51:17,615 - masked_rmse : 0.0
2026-02-09 05:51:17,664 - masked_mape : 0.0
2026-02-09 05:51:17,675 - Evaluate on taxinyc_inflow_short_term_forecasting:
2026-02-09 05:52:15,410 - masked_mae : 0.0
2026-02-09 05:52:15,415 - masked_rmse : 0.0
2026-02-09 05:52:15,423 - masked_mape : 0.0
2026-02-09 05:52:15,425 - Evaluate on taxinyc_inflow_long_term_forecasting:
2026-02-09 05:53:13,726 - masked_mae : 0.0
2026-02-09 05:53:13,746 - masked_rmse : 0.0
2026-02-09 05:53:13,782 - masked_mape : 0.0
2026-02-09 05:53:13,784 - Evaluate on tdrive_inflow_short_term_forecasting:
2026-02-09 06:01:26,372 - masked_mae : 0.0
2026-02-09 06:01:26,401 - masked_rmse : 0.0
2026-02-09 06:01:26,457 - masked_mape : 0.0
2026-02-09 06:01:26,471 - Evaluate on tdrive_inflow_long_term_forecasting:
2026-02-09 06:10:38,772 - masked_mae : 0.0
2026-02-09 06:10:38,882 - masked_rmse : 0.0
2026-02-09 06:10:39,089 - masked_mape : 0.0
2026-02-09 06:10:39,101 - ************************************************************   Imputation Task   ************************************************************
2026-02-09 06:10:39,102 - Evaluate on pems03_flow_point_imputation:
2026-02-09 06:11:00,628 - masked_mae : 0.0
2026-02-09 06:11:00,937 - masked_rmse : 0.0
2026-02-09 06:11:01,241 - masked_mre : nan
2026-02-09 06:11:01,243 - Evaluate on pems03_flow_block_imputation:
2026-02-09 06:11:21,276 - masked_mae : 0.0
2026-02-09 06:11:21,278 - masked_rmse : 0.0
2026-02-09 06:11:21,287 - masked_mre : nan
2026-02-09 06:11:21,288 - Evaluate on pems04_flow_point_imputation:
2026-02-09 06:11:41,229 - masked_mae : 0.0
2026-02-09 06:11:41,234 - masked_rmse : 0.0
2026-02-09 06:11:41,240 - masked_mre : nan
2026-02-09 06:11:41,241 - Evaluate on pems04_flow_block_imputation:
2026-02-09 06:11:57,065 - masked_mae : 0.0
2026-02-09 06:11:57,067 - masked_rmse : 0.0
2026-02-09 06:11:57,073 - masked_mre : nan
2026-02-09 06:11:57,073 - Evaluate on pems07_flow_point_imputation:
2026-02-09 06:12:17,943 - masked_mae : 0.0
2026-02-09 06:12:17,948 - masked_rmse : 0.0
2026-02-09 06:12:18,151 - masked_mre : nan
2026-02-09 06:12:18,155 - Evaluate on pems07_flow_block_imputation:
2026-02-09 06:12:41,401 - masked_mae : 0.0
2026-02-09 06:12:41,423 - masked_rmse : 0.0
2026-02-09 06:12:41,514 - masked_mre : nan
2026-02-09 06:12:41,515 - Evaluate on pems08_flow_point_imputation:
2026-02-09 06:12:57,856 - masked_mae : 0.0
2026-02-09 06:12:57,949 - masked_rmse : 0.0
2026-02-09 06:12:57,965 - masked_mre : nan
2026-02-09 06:12:57,965 - Evaluate on pems08_flow_block_imputation:
2026-02-09 06:13:13,868 - masked_mae : 0.0
2026-02-09 06:13:13,991 - masked_rmse : 0.0
2026-02-09 06:13:14,017 - masked_mre : nan
2026-02-09 11:07:03,629 - [Epoch 7] Pretrain Loss: 0.0000
2026-02-09 11:07:03,632 - ************************************************************   Forecasting Task   ************************************************************
2026-02-09 11:07:03,632 - Evaluate on pems03_flow_short_term_forecasting:
2026-02-09 11:09:27,846 - masked_mae : 0.0
2026-02-09 11:09:27,867 - masked_rmse : 0.0
2026-02-09 11:09:27,888 - masked_mape : 0.0
2026-02-09 11:09:27,893 - Evaluate on pems03_flow_long_term_forecasting:
2026-02-09 11:12:54,427 - masked_mae : 0.0
2026-02-09 11:12:54,467 - masked_rmse : 0.0
2026-02-09 11:12:54,532 - masked_mape : 0.0
2026-02-09 11:12:54,535 - Evaluate on pems04_flow_short_term_forecasting:
2026-02-09 11:14:40,138 - masked_mae : 0.0
2026-02-09 11:14:40,151 - masked_rmse : 0.0
2026-02-09 11:14:40,171 - masked_mape : 0.0
2026-02-09 11:14:40,174 - Evaluate on pems04_flow_long_term_forecasting:
2026-02-09 11:16:15,874 - masked_mae : 0.0
2026-02-09 11:16:15,901 - masked_rmse : 0.0
2026-02-09 11:16:15,954 - masked_mape : 0.0
2026-02-09 11:16:15,957 - Evaluate on pems07_flow_short_term_forecasting:
2026-02-09 11:23:30,942 - masked_mae : 0.0
2026-02-09 11:23:30,969 - masked_rmse : 0.0
2026-02-09 11:23:31,018 - masked_mape : 0.0
2026-02-09 11:23:31,036 - Evaluate on pems07_flow_long_term_forecasting:
2026-02-09 11:30:37,352 - masked_mae : 0.0
2026-02-09 11:30:37,444 - masked_rmse : 0.0
2026-02-09 11:30:37,617 - masked_mape : 0.0
2026-02-09 11:30:37,645 - Evaluate on pems08_flow_short_term_forecasting:
2026-02-09 11:31:41,854 - masked_mae : 0.0
2026-02-09 11:31:41,861 - masked_rmse : 0.0
2026-02-09 11:31:41,875 - masked_mape : 0.0
2026-02-09 11:31:41,878 - Evaluate on pems08_flow_long_term_forecasting:
2026-02-09 11:32:49,353 - masked_mae : 0.0
2026-02-09 11:32:49,366 - masked_rmse : 0.0
2026-02-09 11:32:49,397 - masked_mape : 0.0
2026-02-09 11:32:49,401 - Evaluate on occpairs_occupancy_short_term_forecasting:
2026-02-09 11:36:34,475 - masked_mae : 0.0
2026-02-09 11:36:34,490 - masked_rmse : 0.0
2026-02-09 11:36:34,513 - masked_mape : 0.0
2026-02-09 11:36:34,518 - Evaluate on occpairs_occupancy_long_term_forecasting:
2026-02-09 11:39:33,054 - masked_mae : 0.0
2026-02-09 11:39:33,093 - masked_rmse : 0.0
2026-02-09 11:39:33,167 - masked_mape : 0.0
2026-02-09 11:39:33,172 - Evaluate on occhamburg_occupancy_short_term_forecasting:
2026-02-09 11:41:32,000 - masked_mae : 0.0
2026-02-09 11:41:32,011 - masked_rmse : 0.0
2026-02-09 11:41:32,054 - masked_mape : 0.0
2026-02-09 11:41:32,074 - Evaluate on occhamburg_occupancy_long_term_forecasting:
2026-02-09 11:43:52,406 - masked_mae : 0.0
2026-02-09 11:43:52,436 - masked_rmse : 0.0
2026-02-09 11:43:52,494 - masked_mape : 0.0
2026-02-09 11:43:52,500 - Evaluate on pemsbay_speed_short_term_forecasting:
2026-02-09 11:48:48,141 - masked_mae : 0.0
2026-02-09 11:48:48,158 - masked_rmse : 0.0
2026-02-09 11:48:48,192 - masked_mape : 0.0
2026-02-09 11:48:48,208 - Evaluate on pemsbay_speed_long_term_forecasting:
2026-02-09 11:54:07,184 - masked_mae : 0.0
2026-02-09 11:54:07,258 - masked_rmse : 0.0
2026-02-09 11:54:07,380 - masked_mape : 0.0
2026-02-09 11:54:07,411 - Evaluate on metrla_speed_short_term_forecasting:
2026-02-09 11:56:09,686 - masked_mae : 0.0
2026-02-09 11:56:09,700 - masked_rmse : 0.0
2026-02-09 11:56:09,724 - masked_mape : 0.0
2026-02-09 11:56:09,730 - Evaluate on metrla_speed_long_term_forecasting:
2026-02-09 11:58:12,487 - masked_mae : 0.0
2026-02-09 11:58:12,522 - masked_rmse : 0.0
2026-02-09 11:58:12,584 - masked_mape : 0.0
2026-02-09 11:58:12,586 - Evaluate on trafficsh_speed_short_term_forecasting:
2026-02-09 12:01:00,648 - masked_mae : 0.0
2026-02-09 12:01:00,662 - masked_rmse : 0.0
2026-02-09 12:01:00,685 - masked_mape : 0.0
2026-02-09 12:01:00,694 - Evaluate on trafficsh_speed_long_term_forecasting:
2026-02-09 12:03:29,741 - masked_mae : 0.0
2026-02-09 12:03:29,777 - masked_rmse : 0.0
2026-02-09 12:03:29,839 - masked_mape : 0.0
2026-02-09 12:03:29,843 - Evaluate on bikenyc_inflow_short_term_forecasting:
2026-02-09 12:04:41,155 - masked_mae : 0.0
2026-02-09 12:04:41,162 - masked_rmse : 0.0
2026-02-09 12:04:41,184 - masked_mape : 0.0
2026-02-09 12:04:41,192 - Evaluate on bikenyc_inflow_long_term_forecasting:
2026-02-09 12:05:52,354 - masked_mae : 0.0
2026-02-09 12:05:52,370 - masked_rmse : 0.0
2026-02-09 12:05:52,399 - masked_mape : 0.0
2026-02-09 12:05:52,401 - Evaluate on taxinyc_inflow_short_term_forecasting:
2026-02-09 12:07:06,766 - masked_mae : 0.0
2026-02-09 12:07:06,772 - masked_rmse : 0.0
2026-02-09 12:07:06,780 - masked_mape : 0.0
2026-02-09 12:07:06,782 - Evaluate on taxinyc_inflow_long_term_forecasting:
2026-02-09 12:08:17,989 - masked_mae : 0.0
2026-02-09 12:08:18,019 - masked_rmse : 0.0
2026-02-09 12:08:18,070 - masked_mape : 0.0
2026-02-09 12:08:18,074 - Evaluate on tdrive_inflow_short_term_forecasting:
2026-02-09 12:17:37,741 - masked_mae : 0.0
2026-02-09 12:17:37,773 - masked_rmse : 0.0
2026-02-09 12:17:37,828 - masked_mape : 0.0
2026-02-09 12:17:37,837 - Evaluate on tdrive_inflow_long_term_forecasting:
2026-02-09 12:26:43,368 - masked_mae : 0.0
2026-02-09 12:26:43,491 - masked_rmse : 0.0
2026-02-09 12:26:43,695 - masked_mape : 0.0
2026-02-09 12:26:43,714 - ************************************************************   Imputation Task   ************************************************************
2026-02-09 12:26:43,716 - Evaluate on pems03_flow_point_imputation:
2026-02-09 12:27:02,678 - masked_mae : 0.0
2026-02-09 12:27:02,681 - masked_rmse : 0.0
2026-02-09 12:27:02,697 - masked_mre : nan
2026-02-09 12:27:02,698 - Evaluate on pems03_flow_block_imputation:
2026-02-09 12:27:22,654 - masked_mae : 0.0
2026-02-09 12:27:22,657 - masked_rmse : 0.0
2026-02-09 12:27:22,707 - masked_mre : nan
2026-02-09 12:27:22,708 - Evaluate on pems04_flow_point_imputation:
2026-02-09 12:27:40,223 - masked_mae : 0.0
2026-02-09 12:27:40,227 - masked_rmse : 0.0
2026-02-09 12:27:40,237 - masked_mre : nan
2026-02-09 12:27:40,237 - Evaluate on pems04_flow_block_imputation:
2026-02-09 12:27:57,176 - masked_mae : 0.0
2026-02-09 12:27:57,347 - masked_rmse : 0.0
2026-02-09 12:27:57,501 - masked_mre : nan
2026-02-09 12:27:57,501 - Evaluate on pems07_flow_point_imputation:
2026-02-09 12:28:24,167 - masked_mae : 0.0
2026-02-09 12:28:24,387 - masked_rmse : 0.0
2026-02-09 12:28:24,595 - masked_mre : nan
2026-02-09 12:28:24,596 - Evaluate on pems07_flow_block_imputation:
2026-02-09 12:28:49,500 - masked_mae : 0.0
2026-02-09 12:28:49,778 - masked_rmse : 0.0
2026-02-09 12:28:49,796 - masked_mre : nan
2026-02-09 12:28:49,797 - Evaluate on pems08_flow_point_imputation:
2026-02-09 12:29:08,665 - masked_mae : 0.0
2026-02-09 12:29:08,687 - masked_rmse : 0.0
2026-02-09 12:29:08,693 - masked_mre : nan
2026-02-09 12:29:08,694 - Evaluate on pems08_flow_block_imputation:
2026-02-09 12:29:31,430 - masked_mae : 0.0
2026-02-09 12:29:31,584 - masked_rmse : 0.0
2026-02-09 12:29:31,840 - masked_mre : nan
2026-02-09 16:39:36,941 - [Epoch 8] Pretrain Loss: 0.0000
2026-02-09 16:39:36,945 - ************************************************************   Forecasting Task   ************************************************************
2026-02-09 16:39:36,945 - Evaluate on pems03_flow_short_term_forecasting:
2026-02-09 16:41:25,430 - masked_mae : 0.0
2026-02-09 16:41:25,441 - masked_rmse : 0.0
2026-02-09 16:41:25,461 - masked_mape : 0.0
2026-02-09 16:41:25,465 - Evaluate on pems03_flow_long_term_forecasting:
2026-02-09 16:43:33,123 - masked_mae : 0.0
2026-02-09 16:43:33,159 - masked_rmse : 0.0
2026-02-09 16:43:33,225 - masked_mape : 0.0
2026-02-09 16:43:33,228 - Evaluate on pems04_flow_short_term_forecasting:
2026-02-09 16:44:41,183 - masked_mae : 0.0
2026-02-09 16:44:41,191 - masked_rmse : 0.0
2026-02-09 16:44:41,206 - masked_mape : 0.0
2026-02-09 16:44:41,209 - Evaluate on pems04_flow_long_term_forecasting:
2026-02-09 16:45:50,142 - masked_mae : 0.0
2026-02-09 16:45:50,163 - masked_rmse : 0.0
2026-02-09 16:45:50,203 - masked_mape : 0.0
2026-02-09 16:45:50,205 - Evaluate on pems07_flow_short_term_forecasting:
2026-02-09 16:50:41,656 - masked_mae : 0.0
2026-02-09 16:50:41,681 - masked_rmse : 0.0
2026-02-09 16:50:41,726 - masked_mape : 0.0
2026-02-09 16:50:41,734 - Evaluate on pems07_flow_long_term_forecasting:
2026-02-09 16:55:26,091 - masked_mae : 0.0
2026-02-09 16:55:26,178 - masked_rmse : 0.0
2026-02-09 16:55:26,343 - masked_mape : 0.0
2026-02-09 16:55:26,353 - Evaluate on pems08_flow_short_term_forecasting:
2026-02-09 16:56:11,084 - masked_mae : 0.0
2026-02-09 16:56:11,094 - masked_rmse : 0.0
2026-02-09 16:56:11,110 - masked_mape : 0.0
2026-02-09 16:56:11,112 - Evaluate on pems08_flow_long_term_forecasting:
2026-02-09 16:56:55,063 - masked_mae : 0.0
2026-02-09 16:56:55,080 - masked_rmse : 0.0
2026-02-09 16:56:55,109 - masked_mape : 0.0
2026-02-09 16:56:55,110 - Evaluate on occpairs_occupancy_short_term_forecasting:
2026-02-09 16:59:13,191 - masked_mae : 0.0
2026-02-09 16:59:13,203 - masked_rmse : 0.0
2026-02-09 16:59:13,226 - masked_mape : 0.0
2026-02-09 16:59:13,230 - Evaluate on occpairs_occupancy_long_term_forecasting:
2026-02-09 17:01:16,083 - masked_mae : 0.0
2026-02-09 17:01:16,123 - masked_rmse : 0.0
2026-02-09 17:01:16,197 - masked_mape : 0.0
2026-02-09 17:01:16,201 - Evaluate on occhamburg_occupancy_short_term_forecasting:
2026-02-09 17:02:44,042 - masked_mae : 0.0
2026-02-09 17:02:44,052 - masked_rmse : 0.0
2026-02-09 17:02:44,069 - masked_mape : 0.0
2026-02-09 17:02:44,073 - Evaluate on occhamburg_occupancy_long_term_forecasting:
2026-02-09 17:04:27,823 - masked_mae : 0.0
2026-02-09 17:04:27,851 - masked_rmse : 0.0
2026-02-09 17:04:27,903 - masked_mape : 0.0
2026-02-09 17:04:27,905 - Evaluate on pemsbay_speed_short_term_forecasting:
2026-02-09 17:07:39,187 - masked_mae : 0.0
2026-02-09 17:07:39,205 - masked_rmse : 0.0
2026-02-09 17:07:39,238 - masked_mape : 0.0
2026-02-09 17:07:39,250 - Evaluate on pemsbay_speed_long_term_forecasting:
2026-02-09 17:11:07,410 - masked_mae : 0.0
2026-02-09 17:11:07,471 - masked_rmse : 0.0
2026-02-09 17:11:07,590 - masked_mape : 0.0
2026-02-09 17:11:07,595 - Evaluate on metrla_speed_short_term_forecasting:
2026-02-09 17:12:32,725 - masked_mae : 0.0
2026-02-09 17:12:32,734 - masked_rmse : 0.0
2026-02-09 17:12:32,752 - masked_mape : 0.0
2026-02-09 17:12:32,755 - Evaluate on metrla_speed_long_term_forecasting:
2026-02-09 17:13:58,120 - masked_mae : 0.0
2026-02-09 17:13:58,148 - masked_rmse : 0.0
2026-02-09 17:13:58,203 - masked_mape : 0.0
2026-02-09 17:13:58,206 - Evaluate on trafficsh_speed_short_term_forecasting:
2026-02-09 17:15:44,238 - masked_mae : 0.0
2026-02-09 17:15:44,247 - masked_rmse : 0.0
2026-02-09 17:15:44,265 - masked_mape : 0.0
2026-02-09 17:15:44,269 - Evaluate on trafficsh_speed_long_term_forecasting:
2026-02-09 17:17:13,595 - masked_mae : 0.0
2026-02-09 17:17:13,623 - masked_rmse : 0.0
2026-02-09 17:17:13,676 - masked_mape : 0.0
2026-02-09 17:17:13,679 - Evaluate on bikenyc_inflow_short_term_forecasting:
2026-02-09 17:18:00,420 - masked_mae : 0.0
2026-02-09 17:18:00,425 - masked_rmse : 0.0
2026-02-09 17:18:00,433 - masked_mape : 0.0
2026-02-09 17:18:00,434 - Evaluate on bikenyc_inflow_long_term_forecasting:
2026-02-09 17:18:48,071 - masked_mae : 0.0
2026-02-09 17:18:48,086 - masked_rmse : 0.0
2026-02-09 17:18:48,113 - masked_mape : 0.0
2026-02-09 17:18:48,114 - Evaluate on taxinyc_inflow_short_term_forecasting:
2026-02-09 17:19:38,120 - masked_mae : 0.0
2026-02-09 17:19:38,125 - masked_rmse : 0.0
2026-02-09 17:19:38,133 - masked_mape : 0.0
2026-02-09 17:19:38,134 - Evaluate on taxinyc_inflow_long_term_forecasting:
2026-02-09 17:20:26,116 - masked_mae : 0.0
2026-02-09 17:20:26,134 - masked_rmse : 0.0
2026-02-09 17:20:26,166 - masked_mape : 0.0
2026-02-09 17:20:26,167 - Evaluate on tdrive_inflow_short_term_forecasting:
2026-02-09 17:26:18,189 - masked_mae : 0.0
2026-02-09 17:26:18,220 - masked_rmse : 0.0
2026-02-09 17:26:18,276 - masked_mape : 0.0
2026-02-09 17:26:18,285 - Evaluate on tdrive_inflow_long_term_forecasting:
2026-02-09 17:32:08,659 - masked_mae : 0.0
2026-02-09 17:32:08,765 - masked_rmse : 0.0
2026-02-09 17:32:08,967 - masked_mape : 0.0
2026-02-09 17:32:08,980 - ************************************************************   Imputation Task   ************************************************************
2026-02-09 17:32:08,981 - Evaluate on pems03_flow_point_imputation:
2026-02-09 17:32:22,762 - masked_mae : 0.0
2026-02-09 17:32:22,768 - masked_rmse : 0.0
2026-02-09 17:32:22,773 - masked_mre : nan
2026-02-09 17:32:22,774 - Evaluate on pems03_flow_block_imputation:
2026-02-09 17:32:36,515 - masked_mae : 0.0
2026-02-09 17:32:36,517 - masked_rmse : 0.0
2026-02-09 17:32:36,527 - masked_mre : nan
2026-02-09 17:32:36,527 - Evaluate on pems04_flow_point_imputation:
2026-02-09 17:32:49,232 - masked_mae : 0.0
2026-02-09 17:32:49,236 - masked_rmse : 0.0
2026-02-09 17:32:49,246 - masked_mre : nan
2026-02-09 17:32:49,246 - Evaluate on pems04_flow_block_imputation:
2026-02-09 17:33:01,908 - masked_mae : 0.0
2026-02-09 17:33:01,924 - masked_rmse : 0.0
2026-02-09 17:33:01,931 - masked_mre : nan
2026-02-09 17:33:01,931 - Evaluate on pems07_flow_point_imputation:
2026-02-09 17:33:18,563 - masked_mae : 0.0
2026-02-09 17:33:18,567 - masked_rmse : 0.0
2026-02-09 17:33:18,587 - masked_mre : nan
2026-02-09 17:33:18,588 - Evaluate on pems07_flow_block_imputation:
2026-02-09 17:33:35,389 - masked_mae : 0.0
2026-02-09 17:33:35,393 - masked_rmse : 0.0
2026-02-09 17:33:35,411 - masked_mre : nan
2026-02-09 17:33:35,412 - Evaluate on pems08_flow_point_imputation:
2026-02-09 17:33:47,659 - masked_mae : 0.0
2026-02-09 17:33:47,661 - masked_rmse : 0.0
2026-02-09 17:33:47,668 - masked_mre : nan
2026-02-09 17:33:47,669 - Evaluate on pems08_flow_block_imputation:
2026-02-09 17:33:59,938 - masked_mae : 0.0
2026-02-09 17:33:59,941 - masked_rmse : 0.0
2026-02-09 17:33:59,948 - masked_mre : nan
2026-02-09 20:30:22,696 - [Epoch 9] Pretrain Loss: 0.0000
2026-02-09 20:30:22,698 - ************************************************************   Forecasting Task   ************************************************************
2026-02-09 20:30:22,698 - Evaluate on pems03_flow_short_term_forecasting:
2026-02-09 20:32:12,773 - masked_mae : 0.0
2026-02-09 20:32:12,784 - masked_rmse : 0.0
2026-02-09 20:32:12,810 - masked_mape : 0.0
2026-02-09 20:32:12,815 - Evaluate on pems03_flow_long_term_forecasting:
2026-02-09 20:34:19,553 - masked_mae : 0.0
2026-02-09 20:34:19,588 - masked_rmse : 0.0
2026-02-09 20:34:19,656 - masked_mape : 0.0
2026-02-09 20:34:19,660 - Evaluate on pems04_flow_short_term_forecasting:
2026-02-09 20:35:27,756 - masked_mae : 0.0
2026-02-09 20:35:27,764 - masked_rmse : 0.0
2026-02-09 20:35:27,779 - masked_mape : 0.0
2026-02-09 20:35:27,782 - Evaluate on pems04_flow_long_term_forecasting:
2026-02-09 20:36:35,375 - masked_mae : 0.0
2026-02-09 20:36:35,398 - masked_rmse : 0.0
2026-02-09 20:36:35,440 - masked_mape : 0.0
2026-02-09 20:36:35,442 - Evaluate on pems07_flow_short_term_forecasting:
2026-02-09 20:41:20,443 - masked_mae : 0.0
2026-02-09 20:41:20,468 - masked_rmse : 0.0
2026-02-09 20:41:20,517 - masked_mape : 0.0
2026-02-09 20:41:20,527 - Evaluate on pems07_flow_long_term_forecasting:
2026-02-09 20:46:11,245 - masked_mae : 0.0
2026-02-09 20:46:11,330 - masked_rmse : 0.0
2026-02-09 20:46:11,493 - masked_mape : 0.0
2026-02-09 20:46:11,500 - Evaluate on pems08_flow_short_term_forecasting:
2026-02-09 20:46:56,703 - masked_mae : 0.0
2026-02-09 20:46:56,710 - masked_rmse : 0.0
2026-02-09 20:46:56,723 - masked_mape : 0.0
2026-02-09 20:46:56,725 - Evaluate on pems08_flow_long_term_forecasting:
2026-02-09 20:47:41,621 - masked_mae : 0.0
2026-02-09 20:47:41,637 - masked_rmse : 0.0
2026-02-09 20:47:41,667 - masked_mape : 0.0
2026-02-09 20:47:41,669 - Evaluate on occpairs_occupancy_short_term_forecasting:
2026-02-09 20:50:03,030 - masked_mae : 0.0
2026-02-09 20:50:03,043 - masked_rmse : 0.0
2026-02-09 20:50:03,065 - masked_mape : 0.0
2026-02-09 20:50:03,071 - Evaluate on occpairs_occupancy_long_term_forecasting:
2026-02-09 20:52:06,856 - masked_mae : 0.0
2026-02-09 20:52:06,896 - masked_rmse : 0.0
2026-02-09 20:52:06,969 - masked_mape : 0.0
2026-02-09 20:52:06,973 - Evaluate on occhamburg_occupancy_short_term_forecasting:
2026-02-09 20:53:36,773 - masked_mae : 0.0
2026-02-09 20:53:36,782 - masked_rmse : 0.0
2026-02-09 20:53:36,800 - masked_mape : 0.0
2026-02-09 20:53:36,804 - Evaluate on occhamburg_occupancy_long_term_forecasting:
2026-02-09 20:55:20,926 - masked_mae : 0.0
2026-02-09 20:55:20,955 - masked_rmse : 0.0
2026-02-09 20:55:21,006 - masked_mape : 0.0
2026-02-09 20:55:21,009 - Evaluate on pemsbay_speed_short_term_forecasting:
2026-02-09 20:58:40,040 - masked_mae : 0.0
2026-02-09 20:58:40,058 - masked_rmse : 0.0
2026-02-09 20:58:40,091 - masked_mape : 0.0
2026-02-09 20:58:40,098 - Evaluate on pemsbay_speed_long_term_forecasting:
2026-02-09 21:02:15,314 - masked_mae : 0.0
2026-02-09 21:02:15,374 - masked_rmse : 0.0
2026-02-09 21:02:15,492 - masked_mape : 0.0
2026-02-09 21:02:15,498 - Evaluate on metrla_speed_short_term_forecasting:
2026-02-09 21:03:44,459 - masked_mae : 0.0
2026-02-09 21:03:44,469 - masked_rmse : 0.0
2026-02-09 21:03:44,486 - masked_mape : 0.0
2026-02-09 21:03:44,491 - Evaluate on metrla_speed_long_term_forecasting:
2026-02-09 21:05:11,529 - masked_mae : 0.0
2026-02-09 21:05:11,558 - masked_rmse : 0.0
2026-02-09 21:05:11,609 - masked_mape : 0.0
2026-02-09 21:05:11,611 - Evaluate on trafficsh_speed_short_term_forecasting:
2026-02-09 21:06:58,108 - masked_mae : 0.0
2026-02-09 21:06:58,118 - masked_rmse : 0.0
2026-02-09 21:06:58,135 - masked_mape : 0.0
2026-02-09 21:06:58,140 - Evaluate on trafficsh_speed_long_term_forecasting:
2026-02-09 21:08:27,908 - masked_mae : 0.0
2026-02-09 21:08:27,937 - masked_rmse : 0.0
2026-02-09 21:08:27,989 - masked_mape : 0.0
2026-02-09 21:08:27,992 - Evaluate on bikenyc_inflow_short_term_forecasting:
2026-02-09 21:09:18,811 - masked_mae : 0.0
2026-02-09 21:09:18,816 - masked_rmse : 0.0
2026-02-09 21:09:18,825 - masked_mape : 0.0
2026-02-09 21:09:18,827 - Evaluate on bikenyc_inflow_long_term_forecasting:
2026-02-09 21:10:05,826 - masked_mae : 0.0
2026-02-09 21:10:05,843 - masked_rmse : 0.0
2026-02-09 21:10:05,876 - masked_mape : 0.0
2026-02-09 21:10:05,877 - Evaluate on taxinyc_inflow_short_term_forecasting:
2026-02-09 21:10:53,861 - masked_mae : 0.0
2026-02-09 21:10:53,867 - masked_rmse : 0.0
2026-02-09 21:10:53,878 - masked_mape : 0.0
2026-02-09 21:10:53,880 - Evaluate on taxinyc_inflow_long_term_forecasting:
2026-02-09 21:11:39,997 - masked_mae : 0.0
2026-02-09 21:11:40,015 - masked_rmse : 0.0
2026-02-09 21:11:40,047 - masked_mape : 0.0
2026-02-09 21:11:40,049 - Evaluate on tdrive_inflow_short_term_forecasting:
2026-02-09 21:17:43,900 - masked_mae : 0.0
2026-02-09 21:17:43,929 - masked_rmse : 0.0
2026-02-09 21:17:43,985 - masked_mape : 0.0
2026-02-09 21:17:43,993 - Evaluate on tdrive_inflow_long_term_forecasting:
2026-02-09 21:23:43,429 - masked_mae : 0.0
2026-02-09 21:23:43,535 - masked_rmse : 0.0
2026-02-09 21:23:43,739 - masked_mape : 0.0
2026-02-09 21:23:43,753 - ************************************************************   Imputation Task   ************************************************************
2026-02-09 21:23:43,754 - Evaluate on pems03_flow_point_imputation:
2026-02-09 21:23:57,634 - masked_mae : 0.0
2026-02-09 21:23:57,637 - masked_rmse : 0.0
2026-02-09 21:23:57,677 - masked_mre : nan
2026-02-09 21:23:57,678 - Evaluate on pems03_flow_block_imputation:
2026-02-09 21:24:11,513 - masked_mae : 0.0
2026-02-09 21:24:11,516 - masked_rmse : 0.0
2026-02-09 21:24:11,526 - masked_mre : nan
2026-02-09 21:24:11,527 - Evaluate on pems04_flow_point_imputation:
2026-02-09 21:24:24,395 - masked_mae : 0.0
2026-02-09 21:24:24,398 - masked_rmse : 0.0
2026-02-09 21:24:24,409 - masked_mre : nan
2026-02-09 21:24:24,409 - Evaluate on pems04_flow_block_imputation:
2026-02-09 21:24:37,237 - masked_mae : 0.0
2026-02-09 21:24:37,240 - masked_rmse : 0.0
2026-02-09 21:24:37,247 - masked_mre : nan
2026-02-09 21:24:37,247 - Evaluate on pems07_flow_point_imputation:
2026-02-09 21:24:54,454 - masked_mae : 0.0
2026-02-09 21:24:54,459 - masked_rmse : 0.0
2026-02-09 21:24:54,479 - masked_mre : nan
2026-02-09 21:24:54,480 - Evaluate on pems07_flow_block_imputation:
2026-02-09 21:25:11,668 - masked_mae : 0.0
2026-02-09 21:25:11,673 - masked_rmse : 0.0
2026-02-09 21:25:11,693 - masked_mre : nan
2026-02-09 21:25:11,693 - Evaluate on pems08_flow_point_imputation:
2026-02-09 21:25:24,033 - masked_mae : 0.0
2026-02-09 21:25:24,035 - masked_rmse : 0.0
2026-02-09 21:25:24,043 - masked_mre : nan
2026-02-09 21:25:24,043 - Evaluate on pems08_flow_block_imputation:
2026-02-09 21:25:36,444 - masked_mae : 0.0
2026-02-09 21:25:36,451 - masked_rmse : 0.0
2026-02-09 21:25:36,460 - masked_mre : nan
