2026-02-07 06:32:30,801 - logger name:log/foundation/urbanfm_downstream/dataset_ratio_100.0%/model_layer_2_2/42/record.log
2026-02-07 06:34:23,383 - logger name:log/foundation/urbanfm_downstream/dataset_ratio_100.0%/model_layer_2_2/42/record.log
2026-02-07 06:36:09,892 - logger name:log/foundation/urbanfm_downstream/dataset_ratio_100.0%/model_layer_2_2/42/record.log
2026-02-07 06:36:51,289 - logger name:log/foundation/urbanfm_downstream/dataset_ratio_100.0%/model_layer_2_2/42/record.log
2026-02-07 06:37:16,538 - logger name:log/foundation/urbanfm_downstream/dataset_ratio_100.0%/model_layer_2_2/42/record.log
2026-02-07 06:37:59,556 - logger name:log/foundation/urbanfm_downstream/dataset_ratio_100.0%/model_layer_2_2/42/record.log
2026-02-07 06:38:33,089 - logger name:log/foundation/urbanfm_downstream/dataset_ratio_100.0%/model_layer_2_2/42/record.log
2026-02-07 06:42:35,522 - logger name:log/foundation/urbanfm_downstream/dataset_ratio_100.0%/model_layer_2_2/42/record.log
2026-02-07 06:44:23,890 - logger name:log/foundation/urbanfm_downstream/dataset_ratio_100.0%/model_layer_2_2/42/record.log
2026-02-07 06:45:54,804 - logger name:log/foundation/urbanfm_downstream/dataset_ratio_100.0%/model_layer_2_2/42/record.log
2026-02-07 06:52:51,353 - logger name:log/foundation/urbanfm_downstream/dataset_ratio_100.0%/model_layer_2_2/42/record.log
2026-02-07 18:38:23,467 - logger name:log/foundation/urbanfm_downstream/dataset_ratio_100.0%/model_layer_2_2/42/record.log
2026-02-07 19:00:52,306 - 
============================== Model Parameters ==============================
2026-02-07 19:00:52,307 - Total Parameters: 200,257 (≈ 0.20 M or ≈ 0.00 B)
2026-02-07 19:00:52,307 - Trainable Parameters: 200,257 (≈ 0.20 M or ≈ 0.00 B)
2026-02-07 19:00:52,307 - ========================================================================

2026-02-07 20:33:25,370 - logger name:log/foundation/urbanfm_downstream/dataset_ratio_100.0%/model_layer_2_2/42/record.log
2026-02-07 20:55:30,551 - 
============================== Model Parameters ==============================
2026-02-07 20:55:30,552 - Total Parameters: 200,257 (≈ 0.20 M or ≈ 0.00 B)
2026-02-07 20:55:30,552 - Trainable Parameters: 200,257 (≈ 0.20 M or ≈ 0.00 B)
2026-02-07 20:55:30,552 - ========================================================================

2026-02-07 21:22:41,513 - logger name:log/foundation/urbanfm_downstream/dataset_ratio_100.0%/model_layer_2_2/42/record.log
2026-02-07 21:49:17,088 - 
============================== Model Parameters ==============================
2026-02-07 21:49:17,092 - Total Parameters: 200,257 (≈ 0.20 M or ≈ 0.00 B)
2026-02-07 21:49:17,093 - Trainable Parameters: 200,257 (≈ 0.20 M or ≈ 0.00 B)
2026-02-07 21:49:17,094 - ========================================================================

2026-02-07 22:08:53,565 - [Epoch 1] Pretrain Loss: 0.0208
2026-02-07 22:24:19,130 - [Epoch 2] Pretrain Loss: 0.0000
2026-02-07 22:37:35,933 - [Epoch 3] Pretrain Loss: 0.0000
2026-02-07 22:51:47,749 - [Epoch 4] Pretrain Loss: 0.0000
2026-02-07 23:07:16,827 - [Epoch 5] Pretrain Loss: 0.0000
2026-02-07 23:07:16,829 - ************************************************************   Forecasting Task   ************************************************************
2026-02-07 23:07:16,829 - Evaluate on pems03_flow_short_term_forecasting:
2026-02-07 23:07:37,949 - masked_mae : 0.0
2026-02-07 23:07:37,961 - masked_rmse : 0.0
2026-02-07 23:07:38,021 - masked_mape : 0.0
2026-02-07 23:07:38,023 - Evaluate on pems03_flow_long_term_forecasting:
2026-02-07 23:07:58,791 - masked_mae : 0.0
2026-02-07 23:07:58,827 - masked_rmse : 0.0
2026-02-07 23:07:58,894 - masked_mape : 0.0
2026-02-07 23:07:58,897 - Evaluate on pems04_flow_short_term_forecasting:
2026-02-07 23:08:15,607 - masked_mae : 0.0
2026-02-07 23:08:15,614 - masked_rmse : 0.0
2026-02-07 23:08:15,625 - masked_mape : 0.0
2026-02-07 23:08:15,625 - Evaluate on pems04_flow_long_term_forecasting:
2026-02-07 23:08:32,275 - masked_mae : 0.0
2026-02-07 23:08:32,298 - masked_rmse : 0.0
2026-02-07 23:08:32,346 - masked_mape : 0.0
2026-02-07 23:08:32,348 - Evaluate on pems07_flow_short_term_forecasting:
2026-02-07 23:09:06,448 - masked_mae : 0.0
2026-02-07 23:09:06,476 - masked_rmse : 0.0
2026-02-07 23:09:06,524 - masked_mape : 0.0
2026-02-07 23:09:06,531 - Evaluate on pems07_flow_long_term_forecasting:
2026-02-07 23:09:45,854 - masked_mae : 0.0
2026-02-07 23:09:45,942 - masked_rmse : 0.0
2026-02-07 23:09:46,113 - masked_mape : 0.0
2026-02-07 23:09:46,115 - Evaluate on pems08_flow_short_term_forecasting:
2026-02-07 23:10:00,601 - masked_mae : 0.0
2026-02-07 23:10:00,606 - masked_rmse : 0.0
2026-02-07 23:10:00,613 - masked_mape : 0.0
2026-02-07 23:10:00,613 - Evaluate on pems08_flow_long_term_forecasting:
2026-02-07 23:10:15,734 - masked_mae : 0.0
2026-02-07 23:10:15,748 - masked_rmse : 0.0
2026-02-07 23:10:15,776 - masked_mape : 0.0
2026-02-07 23:10:15,777 - Evaluate on occpairs_occupancy_short_term_forecasting:
2026-02-07 23:10:38,121 - masked_mae : 0.0
2026-02-07 23:10:38,133 - masked_rmse : 0.0
2026-02-07 23:10:38,156 - masked_mape : 0.0
2026-02-07 23:10:38,157 - Evaluate on occpairs_occupancy_long_term_forecasting:
2026-02-07 23:11:01,477 - masked_mae : 0.0
2026-02-07 23:11:01,519 - masked_rmse : 0.0
2026-02-07 23:11:01,598 - masked_mape : 0.0
2026-02-07 23:11:01,600 - Evaluate on occhamburg_occupancy_short_term_forecasting:
2026-02-07 23:11:21,185 - masked_mae : 0.0
2026-02-07 23:11:21,195 - masked_rmse : 0.0
2026-02-07 23:11:21,214 - masked_mape : 0.0
2026-02-07 23:11:21,215 - Evaluate on occhamburg_occupancy_long_term_forecasting:
2026-02-07 23:11:41,021 - masked_mae : 0.0
2026-02-07 23:11:41,086 - masked_rmse : 0.0
2026-02-07 23:11:41,165 - masked_mape : 0.0
2026-02-07 23:11:41,167 - Evaluate on pemsbay_speed_short_term_forecasting:
2026-02-07 23:12:10,507 - masked_mae : 0.0
2026-02-07 23:12:10,529 - masked_rmse : 0.0
2026-02-07 23:12:10,598 - masked_mape : 0.0
2026-02-07 23:12:10,600 - Evaluate on pemsbay_speed_long_term_forecasting:
2026-02-07 23:12:42,249 - masked_mae : 0.0
2026-02-07 23:12:42,314 - masked_rmse : 0.0
2026-02-07 23:12:42,438 - masked_mape : 0.0
2026-02-07 23:12:42,439 - Evaluate on metrla_speed_short_term_forecasting:
2026-02-07 23:12:59,626 - masked_mae : 0.0
2026-02-07 23:12:59,634 - masked_rmse : 0.0
2026-02-07 23:12:59,648 - masked_mape : 0.0
2026-02-07 23:12:59,649 - Evaluate on metrla_speed_long_term_forecasting:
2026-02-07 23:13:21,069 - masked_mae : 0.0
2026-02-07 23:13:21,096 - masked_rmse : 0.0
2026-02-07 23:13:21,146 - masked_mape : 0.0
2026-02-07 23:13:21,147 - Evaluate on trafficsh_speed_short_term_forecasting:
2026-02-07 23:13:40,583 - masked_mae : 0.0
2026-02-07 23:13:40,600 - masked_rmse : 0.0
2026-02-07 23:13:40,639 - masked_mape : 0.0
2026-02-07 23:13:40,640 - Evaluate on trafficsh_speed_long_term_forecasting:
2026-02-07 23:14:01,359 - masked_mae : 0.0
2026-02-07 23:14:01,414 - masked_rmse : 0.0
2026-02-07 23:14:01,495 - masked_mape : 0.0
2026-02-07 23:14:01,496 - Evaluate on bikenyc_inflow_short_term_forecasting:
2026-02-07 23:14:17,516 - masked_mae : 0.0
2026-02-07 23:14:17,522 - masked_rmse : 0.0
2026-02-07 23:14:17,533 - masked_mape : 0.0
2026-02-07 23:14:17,534 - Evaluate on bikenyc_inflow_long_term_forecasting:
2026-02-07 23:14:33,558 - masked_mae : 0.0
2026-02-07 23:14:33,577 - masked_rmse : 0.0
2026-02-07 23:14:33,610 - masked_mape : 0.0
2026-02-07 23:14:33,611 - Evaluate on taxinyc_inflow_short_term_forecasting:
2026-02-07 23:14:50,965 - masked_mae : 0.0
2026-02-07 23:14:50,970 - masked_rmse : 0.0
2026-02-07 23:14:50,978 - masked_mape : 0.0
2026-02-07 23:14:50,979 - Evaluate on taxinyc_inflow_long_term_forecasting:
2026-02-07 23:15:06,352 - masked_mae : 0.0
2026-02-07 23:15:06,366 - masked_rmse : 0.0
2026-02-07 23:15:06,399 - masked_mape : 0.0
2026-02-07 23:15:06,400 - Evaluate on tdrive_inflow_short_term_forecasting:
2026-02-07 23:15:47,530 - masked_mae : 0.0
2026-02-07 23:15:47,560 - masked_rmse : 0.0
2026-02-07 23:15:47,615 - masked_mape : 0.0
2026-02-07 23:15:47,618 - Evaluate on tdrive_inflow_long_term_forecasting:
2026-02-07 23:16:38,149 - masked_mae : 0.0
2026-02-07 23:16:38,260 - masked_rmse : 0.0
2026-02-07 23:16:38,473 - masked_mape : 0.0
2026-02-07 23:16:38,477 - ************************************************************   Imputation Task   ************************************************************
2026-02-07 23:16:38,478 - Evaluate on pems03_flow_point_imputation:
2026-02-07 23:16:52,900 - masked_mae : 0.0
2026-02-07 23:16:52,913 - masked_rmse : 0.0
2026-02-07 23:16:53,018 - masked_mre : nan
2026-02-07 23:16:53,018 - Evaluate on pems03_flow_block_imputation:
2026-02-07 23:17:06,161 - masked_mae : 0.0
2026-02-07 23:17:06,333 - masked_rmse : 0.0
2026-02-07 23:17:06,343 - masked_mre : nan
2026-02-07 23:17:06,343 - Evaluate on pems04_flow_point_imputation:
2026-02-07 23:17:18,583 - masked_mae : 0.0
2026-02-07 23:17:18,720 - masked_rmse : 0.0
2026-02-07 23:17:18,730 - masked_mre : nan
2026-02-07 23:17:18,730 - Evaluate on pems04_flow_block_imputation:
2026-02-07 23:17:33,091 - masked_mae : 0.0
2026-02-07 23:17:33,093 - masked_rmse : 0.0
2026-02-07 23:17:33,249 - masked_mre : nan
2026-02-07 23:17:33,250 - Evaluate on pems07_flow_point_imputation:
2026-02-07 23:17:46,647 - masked_mae : 0.0
2026-02-07 23:17:46,670 - masked_rmse : 0.0
2026-02-07 23:17:46,724 - masked_mre : nan
2026-02-07 23:17:46,725 - Evaluate on pems07_flow_block_imputation:
2026-02-07 23:18:00,968 - masked_mae : 0.0
2026-02-07 23:18:00,976 - masked_rmse : 0.0
2026-02-07 23:18:01,085 - masked_mre : nan
2026-02-07 23:18:01,086 - Evaluate on pems08_flow_point_imputation:
2026-02-07 23:18:13,254 - masked_mae : 0.0
2026-02-07 23:18:13,262 - masked_rmse : 0.0
2026-02-07 23:18:13,268 - masked_mre : nan
2026-02-07 23:18:13,269 - Evaluate on pems08_flow_block_imputation:
2026-02-07 23:18:26,408 - masked_mae : 0.0
2026-02-07 23:18:26,538 - masked_rmse : 0.0
2026-02-07 23:18:26,630 - masked_mre : nan
2026-02-07 23:34:22,300 - [Epoch 6] Pretrain Loss: 0.0000
2026-02-07 23:34:22,301 - ************************************************************   Forecasting Task   ************************************************************
2026-02-07 23:34:22,301 - Evaluate on pems03_flow_short_term_forecasting:
2026-02-07 23:34:42,815 - masked_mae : 0.0
2026-02-07 23:34:42,826 - masked_rmse : 0.0
2026-02-07 23:34:42,845 - masked_mape : 0.0
2026-02-07 23:34:42,847 - Evaluate on pems03_flow_long_term_forecasting:
2026-02-07 23:35:05,802 - masked_mae : 0.0
2026-02-07 23:35:05,844 - masked_rmse : 0.0
2026-02-07 23:35:05,913 - masked_mape : 0.0
2026-02-07 23:35:05,914 - Evaluate on pems04_flow_short_term_forecasting:
2026-02-07 23:35:23,945 - masked_mae : 0.0
2026-02-07 23:35:23,951 - masked_rmse : 0.0
2026-02-07 23:35:23,964 - masked_mape : 0.0
2026-02-07 23:35:23,966 - Evaluate on pems04_flow_long_term_forecasting:
2026-02-07 23:35:40,744 - masked_mae : 0.0
2026-02-07 23:35:40,767 - masked_rmse : 0.0
2026-02-07 23:35:40,807 - masked_mape : 0.0
2026-02-07 23:35:40,809 - Evaluate on pems07_flow_short_term_forecasting:
2026-02-07 23:36:19,938 - masked_mae : 0.0
2026-02-07 23:36:19,962 - masked_rmse : 0.0
2026-02-07 23:36:20,015 - masked_mape : 0.0
2026-02-07 23:36:20,018 - Evaluate on pems07_flow_long_term_forecasting:
2026-02-07 23:36:59,940 - masked_mae : 0.0
2026-02-07 23:37:00,034 - masked_rmse : 0.0
2026-02-07 23:37:00,204 - masked_mape : 0.0
2026-02-07 23:37:00,208 - Evaluate on pems08_flow_short_term_forecasting:
2026-02-07 23:37:15,801 - masked_mae : 0.0
2026-02-07 23:37:15,808 - masked_rmse : 0.0
2026-02-07 23:37:15,823 - masked_mape : 0.0
2026-02-07 23:37:15,824 - Evaluate on pems08_flow_long_term_forecasting:
2026-02-07 23:37:33,601 - masked_mae : 0.0
2026-02-07 23:37:33,614 - masked_rmse : 0.0
2026-02-07 23:37:33,643 - masked_mape : 0.0
2026-02-07 23:37:33,645 - Evaluate on occpairs_occupancy_short_term_forecasting:
2026-02-07 23:37:55,637 - masked_mae : 0.0
2026-02-07 23:37:55,654 - masked_rmse : 0.0
2026-02-07 23:37:55,680 - masked_mape : 0.0
2026-02-07 23:37:55,684 - Evaluate on occpairs_occupancy_long_term_forecasting:
2026-02-07 23:38:19,012 - masked_mae : 0.0
2026-02-07 23:38:19,061 - masked_rmse : 0.0
2026-02-07 23:38:19,151 - masked_mape : 0.0
2026-02-07 23:38:19,159 - Evaluate on occhamburg_occupancy_short_term_forecasting:
2026-02-07 23:38:39,609 - masked_mae : 0.0
2026-02-07 23:38:39,618 - masked_rmse : 0.0
2026-02-07 23:38:39,635 - masked_mape : 0.0
2026-02-07 23:38:39,636 - Evaluate on occhamburg_occupancy_long_term_forecasting:
2026-02-07 23:38:58,910 - masked_mae : 0.0
2026-02-07 23:38:58,938 - masked_rmse : 0.0
2026-02-07 23:38:58,994 - masked_mape : 0.0
2026-02-07 23:38:58,995 - Evaluate on pemsbay_speed_short_term_forecasting:
2026-02-07 23:39:28,894 - masked_mae : 0.0
2026-02-07 23:39:28,912 - masked_rmse : 0.0
2026-02-07 23:39:28,943 - masked_mape : 0.0
2026-02-07 23:39:28,945 - Evaluate on pemsbay_speed_long_term_forecasting:
2026-02-07 23:39:58,847 - masked_mae : 0.0
2026-02-07 23:39:58,912 - masked_rmse : 0.0
2026-02-07 23:39:59,035 - masked_mape : 0.0
2026-02-07 23:39:59,038 - Evaluate on metrla_speed_short_term_forecasting:
2026-02-07 23:40:19,956 - masked_mae : 0.0
2026-02-07 23:40:19,972 - masked_rmse : 0.0
2026-02-07 23:40:19,988 - masked_mape : 0.0
2026-02-07 23:40:19,989 - Evaluate on metrla_speed_long_term_forecasting:
2026-02-07 23:40:40,641 - masked_mae : 0.0
2026-02-07 23:40:40,669 - masked_rmse : 0.0
2026-02-07 23:40:40,721 - masked_mape : 0.0
2026-02-07 23:40:40,723 - Evaluate on trafficsh_speed_short_term_forecasting:
2026-02-07 23:41:00,197 - masked_mae : 0.0
2026-02-07 23:41:00,206 - masked_rmse : 0.0
2026-02-07 23:41:00,224 - masked_mape : 0.0
2026-02-07 23:41:00,226 - Evaluate on trafficsh_speed_long_term_forecasting:
2026-02-07 23:41:21,847 - masked_mae : 0.0
2026-02-07 23:41:21,876 - masked_rmse : 0.0
2026-02-07 23:41:21,930 - masked_mape : 0.0
2026-02-07 23:41:21,933 - Evaluate on bikenyc_inflow_short_term_forecasting:
2026-02-07 23:41:38,734 - masked_mae : 0.0
2026-02-07 23:41:38,743 - masked_rmse : 0.0
2026-02-07 23:41:38,758 - masked_mape : 0.0
2026-02-07 23:41:38,759 - Evaluate on bikenyc_inflow_long_term_forecasting:
2026-02-07 23:41:54,726 - masked_mae : 0.0
2026-02-07 23:41:54,743 - masked_rmse : 0.0
2026-02-07 23:41:54,780 - masked_mape : 0.0
2026-02-07 23:41:54,781 - Evaluate on taxinyc_inflow_short_term_forecasting:
2026-02-07 23:42:10,238 - masked_mae : 0.0
2026-02-07 23:42:10,245 - masked_rmse : 0.0
2026-02-07 23:42:10,256 - masked_mape : 0.0
2026-02-07 23:42:10,257 - Evaluate on taxinyc_inflow_long_term_forecasting:
2026-02-07 23:42:28,246 - masked_mae : 0.0
2026-02-07 23:42:28,261 - masked_rmse : 0.0
2026-02-07 23:42:28,289 - masked_mape : 0.0
2026-02-07 23:42:28,289 - Evaluate on tdrive_inflow_short_term_forecasting:
2026-02-07 23:43:09,829 - masked_mae : 0.0
2026-02-07 23:43:09,863 - masked_rmse : 0.0
2026-02-07 23:43:09,976 - masked_mape : 0.0
2026-02-07 23:43:09,980 - Evaluate on tdrive_inflow_long_term_forecasting:
2026-02-07 23:43:59,385 - masked_mae : 0.0
2026-02-07 23:43:59,493 - masked_rmse : 0.0
2026-02-07 23:43:59,715 - masked_mape : 0.0
2026-02-07 23:43:59,720 - ************************************************************   Imputation Task   ************************************************************
2026-02-07 23:43:59,721 - Evaluate on pems03_flow_point_imputation:
2026-02-07 23:44:13,634 - masked_mae : 0.0
2026-02-07 23:44:13,637 - masked_rmse : 0.0
2026-02-07 23:44:13,646 - masked_mre : nan
2026-02-07 23:44:13,647 - Evaluate on pems03_flow_block_imputation:
2026-02-07 23:44:27,284 - masked_mae : 0.0
2026-02-07 23:44:27,421 - masked_rmse : 0.0
2026-02-07 23:44:27,630 - masked_mre : nan
2026-02-07 23:44:27,631 - Evaluate on pems04_flow_point_imputation:
2026-02-07 23:44:40,588 - masked_mae : 0.0
2026-02-07 23:44:40,592 - masked_rmse : 0.0
2026-02-07 23:44:40,604 - masked_mre : nan
2026-02-07 23:44:40,604 - Evaluate on pems04_flow_block_imputation:
2026-02-07 23:44:53,204 - masked_mae : 0.0
2026-02-07 23:44:53,208 - masked_rmse : 0.0
2026-02-07 23:44:53,218 - masked_mre : nan
2026-02-07 23:44:53,218 - Evaluate on pems07_flow_point_imputation:
2026-02-07 23:45:06,320 - masked_mae : 0.0
2026-02-07 23:45:06,324 - masked_rmse : 0.0
2026-02-07 23:45:06,403 - masked_mre : nan
2026-02-07 23:45:06,404 - Evaluate on pems07_flow_block_imputation:
2026-02-07 23:45:20,674 - masked_mae : 0.0
2026-02-07 23:45:20,796 - masked_rmse : 0.0
2026-02-07 23:45:20,878 - masked_mre : nan
2026-02-07 23:45:20,879 - Evaluate on pems08_flow_point_imputation:
2026-02-07 23:45:33,609 - masked_mae : 0.0
2026-02-07 23:45:33,611 - masked_rmse : 0.0
2026-02-07 23:45:33,615 - masked_mre : nan
2026-02-07 23:45:33,615 - Evaluate on pems08_flow_block_imputation:
2026-02-07 23:45:46,780 - masked_mae : 0.0
2026-02-07 23:45:46,782 - masked_rmse : 0.0
2026-02-07 23:45:46,785 - masked_mre : nan
2026-02-08 00:01:31,973 - [Epoch 7] Pretrain Loss: 0.0000
2026-02-08 00:01:31,974 - ************************************************************   Forecasting Task   ************************************************************
2026-02-08 00:01:31,974 - Evaluate on pems03_flow_short_term_forecasting:
2026-02-08 00:01:52,392 - masked_mae : 0.0
2026-02-08 00:01:52,408 - masked_rmse : 0.0
2026-02-08 00:01:52,427 - masked_mape : 0.0
2026-02-08 00:01:52,428 - Evaluate on pems03_flow_long_term_forecasting:
2026-02-08 00:02:15,069 - masked_mae : 0.0
2026-02-08 00:02:15,104 - masked_rmse : 0.0
2026-02-08 00:02:15,173 - masked_mape : 0.0
2026-02-08 00:02:15,174 - Evaluate on pems04_flow_short_term_forecasting:
2026-02-08 00:02:34,483 - masked_mae : 0.0
2026-02-08 00:02:34,509 - masked_rmse : 0.0
2026-02-08 00:02:34,521 - masked_mape : 0.0
2026-02-08 00:02:34,522 - Evaluate on pems04_flow_long_term_forecasting:
2026-02-08 00:02:54,398 - masked_mae : 0.0
2026-02-08 00:02:54,423 - masked_rmse : 0.0
2026-02-08 00:02:54,465 - masked_mape : 0.0
2026-02-08 00:02:54,466 - Evaluate on pems07_flow_short_term_forecasting:
2026-02-08 00:03:31,922 - masked_mae : 0.0
2026-02-08 00:03:31,946 - masked_rmse : 0.0
2026-02-08 00:03:31,993 - masked_mape : 0.0
2026-02-08 00:03:31,996 - Evaluate on pems07_flow_long_term_forecasting:
2026-02-08 00:04:12,201 - masked_mae : 0.0
2026-02-08 00:04:12,295 - masked_rmse : 0.0
2026-02-08 00:04:12,464 - masked_mape : 0.0
2026-02-08 00:04:12,466 - Evaluate on pems08_flow_short_term_forecasting:
2026-02-08 00:04:28,386 - masked_mae : 0.0
2026-02-08 00:04:28,391 - masked_rmse : 0.0
2026-02-08 00:04:28,399 - masked_mape : 0.0
2026-02-08 00:04:28,399 - Evaluate on pems08_flow_long_term_forecasting:
2026-02-08 00:04:43,673 - masked_mae : 0.0
2026-02-08 00:04:43,686 - masked_rmse : 0.0
2026-02-08 00:04:43,710 - masked_mape : 0.0
2026-02-08 00:04:43,710 - Evaluate on occpairs_occupancy_short_term_forecasting:
2026-02-08 00:05:05,926 - masked_mae : 0.0
2026-02-08 00:05:05,938 - masked_rmse : 0.0
2026-02-08 00:05:05,963 - masked_mape : 0.0
2026-02-08 00:05:05,966 - Evaluate on occpairs_occupancy_long_term_forecasting:
2026-02-08 00:05:29,178 - masked_mae : 0.0
2026-02-08 00:05:29,217 - masked_rmse : 0.0
2026-02-08 00:05:29,292 - masked_mape : 0.0
2026-02-08 00:05:29,294 - Evaluate on occhamburg_occupancy_short_term_forecasting:
2026-02-08 00:05:48,444 - masked_mae : 0.0
2026-02-08 00:05:48,454 - masked_rmse : 0.0
2026-02-08 00:05:48,472 - masked_mape : 0.0
2026-02-08 00:05:48,477 - Evaluate on occhamburg_occupancy_long_term_forecasting:
2026-02-08 00:06:08,140 - masked_mae : 0.0
2026-02-08 00:06:08,167 - masked_rmse : 0.0
2026-02-08 00:06:08,222 - masked_mape : 0.0
2026-02-08 00:06:08,222 - Evaluate on pemsbay_speed_short_term_forecasting:
2026-02-08 00:06:35,764 - masked_mae : 0.0
2026-02-08 00:06:35,785 - masked_rmse : 0.0
2026-02-08 00:06:35,820 - masked_mape : 0.0
2026-02-08 00:06:35,824 - Evaluate on pemsbay_speed_long_term_forecasting:
2026-02-08 00:07:06,281 - masked_mae : 0.0
2026-02-08 00:07:06,349 - masked_rmse : 0.0
2026-02-08 00:07:06,480 - masked_mape : 0.0
2026-02-08 00:07:06,485 - Evaluate on metrla_speed_short_term_forecasting:
2026-02-08 00:07:25,569 - masked_mae : 0.0
2026-02-08 00:07:25,577 - masked_rmse : 0.0
2026-02-08 00:07:25,593 - masked_mape : 0.0
2026-02-08 00:07:25,594 - Evaluate on metrla_speed_long_term_forecasting:
2026-02-08 00:07:45,414 - masked_mae : 0.0
2026-02-08 00:07:45,449 - masked_rmse : 0.0
2026-02-08 00:07:45,510 - masked_mape : 0.0
2026-02-08 00:07:45,511 - Evaluate on trafficsh_speed_short_term_forecasting:
2026-02-08 00:08:06,421 - masked_mae : 0.0
2026-02-08 00:08:06,430 - masked_rmse : 0.0
2026-02-08 00:08:06,447 - masked_mape : 0.0
2026-02-08 00:08:06,449 - Evaluate on trafficsh_speed_long_term_forecasting:
2026-02-08 00:08:27,564 - masked_mae : 0.0
2026-02-08 00:08:27,599 - masked_rmse : 0.0
2026-02-08 00:08:27,657 - masked_mape : 0.0
2026-02-08 00:08:27,658 - Evaluate on bikenyc_inflow_short_term_forecasting:
2026-02-08 00:08:43,214 - masked_mae : 0.0
2026-02-08 00:08:43,221 - masked_rmse : 0.0
2026-02-08 00:08:43,231 - masked_mape : 0.0
2026-02-08 00:08:43,233 - Evaluate on bikenyc_inflow_long_term_forecasting:
2026-02-08 00:09:01,135 - masked_mae : 0.0
2026-02-08 00:09:01,155 - masked_rmse : 0.0
2026-02-08 00:09:01,216 - masked_mape : 0.0
2026-02-08 00:09:01,223 - Evaluate on taxinyc_inflow_short_term_forecasting:
2026-02-08 00:09:18,506 - masked_mae : 0.0
2026-02-08 00:09:18,513 - masked_rmse : 0.0
2026-02-08 00:09:18,525 - masked_mape : 0.0
2026-02-08 00:09:18,526 - Evaluate on taxinyc_inflow_long_term_forecasting:
2026-02-08 00:09:35,073 - masked_mae : 0.0
2026-02-08 00:09:35,091 - masked_rmse : 0.0
2026-02-08 00:09:35,120 - masked_mape : 0.0
2026-02-08 00:09:35,121 - Evaluate on tdrive_inflow_short_term_forecasting:
2026-02-08 00:10:17,267 - masked_mae : 0.0
2026-02-08 00:10:17,297 - masked_rmse : 0.0
2026-02-08 00:10:17,371 - masked_mape : 0.0
2026-02-08 00:10:17,377 - Evaluate on tdrive_inflow_long_term_forecasting:
2026-02-08 00:11:03,428 - masked_mae : 0.0
2026-02-08 00:11:03,536 - masked_rmse : 0.0
2026-02-08 00:11:03,744 - masked_mape : 0.0
2026-02-08 00:11:03,753 - ************************************************************   Imputation Task   ************************************************************
2026-02-08 00:11:03,754 - Evaluate on pems03_flow_point_imputation:
2026-02-08 00:11:17,465 - masked_mae : 0.0
2026-02-08 00:11:17,468 - masked_rmse : 0.0
2026-02-08 00:11:17,616 - masked_mre : nan
2026-02-08 00:11:17,617 - Evaluate on pems03_flow_block_imputation:
2026-02-08 00:11:30,228 - masked_mae : 0.0
2026-02-08 00:11:30,230 - masked_rmse : 0.0
2026-02-08 00:11:30,248 - masked_mre : nan
2026-02-08 00:11:30,249 - Evaluate on pems04_flow_point_imputation:
2026-02-08 00:11:43,063 - masked_mae : 0.0
2026-02-08 00:11:43,065 - masked_rmse : 0.0
2026-02-08 00:11:43,076 - masked_mre : nan
2026-02-08 00:11:43,076 - Evaluate on pems04_flow_block_imputation:
2026-02-08 00:11:55,376 - masked_mae : 0.0
2026-02-08 00:11:55,378 - masked_rmse : 0.0
2026-02-08 00:11:55,386 - masked_mre : nan
2026-02-08 00:11:55,386 - Evaluate on pems07_flow_point_imputation:
2026-02-08 00:12:08,451 - masked_mae : 0.0
2026-02-08 00:12:08,456 - masked_rmse : 0.0
2026-02-08 00:12:08,577 - masked_mre : nan
2026-02-08 00:12:08,578 - Evaluate on pems07_flow_block_imputation:
2026-02-08 00:12:23,816 - masked_mae : 0.0
2026-02-08 00:12:23,820 - masked_rmse : 0.0
2026-02-08 00:12:23,838 - masked_mre : nan
2026-02-08 00:12:23,838 - Evaluate on pems08_flow_point_imputation:
2026-02-08 00:12:35,959 - masked_mae : 0.0
2026-02-08 00:12:35,966 - masked_rmse : 0.0
2026-02-08 00:12:35,971 - masked_mre : nan
2026-02-08 00:12:35,971 - Evaluate on pems08_flow_block_imputation:
2026-02-08 00:12:48,966 - masked_mae : 0.0
2026-02-08 00:12:48,969 - masked_rmse : 0.0
2026-02-08 00:12:48,973 - masked_mre : nan
2026-02-08 00:28:29,179 - [Epoch 8] Pretrain Loss: 0.0000
2026-02-08 00:28:29,180 - ************************************************************   Forecasting Task   ************************************************************
2026-02-08 00:28:29,180 - Evaluate on pems03_flow_short_term_forecasting:
2026-02-08 00:28:53,303 - masked_mae : 0.0
2026-02-08 00:28:53,313 - masked_rmse : 0.0
2026-02-08 00:28:53,332 - masked_mape : 0.0
2026-02-08 00:28:53,333 - Evaluate on pems03_flow_long_term_forecasting:
2026-02-08 00:29:15,909 - masked_mae : 0.0
2026-02-08 00:29:15,974 - masked_rmse : 0.0
2026-02-08 00:29:16,043 - masked_mape : 0.0
2026-02-08 00:29:16,050 - Evaluate on pems04_flow_short_term_forecasting:
2026-02-08 00:29:34,503 - masked_mae : 0.0
2026-02-08 00:29:34,525 - masked_rmse : 0.0
2026-02-08 00:29:34,541 - masked_mape : 0.0
2026-02-08 00:29:34,547 - Evaluate on pems04_flow_long_term_forecasting:
2026-02-08 00:29:52,813 - masked_mae : 0.0
2026-02-08 00:29:52,838 - masked_rmse : 0.0
2026-02-08 00:29:52,879 - masked_mape : 0.0
2026-02-08 00:29:52,880 - Evaluate on pems07_flow_short_term_forecasting:
2026-02-08 00:30:28,682 - masked_mae : 0.0
2026-02-08 00:30:28,709 - masked_rmse : 0.0
2026-02-08 00:30:28,754 - masked_mape : 0.0
2026-02-08 00:30:28,756 - Evaluate on pems07_flow_long_term_forecasting:
2026-02-08 00:31:10,066 - masked_mae : 0.0
2026-02-08 00:31:10,155 - masked_rmse : 0.0
2026-02-08 00:31:10,331 - masked_mape : 0.0
2026-02-08 00:31:10,340 - Evaluate on pems08_flow_short_term_forecasting:
2026-02-08 00:31:26,414 - masked_mae : 0.0
2026-02-08 00:31:26,419 - masked_rmse : 0.0
2026-02-08 00:31:26,427 - masked_mape : 0.0
2026-02-08 00:31:26,428 - Evaluate on pems08_flow_long_term_forecasting:
2026-02-08 00:31:43,523 - masked_mae : 0.0
2026-02-08 00:31:43,564 - masked_rmse : 0.0
2026-02-08 00:31:43,593 - masked_mape : 0.0
2026-02-08 00:31:43,595 - Evaluate on occpairs_occupancy_short_term_forecasting:
2026-02-08 00:32:05,825 - masked_mae : 0.0
2026-02-08 00:32:05,857 - masked_rmse : 0.0
2026-02-08 00:32:05,902 - masked_mape : 0.0
2026-02-08 00:32:05,907 - Evaluate on occpairs_occupancy_long_term_forecasting:
2026-02-08 00:32:29,743 - masked_mae : 0.0
2026-02-08 00:32:29,785 - masked_rmse : 0.0
2026-02-08 00:32:29,862 - masked_mape : 0.0
2026-02-08 00:32:29,864 - Evaluate on occhamburg_occupancy_short_term_forecasting:
2026-02-08 00:32:51,311 - masked_mae : 0.0
2026-02-08 00:32:51,321 - masked_rmse : 0.0
2026-02-08 00:32:51,347 - masked_mape : 0.0
2026-02-08 00:32:51,348 - Evaluate on occhamburg_occupancy_long_term_forecasting:
2026-02-08 00:33:11,534 - masked_mae : 0.0
2026-02-08 00:33:11,561 - masked_rmse : 0.0
2026-02-08 00:33:11,616 - masked_mape : 0.0
2026-02-08 00:33:11,617 - Evaluate on pemsbay_speed_short_term_forecasting:
2026-02-08 00:33:39,471 - masked_mae : 0.0
2026-02-08 00:33:39,491 - masked_rmse : 0.0
2026-02-08 00:33:39,528 - masked_mape : 0.0
2026-02-08 00:33:39,531 - Evaluate on pemsbay_speed_long_term_forecasting:
2026-02-08 00:34:12,768 - masked_mae : 0.0
2026-02-08 00:34:12,853 - masked_rmse : 0.0
2026-02-08 00:34:12,978 - masked_mape : 0.0
2026-02-08 00:34:12,981 - Evaluate on metrla_speed_short_term_forecasting:
2026-02-08 00:34:32,176 - masked_mae : 0.0
2026-02-08 00:34:32,189 - masked_rmse : 0.0
2026-02-08 00:34:32,208 - masked_mape : 0.0
2026-02-08 00:34:32,211 - Evaluate on metrla_speed_long_term_forecasting:
2026-02-08 00:34:52,817 - masked_mae : 0.0
2026-02-08 00:34:52,845 - masked_rmse : 0.0
2026-02-08 00:34:52,899 - masked_mape : 0.0
2026-02-08 00:34:52,901 - Evaluate on trafficsh_speed_short_term_forecasting:
2026-02-08 00:35:12,224 - masked_mae : 0.0
2026-02-08 00:35:12,258 - masked_rmse : 0.0
2026-02-08 00:35:12,320 - masked_mape : 0.0
2026-02-08 00:35:12,327 - Evaluate on trafficsh_speed_long_term_forecasting:
2026-02-08 00:35:33,450 - masked_mae : 0.0
2026-02-08 00:35:33,479 - masked_rmse : 0.0
2026-02-08 00:35:33,533 - masked_mape : 0.0
2026-02-08 00:35:33,534 - Evaluate on bikenyc_inflow_short_term_forecasting:
2026-02-08 00:35:49,100 - masked_mae : 0.0
2026-02-08 00:35:49,107 - masked_rmse : 0.0
2026-02-08 00:35:49,119 - masked_mape : 0.0
2026-02-08 00:35:49,120 - Evaluate on bikenyc_inflow_long_term_forecasting:
2026-02-08 00:36:06,031 - masked_mae : 0.0
2026-02-08 00:36:06,055 - masked_rmse : 0.0
2026-02-08 00:36:06,084 - masked_mape : 0.0
2026-02-08 00:36:06,085 - Evaluate on taxinyc_inflow_short_term_forecasting:
2026-02-08 00:36:21,894 - masked_mae : 0.0
2026-02-08 00:36:21,898 - masked_rmse : 0.0
2026-02-08 00:36:21,906 - masked_mape : 0.0
2026-02-08 00:36:21,907 - Evaluate on taxinyc_inflow_long_term_forecasting:
2026-02-08 00:36:37,677 - masked_mae : 0.0
2026-02-08 00:36:37,693 - masked_rmse : 0.0
2026-02-08 00:36:37,723 - masked_mape : 0.0
2026-02-08 00:36:37,724 - Evaluate on tdrive_inflow_short_term_forecasting:
2026-02-08 00:37:18,653 - masked_mae : 0.0
2026-02-08 00:37:18,690 - masked_rmse : 0.0
2026-02-08 00:37:18,746 - masked_mape : 0.0
2026-02-08 00:37:18,748 - Evaluate on tdrive_inflow_long_term_forecasting:
2026-02-08 00:38:06,026 - masked_mae : 0.0
2026-02-08 00:38:06,133 - masked_rmse : 0.0
2026-02-08 00:38:06,428 - masked_mape : 0.0
2026-02-08 00:38:06,443 - ************************************************************   Imputation Task   ************************************************************
2026-02-08 00:38:06,447 - Evaluate on pems03_flow_point_imputation:
2026-02-08 00:38:19,395 - masked_mae : 0.0
2026-02-08 00:38:19,510 - masked_rmse : 0.0
2026-02-08 00:38:19,864 - masked_mre : nan
2026-02-08 00:38:19,867 - Evaluate on pems03_flow_block_imputation:
2026-02-08 00:38:33,169 - masked_mae : 0.0
2026-02-08 00:38:33,438 - masked_rmse : 0.0
2026-02-08 00:38:33,789 - masked_mre : nan
2026-02-08 00:38:33,790 - Evaluate on pems04_flow_point_imputation:
2026-02-08 00:38:46,351 - masked_mae : 0.0
2026-02-08 00:38:46,445 - masked_rmse : 0.0
2026-02-08 00:38:46,571 - masked_mre : nan
2026-02-08 00:38:46,571 - Evaluate on pems04_flow_block_imputation:
2026-02-08 00:38:59,118 - masked_mae : 0.0
2026-02-08 00:38:59,120 - masked_rmse : 0.0
2026-02-08 00:38:59,132 - masked_mre : nan
2026-02-08 00:38:59,133 - Evaluate on pems07_flow_point_imputation:
2026-02-08 00:39:12,572 - masked_mae : 0.0
2026-02-08 00:39:12,576 - masked_rmse : 0.0
2026-02-08 00:39:12,594 - masked_mre : nan
2026-02-08 00:39:12,594 - Evaluate on pems07_flow_block_imputation:
2026-02-08 00:39:25,940 - masked_mae : 0.0
2026-02-08 00:39:25,944 - masked_rmse : 0.0
2026-02-08 00:39:25,962 - masked_mre : nan
2026-02-08 00:39:25,963 - Evaluate on pems08_flow_point_imputation:
2026-02-08 00:39:39,316 - masked_mae : 0.0
2026-02-08 00:39:39,319 - masked_rmse : 0.0
2026-02-08 00:39:39,323 - masked_mre : nan
2026-02-08 00:39:39,324 - Evaluate on pems08_flow_block_imputation:
2026-02-08 00:39:55,022 - masked_mae : 0.0
2026-02-08 00:39:55,602 - masked_rmse : 0.0
2026-02-08 00:39:55,854 - masked_mre : nan
2026-02-08 00:55:44,740 - [Epoch 9] Pretrain Loss: 0.0000
2026-02-08 00:55:44,741 - ************************************************************   Forecasting Task   ************************************************************
2026-02-08 00:55:44,741 - Evaluate on pems03_flow_short_term_forecasting:
2026-02-08 00:56:06,457 - masked_mae : 0.0
2026-02-08 00:56:06,468 - masked_rmse : 0.0
2026-02-08 00:56:06,489 - masked_mape : 0.0
2026-02-08 00:56:06,491 - Evaluate on pems03_flow_long_term_forecasting:
2026-02-08 00:56:31,463 - masked_mae : 0.0
2026-02-08 00:56:31,498 - masked_rmse : 0.0
2026-02-08 00:56:31,565 - masked_mape : 0.0
2026-02-08 00:56:31,566 - Evaluate on pems04_flow_short_term_forecasting:
2026-02-08 00:56:49,440 - masked_mae : 0.0
2026-02-08 00:56:49,456 - masked_rmse : 0.0
2026-02-08 00:56:49,482 - masked_mape : 0.0
2026-02-08 00:56:49,490 - Evaluate on pems04_flow_long_term_forecasting:
2026-02-08 00:57:08,242 - masked_mae : 0.0
2026-02-08 00:57:08,263 - masked_rmse : 0.0
2026-02-08 00:57:08,306 - masked_mape : 0.0
2026-02-08 00:57:08,310 - Evaluate on pems07_flow_short_term_forecasting:
2026-02-08 00:57:44,022 - masked_mae : 0.0
2026-02-08 00:57:44,047 - masked_rmse : 0.0
2026-02-08 00:57:44,096 - masked_mape : 0.0
2026-02-08 00:57:44,098 - Evaluate on pems07_flow_long_term_forecasting:
2026-02-08 00:58:22,170 - masked_mae : 0.0
2026-02-08 00:58:22,275 - masked_rmse : 0.0
2026-02-08 00:58:22,440 - masked_mape : 0.0
2026-02-08 00:58:22,442 - Evaluate on pems08_flow_short_term_forecasting:
2026-02-08 00:58:38,224 - masked_mae : 0.0
2026-02-08 00:58:38,233 - masked_rmse : 0.0
2026-02-08 00:58:38,248 - masked_mape : 0.0
2026-02-08 00:58:38,251 - Evaluate on pems08_flow_long_term_forecasting:
2026-02-08 00:58:56,318 - masked_mae : 0.0
2026-02-08 00:58:56,338 - masked_rmse : 0.0
2026-02-08 00:58:56,378 - masked_mape : 0.0
2026-02-08 00:58:56,384 - Evaluate on occpairs_occupancy_short_term_forecasting:
2026-02-08 00:59:19,800 - masked_mae : 0.0
2026-02-08 00:59:19,815 - masked_rmse : 0.0
2026-02-08 00:59:19,839 - masked_mape : 0.0
2026-02-08 00:59:19,840 - Evaluate on occpairs_occupancy_long_term_forecasting:
2026-02-08 00:59:42,065 - masked_mae : 0.0
2026-02-08 00:59:42,105 - masked_rmse : 0.0
2026-02-08 00:59:42,179 - masked_mape : 0.0
2026-02-08 00:59:42,181 - Evaluate on occhamburg_occupancy_short_term_forecasting:
2026-02-08 01:00:03,079 - masked_mae : 0.0
2026-02-08 01:00:03,087 - masked_rmse : 0.0
2026-02-08 01:00:03,101 - masked_mape : 0.0
2026-02-08 01:00:03,102 - Evaluate on occhamburg_occupancy_long_term_forecasting:
2026-02-08 01:00:24,783 - masked_mae : 0.0
2026-02-08 01:00:24,821 - masked_rmse : 0.0
2026-02-08 01:00:24,877 - masked_mape : 0.0
2026-02-08 01:00:24,879 - Evaluate on pemsbay_speed_short_term_forecasting:
2026-02-08 01:00:53,627 - masked_mae : 0.0
2026-02-08 01:00:53,644 - masked_rmse : 0.0
2026-02-08 01:00:53,678 - masked_mape : 0.0
2026-02-08 01:00:53,682 - Evaluate on pemsbay_speed_long_term_forecasting:
2026-02-08 01:01:24,213 - masked_mae : 0.0
2026-02-08 01:01:24,273 - masked_rmse : 0.0
2026-02-08 01:01:24,394 - masked_mape : 0.0
2026-02-08 01:01:24,395 - Evaluate on metrla_speed_short_term_forecasting:
2026-02-08 01:01:43,577 - masked_mae : 0.0
2026-02-08 01:01:43,588 - masked_rmse : 0.0
2026-02-08 01:01:43,604 - masked_mape : 0.0
2026-02-08 01:01:43,605 - Evaluate on metrla_speed_long_term_forecasting:
2026-02-08 01:02:05,611 - masked_mae : 0.0
2026-02-08 01:02:05,646 - masked_rmse : 0.0
2026-02-08 01:02:05,704 - masked_mape : 0.0
2026-02-08 01:02:05,706 - Evaluate on trafficsh_speed_short_term_forecasting:
2026-02-08 01:02:24,734 - masked_mae : 0.0
2026-02-08 01:02:24,745 - masked_rmse : 0.0
2026-02-08 01:02:24,760 - masked_mape : 0.0
2026-02-08 01:02:24,760 - Evaluate on trafficsh_speed_long_term_forecasting:
2026-02-08 01:02:46,974 - masked_mae : 0.0
2026-02-08 01:02:47,001 - masked_rmse : 0.0
2026-02-08 01:02:47,053 - masked_mape : 0.0
2026-02-08 01:02:47,054 - Evaluate on bikenyc_inflow_short_term_forecasting:
2026-02-08 01:03:04,206 - masked_mae : 0.0
2026-02-08 01:03:04,210 - masked_rmse : 0.0
2026-02-08 01:03:04,222 - masked_mape : 0.0
2026-02-08 01:03:04,223 - Evaluate on bikenyc_inflow_long_term_forecasting:
2026-02-08 01:03:20,215 - masked_mae : 0.0
2026-02-08 01:03:20,254 - masked_rmse : 0.0
2026-02-08 01:03:20,290 - masked_mape : 0.0
2026-02-08 01:03:20,291 - Evaluate on taxinyc_inflow_short_term_forecasting:
2026-02-08 01:03:37,319 - masked_mae : 0.0
2026-02-08 01:03:37,325 - masked_rmse : 0.0
2026-02-08 01:03:37,345 - masked_mape : 0.0
2026-02-08 01:03:37,349 - Evaluate on taxinyc_inflow_long_term_forecasting:
2026-02-08 01:03:53,091 - masked_mae : 0.0
2026-02-08 01:03:53,107 - masked_rmse : 0.0
2026-02-08 01:03:53,140 - masked_mape : 0.0
2026-02-08 01:03:53,141 - Evaluate on tdrive_inflow_short_term_forecasting:
2026-02-08 01:04:36,117 - masked_mae : 0.0
2026-02-08 01:04:36,154 - masked_rmse : 0.0
2026-02-08 01:04:36,212 - masked_mape : 0.0
2026-02-08 01:04:36,218 - Evaluate on tdrive_inflow_long_term_forecasting:
2026-02-08 01:05:22,424 - masked_mae : 0.0
2026-02-08 01:05:22,531 - masked_rmse : 0.0
2026-02-08 01:05:22,735 - masked_mape : 0.0
2026-02-08 01:05:22,738 - ************************************************************   Imputation Task   ************************************************************
2026-02-08 01:05:22,739 - Evaluate on pems03_flow_point_imputation:
2026-02-08 01:05:35,433 - masked_mae : 0.0
2026-02-08 01:05:35,436 - masked_rmse : 0.0
2026-02-08 01:05:35,451 - masked_mre : nan
2026-02-08 01:05:35,452 - Evaluate on pems03_flow_block_imputation:
2026-02-08 01:05:48,860 - masked_mae : 0.0
2026-02-08 01:05:48,862 - masked_rmse : 0.0
2026-02-08 01:05:48,887 - masked_mre : nan
2026-02-08 01:05:48,887 - Evaluate on pems04_flow_point_imputation:
2026-02-08 01:06:01,376 - masked_mae : 0.0
2026-02-08 01:06:01,430 - masked_rmse : 0.0
2026-02-08 01:06:01,441 - masked_mre : nan
2026-02-08 01:06:01,442 - Evaluate on pems04_flow_block_imputation:
2026-02-08 01:06:14,276 - masked_mae : 0.0
2026-02-08 01:06:14,394 - masked_rmse : 0.0
2026-02-08 01:06:14,473 - masked_mre : nan
2026-02-08 01:06:14,474 - Evaluate on pems07_flow_point_imputation:
2026-02-08 01:06:28,178 - masked_mae : 0.0
2026-02-08 01:06:28,182 - masked_rmse : 0.0
2026-02-08 01:06:28,202 - masked_mre : nan
2026-02-08 01:06:28,202 - Evaluate on pems07_flow_block_imputation:
2026-02-08 01:06:41,261 - masked_mae : 0.0
2026-02-08 01:06:41,265 - masked_rmse : 0.0
2026-02-08 01:06:41,282 - masked_mre : nan
2026-02-08 01:06:41,282 - Evaluate on pems08_flow_point_imputation:
2026-02-08 01:06:54,255 - masked_mae : 0.0
2026-02-08 01:06:54,262 - masked_rmse : 0.0
2026-02-08 01:06:54,267 - masked_mre : nan
2026-02-08 01:06:54,268 - Evaluate on pems08_flow_block_imputation:
2026-02-08 01:07:07,036 - masked_mae : 0.0
2026-02-08 01:07:07,038 - masked_rmse : 0.0
2026-02-08 01:07:07,045 - masked_mre : nan
2026-02-08 01:21:24,643 - [Epoch 10] Pretrain Loss: 0.0000
2026-02-08 01:21:24,645 - ************************************************************   Forecasting Task   ************************************************************
2026-02-08 01:21:24,645 - Evaluate on pems03_flow_short_term_forecasting:
2026-02-08 01:21:46,162 - masked_mae : 0.0
2026-02-08 01:21:46,174 - masked_rmse : 0.0
2026-02-08 01:21:46,194 - masked_mape : 0.0
2026-02-08 01:21:46,195 - Evaluate on pems03_flow_long_term_forecasting:
2026-02-08 01:22:09,789 - masked_mae : 0.0
2026-02-08 01:22:09,837 - masked_rmse : 0.0
2026-02-08 01:22:09,912 - masked_mape : 0.0
2026-02-08 01:22:09,913 - Evaluate on pems04_flow_short_term_forecasting:
2026-02-08 01:22:28,332 - masked_mae : 0.0
2026-02-08 01:22:28,339 - masked_rmse : 0.0
2026-02-08 01:22:28,351 - masked_mape : 0.0
2026-02-08 01:22:28,352 - Evaluate on pems04_flow_long_term_forecasting:
2026-02-08 01:22:46,190 - masked_mae : 0.0
2026-02-08 01:22:46,216 - masked_rmse : 0.0
2026-02-08 01:22:46,267 - masked_mape : 0.0
2026-02-08 01:22:46,268 - Evaluate on pems07_flow_short_term_forecasting:
2026-02-08 01:23:48,093 - masked_mae : 0.0
2026-02-08 01:23:48,119 - masked_rmse : 0.0
2026-02-08 01:23:48,172 - masked_mape : 0.0
2026-02-08 01:23:48,185 - Evaluate on pems07_flow_long_term_forecasting:
2026-02-08 01:24:26,636 - masked_mae : 0.0
2026-02-08 01:24:26,733 - masked_rmse : 0.0
2026-02-08 01:24:26,902 - masked_mape : 0.0
2026-02-08 01:24:26,917 - Evaluate on pems08_flow_short_term_forecasting:
2026-02-08 01:24:42,299 - masked_mae : 0.0
2026-02-08 01:24:42,306 - masked_rmse : 0.0
2026-02-08 01:24:42,315 - masked_mape : 0.0
2026-02-08 01:24:42,315 - Evaluate on pems08_flow_long_term_forecasting:
2026-02-08 01:24:58,267 - masked_mae : 0.0
2026-02-08 01:24:58,281 - masked_rmse : 0.0
2026-02-08 01:24:58,306 - masked_mape : 0.0
2026-02-08 01:24:58,307 - Evaluate on occpairs_occupancy_short_term_forecasting:
2026-02-08 01:25:20,129 - masked_mae : 0.0
2026-02-08 01:25:20,144 - masked_rmse : 0.0
2026-02-08 01:25:20,168 - masked_mape : 0.0
2026-02-08 01:25:20,169 - Evaluate on occpairs_occupancy_long_term_forecasting:
2026-02-08 01:25:44,932 - masked_mae : 0.0
2026-02-08 01:25:44,971 - masked_rmse : 0.0
2026-02-08 01:25:45,052 - masked_mape : 0.0
2026-02-08 01:25:45,058 - Evaluate on occhamburg_occupancy_short_term_forecasting:
2026-02-08 01:26:03,526 - masked_mae : 0.0
2026-02-08 01:26:03,535 - masked_rmse : 0.0
2026-02-08 01:26:03,551 - masked_mape : 0.0
2026-02-08 01:26:03,552 - Evaluate on occhamburg_occupancy_long_term_forecasting:
2026-02-08 01:26:23,545 - masked_mae : 0.0
2026-02-08 01:26:23,573 - masked_rmse : 0.0
2026-02-08 01:26:23,624 - masked_mape : 0.0
2026-02-08 01:26:23,625 - Evaluate on pemsbay_speed_short_term_forecasting:
2026-02-08 01:26:50,645 - masked_mae : 0.0
2026-02-08 01:26:50,664 - masked_rmse : 0.0
2026-02-08 01:26:50,700 - masked_mape : 0.0
2026-02-08 01:26:50,707 - Evaluate on pemsbay_speed_long_term_forecasting:
2026-02-08 01:27:21,707 - masked_mae : 0.0
2026-02-08 01:27:21,775 - masked_rmse : 0.0
2026-02-08 01:27:21,912 - masked_mape : 0.0
2026-02-08 01:27:21,914 - Evaluate on metrla_speed_short_term_forecasting:
2026-02-08 01:27:41,076 - masked_mae : 0.0
2026-02-08 01:27:41,093 - masked_rmse : 0.0
2026-02-08 01:27:41,123 - masked_mape : 0.0
2026-02-08 01:27:41,125 - Evaluate on metrla_speed_long_term_forecasting:
2026-02-08 01:28:03,849 - masked_mae : 0.0
2026-02-08 01:28:03,880 - masked_rmse : 0.0
2026-02-08 01:28:03,934 - masked_mape : 0.0
2026-02-08 01:28:03,935 - Evaluate on trafficsh_speed_short_term_forecasting:
2026-02-08 01:28:22,986 - masked_mae : 0.0
2026-02-08 01:28:22,998 - masked_rmse : 0.0
2026-02-08 01:28:23,018 - masked_mape : 0.0
2026-02-08 01:28:23,021 - Evaluate on trafficsh_speed_long_term_forecasting:
2026-02-08 01:28:44,309 - masked_mae : 0.0
2026-02-08 01:28:44,349 - masked_rmse : 0.0
2026-02-08 01:28:44,443 - masked_mape : 0.0
2026-02-08 01:28:44,444 - Evaluate on bikenyc_inflow_short_term_forecasting:
2026-02-08 01:29:01,005 - masked_mae : 0.0
2026-02-08 01:29:01,010 - masked_rmse : 0.0
2026-02-08 01:29:01,018 - masked_mape : 0.0
2026-02-08 01:29:01,018 - Evaluate on bikenyc_inflow_long_term_forecasting:
2026-02-08 01:29:17,018 - masked_mae : 0.0
2026-02-08 01:29:17,034 - masked_rmse : 0.0
2026-02-08 01:29:17,063 - masked_mape : 0.0
2026-02-08 01:29:17,064 - Evaluate on taxinyc_inflow_short_term_forecasting:
2026-02-08 01:29:34,687 - masked_mae : 0.0
2026-02-08 01:29:34,696 - masked_rmse : 0.0
2026-02-08 01:29:34,706 - masked_mape : 0.0
2026-02-08 01:29:34,707 - Evaluate on taxinyc_inflow_long_term_forecasting:
2026-02-08 01:29:51,976 - masked_mae : 0.0
2026-02-08 01:29:52,001 - masked_rmse : 0.0
2026-02-08 01:29:52,039 - masked_mape : 0.0
2026-02-08 01:29:52,040 - Evaluate on tdrive_inflow_short_term_forecasting:
2026-02-08 01:30:34,955 - masked_mae : 0.0
2026-02-08 01:30:34,987 - masked_rmse : 0.0
2026-02-08 01:30:35,042 - masked_mape : 0.0
2026-02-08 01:30:35,044 - Evaluate on tdrive_inflow_long_term_forecasting:
2026-02-08 01:31:20,911 - masked_mae : 0.0
2026-02-08 01:31:21,021 - masked_rmse : 0.0
2026-02-08 01:31:21,235 - masked_mape : 0.0
2026-02-08 01:31:21,243 - ************************************************************   Imputation Task   ************************************************************
2026-02-08 01:31:21,245 - Evaluate on pems03_flow_point_imputation:
2026-02-08 01:31:36,039 - masked_mae : 0.0
2026-02-08 01:31:36,047 - masked_rmse : 0.0
2026-02-08 01:31:36,072 - masked_mre : nan
2026-02-08 01:31:36,073 - Evaluate on pems03_flow_block_imputation:
2026-02-08 01:31:48,569 - masked_mae : 0.0
2026-02-08 01:31:48,572 - masked_rmse : 0.0
2026-02-08 01:31:48,635 - masked_mre : nan
2026-02-08 01:31:48,635 - Evaluate on pems04_flow_point_imputation:
2026-02-08 01:32:01,799 - masked_mae : 0.0
2026-02-08 01:32:01,909 - masked_rmse : 0.0
2026-02-08 01:32:01,920 - masked_mre : nan
2026-02-08 01:32:01,920 - Evaluate on pems04_flow_block_imputation:
2026-02-08 01:32:14,616 - masked_mae : 0.0
2026-02-08 01:32:14,670 - masked_rmse : 0.0
2026-02-08 01:32:14,681 - masked_mre : nan
2026-02-08 01:32:14,681 - Evaluate on pems07_flow_point_imputation:
2026-02-08 01:32:28,958 - masked_mae : 0.0
2026-02-08 01:32:28,963 - masked_rmse : 0.0
2026-02-08 01:32:29,087 - masked_mre : nan
2026-02-08 01:32:29,087 - Evaluate on pems07_flow_block_imputation:
2026-02-08 01:32:42,568 - masked_mae : 0.0
2026-02-08 01:32:42,692 - masked_rmse : 0.0
2026-02-08 01:32:42,710 - masked_mre : nan
2026-02-08 01:32:42,711 - Evaluate on pems08_flow_point_imputation:
2026-02-08 01:32:55,725 - masked_mae : 0.0
2026-02-08 01:32:55,777 - masked_rmse : 0.0
2026-02-08 01:32:55,791 - masked_mre : nan
2026-02-08 01:32:55,792 - Evaluate on pems08_flow_block_imputation:
2026-02-08 01:33:08,136 - masked_mae : 0.0
2026-02-08 01:33:08,138 - masked_rmse : 0.0
2026-02-08 01:33:08,143 - masked_mre : nan
