2025-02-19 23:56:46,975 - logger name:log/foundation/urbanfm_downstream/dataset_ratio_100.0%/model_layer_8_8/45/record.log
2025-02-19 23:56:59,331 - 
============================== Model Parameters ==============================
2025-02-19 23:56:59,331 - Total Parameters: 2,385,217 (≈ 2.39 M or ≈ 0.00 B)
2025-02-19 23:56:59,331 - Trainable Parameters: 2,385,217 (≈ 2.39 M or ≈ 0.00 B)
2025-02-19 23:56:59,331 - ========================================================================

2025-02-19 23:57:30,279 - logger name:log/foundation/urbanfm_downstream/dataset_ratio_100.0%/model_layer_8_8/45/record.log
2025-02-19 23:57:42,358 - 
============================== Model Parameters ==============================
2025-02-19 23:57:42,358 - Total Parameters: 2,385,217 (≈ 2.39 M or ≈ 0.00 B)
2025-02-19 23:57:42,358 - Trainable Parameters: 2,385,217 (≈ 2.39 M or ≈ 0.00 B)
2025-02-19 23:57:42,358 - ========================================================================

2025-02-19 23:59:24,482 - [Epoch 1] Pretrain Loss: 73.6547
2025-02-19 23:59:24,482 - ************************************************************   Forecasting Task   ************************************************************
2025-02-19 23:59:24,482 - Evaluate on pems08_flow_short_term_forecasting:
2025-02-19 23:59:31,770 - masked_mae : 76.00460815429688
2025-02-19 23:59:31,778 - masked_rmse : 108.25151824951172
2025-02-19 23:59:31,808 - masked_mape : 1.2539900541305542
2025-02-19 23:59:31,809 - Evaluate on pems08_flow_long_term_forecasting:
2025-02-19 23:59:45,318 - masked_mae : 77.26041412353516
2025-02-19 23:59:45,343 - masked_rmse : 110.15946197509766
2025-02-19 23:59:45,392 - masked_mape : 1.2887212038040161
2025-02-19 23:59:45,392 - ************************************************************   Imputation Task   ************************************************************
2025-02-19 23:59:45,392 - Evaluate on pems08_flow_point_imputation:
2025-02-19 23:59:46,169 - masked_mae : 85.21318054199219
2025-02-19 23:59:46,169 - masked_rmse : 120.70497131347656
2025-02-19 23:59:46,171 - masked_mape : 1.2116531133651733
2025-02-19 23:59:46,171 - Evaluate on pems08_flow_block_imputation:
2025-02-19 23:59:46,958 - masked_mae : 101.67261505126953
2025-02-19 23:59:46,959 - masked_rmse : 142.41348266601562
2025-02-19 23:59:46,960 - masked_mape : 1.050528883934021
2025-02-20 00:01:27,269 - [Epoch 2] Pretrain Loss: 64.6719
2025-02-20 00:01:27,270 - ************************************************************   Forecasting Task   ************************************************************
2025-02-20 00:01:27,270 - Evaluate on pems08_flow_short_term_forecasting:
2025-02-20 00:01:34,759 - masked_mae : 76.0529556274414
2025-02-20 00:01:34,766 - masked_rmse : 108.343017578125
2025-02-20 00:01:34,780 - masked_mape : 1.2515455484390259
2025-02-20 00:01:34,781 - Evaluate on pems08_flow_long_term_forecasting:
2025-02-20 00:01:48,031 - masked_mae : 77.31251525878906
2025-02-20 00:01:48,056 - masked_rmse : 110.2594985961914
2025-02-20 00:01:48,104 - masked_mape : 1.28593111038208
2025-02-20 00:01:48,105 - ************************************************************   Imputation Task   ************************************************************
2025-02-20 00:01:48,105 - Evaluate on pems08_flow_point_imputation:
2025-02-20 00:01:48,884 - masked_mae : 85.34719848632812
2025-02-20 00:01:48,885 - masked_rmse : 120.89627838134766
2025-02-20 00:01:48,886 - masked_mape : 1.209080696105957
2025-02-20 00:01:48,886 - Evaluate on pems08_flow_block_imputation:
2025-02-20 00:01:49,667 - masked_mae : 101.93241119384766
2025-02-20 00:01:49,668 - masked_rmse : 142.74070739746094
2025-02-20 00:01:49,669 - masked_mape : 1.048507809638977
2025-02-20 00:03:30,176 - [Epoch 3] Pretrain Loss: 64.7016
2025-02-20 00:03:30,177 - ************************************************************   Forecasting Task   ************************************************************
2025-02-20 00:03:30,177 - Evaluate on pems08_flow_short_term_forecasting:
2025-02-20 00:03:37,437 - masked_mae : 75.83942413330078
2025-02-20 00:03:37,444 - masked_rmse : 107.93109130859375
2025-02-20 00:03:37,459 - masked_mape : 1.2629247903823853
2025-02-20 00:03:37,459 - Evaluate on pems08_flow_long_term_forecasting:
2025-02-20 00:03:50,703 - masked_mae : 77.08280181884766
2025-02-20 00:03:50,728 - masked_rmse : 109.80844116210938
2025-02-20 00:03:50,777 - masked_mape : 1.2989215850830078
2025-02-20 00:03:50,777 - ************************************************************   Imputation Task   ************************************************************
2025-02-20 00:03:50,777 - Evaluate on pems08_flow_point_imputation:
2025-02-20 00:03:51,551 - masked_mae : 84.73857116699219
2025-02-20 00:03:51,552 - masked_rmse : 120.0228042602539
2025-02-20 00:03:51,554 - masked_mape : 1.2210685014724731
2025-02-20 00:03:51,554 - Evaluate on pems08_flow_block_imputation:
2025-02-20 00:03:52,330 - masked_mae : 100.73887634277344
2025-02-20 00:03:52,331 - masked_rmse : 141.2346954345703
2025-02-20 00:03:52,333 - masked_mape : 1.0579485893249512
2025-02-20 00:05:32,783 - [Epoch 4] Pretrain Loss: 64.5598
2025-02-20 00:05:32,784 - ************************************************************   Forecasting Task   ************************************************************
2025-02-20 00:05:32,784 - Evaluate on pems08_flow_short_term_forecasting:
2025-02-20 00:05:40,056 - masked_mae : 75.93352508544922
2025-02-20 00:05:40,063 - masked_rmse : 108.11517333984375
2025-02-20 00:05:40,077 - masked_mape : 1.2577176094055176
2025-02-20 00:05:40,078 - Evaluate on pems08_flow_long_term_forecasting:
2025-02-20 00:05:53,327 - masked_mae : 77.18389129638672
2025-02-20 00:05:53,353 - masked_rmse : 110.0102310180664
2025-02-20 00:05:53,401 - masked_mape : 1.2929763793945312
2025-02-20 00:05:53,401 - ************************************************************   Imputation Task   ************************************************************
2025-02-20 00:05:53,402 - Evaluate on pems08_flow_point_imputation:
2025-02-20 00:05:54,191 - masked_mae : 85.01226806640625
2025-02-20 00:05:54,192 - masked_rmse : 120.4171142578125
2025-02-20 00:05:54,194 - masked_mape : 1.2155787944793701
2025-02-20 00:05:54,194 - Evaluate on pems08_flow_block_imputation:
2025-02-20 00:05:54,971 - masked_mae : 101.28002166748047
2025-02-20 00:05:54,972 - masked_rmse : 141.91839599609375
2025-02-20 00:05:54,974 - masked_mape : 1.05361807346344
2025-02-20 00:07:35,129 - [Epoch 5] Pretrain Loss: 64.6268
2025-02-20 00:07:35,130 - ************************************************************   Forecasting Task   ************************************************************
2025-02-20 00:07:35,130 - Evaluate on pems08_flow_short_term_forecasting:
2025-02-20 00:07:42,394 - masked_mae : 75.724853515625
2025-02-20 00:07:42,402 - masked_rmse : 107.70028686523438
2025-02-20 00:07:42,416 - masked_mape : 1.2697672843933105
2025-02-20 00:07:42,416 - Evaluate on pems08_flow_long_term_forecasting:
