2025-07-03 17:01:01,380 - logger name:log/foundation/urbanfm_downstream/dataset_ratio_100.0%/model_layer_4_4/0/record.log
2025-07-03 17:02:41,405 - logger name:log/foundation/urbanfm_downstream/dataset_ratio_100.0%/model_layer_4_4/0/record.log
2025-07-03 17:15:22,715 - logger name:log/foundation/urbanfm_downstream/dataset_ratio_100.0%/model_layer_4_4/0/record.log
2025-07-03 17:34:16,447 - 
============================== Model Parameters ==============================
2025-07-03 17:34:16,447 - Total Parameters: 400,193 (≈ 0.40 M or ≈ 0.00 B)
2025-07-03 17:34:16,447 - Trainable Parameters: 400,193 (≈ 0.40 M or ≈ 0.00 B)
2025-07-03 17:34:16,447 - ========================================================================

2025-07-03 17:40:12,359 - logger name:log/foundation/urbanfm_downstream/dataset_ratio_100.0%/model_layer_4_4/0/record.log
2025-07-03 17:40:39,402 - 
============================== Model Parameters ==============================
2025-07-03 17:40:39,402 - Total Parameters: 400,193 (≈ 0.40 M or ≈ 0.00 B)
2025-07-03 17:40:39,402 - Trainable Parameters: 400,193 (≈ 0.40 M or ≈ 0.00 B)
2025-07-03 17:40:39,402 - ========================================================================

2025-07-03 17:50:27,844 - logger name:log/foundation/urbanfm_downstream/dataset_ratio_100.0%/model_layer_4_4/0/record.log
2025-07-03 17:50:55,643 - 
============================== Model Parameters ==============================
2025-07-03 17:50:55,643 - Total Parameters: 400,193 (≈ 0.40 M or ≈ 0.00 B)
2025-07-03 17:50:55,643 - Trainable Parameters: 400,193 (≈ 0.40 M or ≈ 0.00 B)
2025-07-03 17:50:55,643 - ========================================================================

2025-07-03 17:51:49,719 - logger name:log/foundation/urbanfm_downstream/dataset_ratio_100.0%/model_layer_4_4/0/record.log
2025-07-03 23:01:16,214 - logger name:log/foundation/urbanfm_downstream/dataset_ratio_100.0%/model_layer_4_4/0/record.log
2025-07-03 23:01:16,215 - logger name:log/foundation/urbanfm_downstream/dataset_ratio_100.0%/model_layer_4_4/0/record.log
2025-07-03 23:01:16,223 - logger name:log/foundation/urbanfm_downstream/dataset_ratio_100.0%/model_layer_4_4/0/record.log
2025-07-03 23:01:44,717 - 
============================== Model Parameters ==============================
2025-07-03 23:01:44,717 - 
============================== Model Parameters ==============================
2025-07-03 23:01:44,717 - Total Parameters: 400,193 (≈ 0.40 M or ≈ 0.00 B)
2025-07-03 23:01:44,717 - Trainable Parameters: 400,193 (≈ 0.40 M or ≈ 0.00 B)
2025-07-03 23:01:44,717 - Total Parameters: 400,193 (≈ 0.40 M or ≈ 0.00 B)
2025-07-03 23:01:44,717 - ========================================================================

2025-07-03 23:01:44,717 - Trainable Parameters: 400,193 (≈ 0.40 M or ≈ 0.00 B)
2025-07-03 23:01:44,717 - ========================================================================

2025-07-03 23:01:44,719 - 
============================== Model Parameters ==============================
2025-07-03 23:01:44,719 - Total Parameters: 400,193 (≈ 0.40 M or ≈ 0.00 B)
2025-07-03 23:01:44,719 - Trainable Parameters: 400,193 (≈ 0.40 M or ≈ 0.00 B)
2025-07-03 23:01:44,719 - ========================================================================

2025-07-03 23:02:05,297 - [Epoch 1] Pretrain Loss: 42.1471
2025-07-03 23:02:05,297 - [Epoch 1] Pretrain Loss: 42.6580
2025-07-03 23:02:05,302 - [Epoch 1] Pretrain Loss: 41.8478
2025-07-03 23:02:24,029 - [Epoch 2] Pretrain Loss: 24.2634
2025-07-03 23:02:24,039 - [Epoch 2] Pretrain Loss: 24.2188
2025-07-03 23:02:24,043 - [Epoch 2] Pretrain Loss: 24.5216
2025-07-03 23:02:42,771 - [Epoch 3] Pretrain Loss: 22.5566
2025-07-03 23:02:42,776 - [Epoch 3] Pretrain Loss: 22.8131
2025-07-03 23:02:42,779 - [Epoch 3] Pretrain Loss: 22.5410
2025-07-03 23:03:01,519 - [Epoch 4] Pretrain Loss: 21.9680
2025-07-03 23:03:01,526 - [Epoch 4] Pretrain Loss: 22.2287
2025-07-03 23:03:01,526 - [Epoch 4] Pretrain Loss: 21.9460
2025-07-03 23:03:20,297 - [Epoch 5] Pretrain Loss: 21.6786
2025-07-03 23:03:20,297 - ************************************************************   Forecasting Task   ************************************************************
2025-07-03 23:03:20,297 - Evaluate on pems08_flow_short_term_forecasting:
2025-07-03 23:03:20,304 - [Epoch 5] Pretrain Loss: 21.9368
2025-07-03 23:03:20,305 - ************************************************************   Forecasting Task   ************************************************************
2025-07-03 23:03:20,305 - Evaluate on pems08_flow_short_term_forecasting:
2025-07-03 23:03:20,306 - [Epoch 5] Pretrain Loss: 21.6572
2025-07-03 23:03:20,306 - ************************************************************   Forecasting Task   ************************************************************
2025-07-03 23:03:20,306 - Evaluate on pems08_flow_short_term_forecasting:
2025-07-03 23:03:29,426 - masked_mae : 18.589574813842773
2025-07-03 23:03:29,433 - masked_rmse : 28.61496925354004
2025-07-03 23:03:29,471 - masked_mape : 0.14622187614440918
2025-07-03 23:03:29,471 - Evaluate on pems08_flow_long_term_forecasting:
2025-07-03 23:03:29,637 - masked_mae : 18.589574813842773
2025-07-03 23:03:29,644 - masked_rmse : 28.61496925354004
2025-07-03 23:03:29,676 - masked_mape : 0.14622187614440918
2025-07-03 23:03:29,676 - Evaluate on pems08_flow_long_term_forecasting:
2025-07-03 23:03:29,747 - masked_mae : 18.589574813842773
2025-07-03 23:03:29,755 - masked_rmse : 28.61496925354004
2025-07-03 23:03:29,786 - masked_mape : 0.14622187614440918
2025-07-03 23:03:29,787 - Evaluate on pems08_flow_long_term_forecasting:
2025-07-03 23:03:45,642 - masked_mae : 28.349462509155273
2025-07-03 23:03:45,666 - masked_rmse : 42.387176513671875
2025-07-03 23:03:45,711 - masked_mape : 0.24433118104934692
2025-07-03 23:03:45,711 - ************************************************************   Imputation Task   ************************************************************
2025-07-03 23:03:45,711 - Evaluate on pems08_flow_point_imputation:
2025-07-03 23:03:45,916 - masked_mae : 28.349462509155273
2025-07-03 23:03:45,940 - masked_rmse : 42.387176513671875
2025-07-03 23:03:45,984 - masked_mape : 0.24433118104934692
2025-07-03 23:03:45,985 - ************************************************************   Imputation Task   ************************************************************
2025-07-03 23:03:45,985 - Evaluate on pems08_flow_point_imputation:
2025-07-03 23:03:46,101 - masked_mae : 28.349462509155273
2025-07-03 23:03:46,125 - masked_rmse : 42.387176513671875
2025-07-03 23:03:46,170 - masked_mape : 0.24433118104934692
2025-07-03 23:03:46,170 - ************************************************************   Imputation Task   ************************************************************
2025-07-03 23:03:46,170 - Evaluate on pems08_flow_point_imputation:
2025-07-03 23:03:46,378 - masked_mae : 78.98796081542969
2025-07-03 23:03:46,384 - masked_rmse : 104.47026824951172
2025-07-03 23:03:46,392 - masked_mre : 0.3527558445930481
2025-07-03 23:03:46,392 - Evaluate on pems08_flow_block_imputation:
2025-07-03 23:03:46,656 - masked_mae : 78.98796081542969
2025-07-03 23:03:46,658 - masked_rmse : 104.47026824951172
2025-07-03 23:03:46,665 - masked_mre : 0.3527558445930481
2025-07-03 23:03:46,665 - Evaluate on pems08_flow_block_imputation:
2025-07-03 23:03:46,831 - masked_mae : 78.98796081542969
2025-07-03 23:03:46,833 - masked_rmse : 104.47026824951172
2025-07-03 23:03:46,840 - masked_mre : 0.3527558445930481
2025-07-03 23:03:46,840 - Evaluate on pems08_flow_block_imputation:
2025-07-03 23:03:47,055 - masked_mae : 107.93402099609375
2025-07-03 23:03:47,057 - masked_rmse : 130.14434814453125
2025-07-03 23:03:47,061 - masked_mre : 0.48239585757255554
2025-07-03 23:03:47,321 - masked_mae : 107.93402099609375
2025-07-03 23:03:47,323 - masked_rmse : 130.14434814453125
2025-07-03 23:03:47,327 - masked_mre : 0.48239585757255554
2025-07-03 23:03:47,499 - masked_mae : 107.93402099609375
2025-07-03 23:03:47,501 - masked_rmse : 130.14434814453125
2025-07-03 23:03:47,506 - masked_mre : 0.48239585757255554
2025-07-03 23:04:06,273 - [Epoch 6] Pretrain Loss: 21.3634
2025-07-03 23:04:06,274 - [Epoch 6] Pretrain Loss: 21.6121
2025-07-03 23:04:06,274 - ************************************************************   Forecasting Task   ************************************************************
2025-07-03 23:04:06,274 - Evaluate on pems08_flow_short_term_forecasting:
2025-07-03 23:04:06,274 - ************************************************************   Forecasting Task   ************************************************************
2025-07-03 23:04:06,274 - Evaluate on pems08_flow_short_term_forecasting:
2025-07-03 23:04:06,275 - [Epoch 6] Pretrain Loss: 21.3450
2025-07-03 23:04:06,275 - ************************************************************   Forecasting Task   ************************************************************
2025-07-03 23:04:06,275 - Evaluate on pems08_flow_short_term_forecasting:
2025-07-03 23:04:14,824 - masked_mae : 17.867170333862305
2025-07-03 23:04:14,832 - masked_rmse : 27.65228843688965
2025-07-03 23:04:14,844 - masked_mae : 17.867170333862305
2025-07-03 23:04:14,845 - masked_mape : 0.1281074732542038
2025-07-03 23:04:14,845 - Evaluate on pems08_flow_long_term_forecasting:
2025-07-03 23:04:14,851 - masked_rmse : 27.65228843688965
2025-07-03 23:04:14,865 - masked_mape : 0.1281074732542038
2025-07-03 23:04:14,865 - Evaluate on pems08_flow_long_term_forecasting:
2025-07-03 23:04:14,885 - masked_mae : 17.867170333862305
2025-07-03 23:04:14,892 - masked_rmse : 27.65228843688965
2025-07-03 23:04:14,905 - masked_mape : 0.1281074732542038
2025-07-03 23:04:14,906 - Evaluate on pems08_flow_long_term_forecasting:
2025-07-03 23:04:30,983 - masked_mae : 29.596527099609375
2025-07-03 23:04:31,007 - masked_rmse : 43.9307975769043
2025-07-03 23:04:31,052 - masked_mape : 0.21912933886051178
2025-07-03 23:04:31,052 - ************************************************************   Imputation Task   ************************************************************
2025-07-03 23:04:31,052 - Evaluate on pems08_flow_point_imputation:
2025-07-03 23:04:31,106 - masked_mae : 29.596527099609375
2025-07-03 23:04:31,130 - masked_rmse : 43.9307975769043
2025-07-03 23:04:31,175 - masked_mape : 0.21912933886051178
2025-07-03 23:04:31,175 - ************************************************************   Imputation Task   ************************************************************
2025-07-03 23:04:31,175 - Evaluate on pems08_flow_point_imputation:
2025-07-03 23:04:31,274 - masked_mae : 29.596527099609375
2025-07-03 23:04:31,298 - masked_rmse : 43.9307975769043
2025-07-03 23:04:31,343 - masked_mape : 0.21912933886051178
2025-07-03 23:04:31,343 - ************************************************************   Imputation Task   ************************************************************
2025-07-03 23:04:31,343 - Evaluate on pems08_flow_point_imputation:
2025-07-03 23:04:31,722 - masked_mae : 87.273193359375
2025-07-03 23:04:31,725 - masked_rmse : 112.98712158203125
2025-07-03 23:04:31,732 - masked_mre : 0.39008837938308716
2025-07-03 23:04:31,732 - Evaluate on pems08_flow_block_imputation:
2025-07-03 23:04:31,837 - masked_mae : 87.273193359375
2025-07-03 23:04:31,840 - masked_rmse : 112.98712158203125
2025-07-03 23:04:31,846 - masked_mre : 0.39008837938308716
2025-07-03 23:04:31,846 - Evaluate on pems08_flow_block_imputation:
2025-07-03 23:04:32,013 - masked_mae : 87.273193359375
2025-07-03 23:04:32,016 - masked_rmse : 112.98712158203125
2025-07-03 23:04:32,023 - masked_mre : 0.39008837938308716
2025-07-03 23:04:32,023 - Evaluate on pems08_flow_block_imputation:
2025-07-03 23:04:32,386 - masked_mae : 125.40692138671875
2025-07-03 23:04:32,388 - masked_rmse : 148.9641876220703
2025-07-03 23:04:32,392 - masked_mre : 0.5610114336013794
2025-07-03 23:04:32,503 - masked_mae : 125.40692138671875
2025-07-03 23:04:32,505 - masked_rmse : 148.9641876220703
2025-07-03 23:04:32,509 - masked_mre : 0.5610114336013794
2025-07-03 23:04:32,686 - masked_mae : 125.40692138671875
2025-07-03 23:04:32,688 - masked_rmse : 148.9641876220703
2025-07-03 23:04:32,693 - masked_mre : 0.5610114336013794
2025-07-03 23:04:51,467 - [Epoch 7] Pretrain Loss: 21.3574
2025-07-03 23:04:51,468 - ************************************************************   Forecasting Task   ************************************************************
2025-07-03 23:04:51,468 - Evaluate on pems08_flow_short_term_forecasting:
2025-07-03 23:04:51,470 - [Epoch 7] Pretrain Loss: 21.1155
2025-07-03 23:04:51,470 - ************************************************************   Forecasting Task   ************************************************************
2025-07-03 23:04:51,470 - Evaluate on pems08_flow_short_term_forecasting:
2025-07-03 23:04:51,475 - [Epoch 7] Pretrain Loss: 21.0901
2025-07-03 23:04:51,476 - ************************************************************   Forecasting Task   ************************************************************
2025-07-03 23:04:51,476 - Evaluate on pems08_flow_short_term_forecasting:
2025-07-03 23:05:00,011 - masked_mae : 17.484220504760742
2025-07-03 23:05:00,018 - masked_rmse : 27.135530471801758
2025-07-03 23:05:00,031 - masked_mape : 0.13236048817634583
2025-07-03 23:05:00,031 - Evaluate on pems08_flow_long_term_forecasting:
2025-07-03 23:05:00,057 - masked_mae : 17.484220504760742
2025-07-03 23:05:00,064 - masked_rmse : 27.135530471801758
2025-07-03 23:05:00,077 - masked_mape : 0.13236048817634583
2025-07-03 23:05:00,078 - Evaluate on pems08_flow_long_term_forecasting:
2025-07-03 23:05:00,086 - masked_mae : 17.484220504760742
2025-07-03 23:05:00,093 - masked_rmse : 27.135530471801758
2025-07-03 23:05:00,106 - masked_mape : 0.13236048817634583
2025-07-03 23:05:00,107 - Evaluate on pems08_flow_long_term_forecasting:
2025-07-03 23:05:16,200 - masked_mae : 27.867660522460938
2025-07-03 23:05:16,224 - masked_rmse : 41.7218017578125
2025-07-03 23:05:16,269 - masked_mape : 0.20305579900741577
2025-07-03 23:05:16,269 - ************************************************************   Imputation Task   ************************************************************
2025-07-03 23:05:16,269 - Evaluate on pems08_flow_point_imputation:
2025-07-03 23:05:16,390 - masked_mae : 27.867660522460938
2025-07-03 23:05:16,414 - masked_rmse : 41.7218017578125
2025-07-03 23:05:16,459 - masked_mape : 0.20305579900741577
2025-07-03 23:05:16,460 - ************************************************************   Imputation Task   ************************************************************
2025-07-03 23:05:16,460 - Evaluate on pems08_flow_point_imputation:
2025-07-03 23:05:16,467 - masked_mae : 27.867660522460938
2025-07-03 23:05:16,491 - masked_rmse : 41.7218017578125
2025-07-03 23:05:16,536 - masked_mape : 0.20305579900741577
2025-07-03 23:05:16,536 - ************************************************************   Imputation Task   ************************************************************
2025-07-03 23:05:16,536 - Evaluate on pems08_flow_point_imputation:
2025-07-03 23:05:16,931 - masked_mae : 82.70011901855469
2025-07-03 23:05:16,934 - masked_rmse : 106.76580810546875
2025-07-03 23:05:16,940 - masked_mre : 0.3699323832988739
2025-07-03 23:05:16,941 - Evaluate on pems08_flow_block_imputation:
2025-07-03 23:05:17,125 - masked_mae : 82.70011901855469
2025-07-03 23:05:17,128 - masked_rmse : 106.76580810546875
2025-07-03 23:05:17,134 - masked_mre : 0.3699323832988739
2025-07-03 23:05:17,134 - Evaluate on pems08_flow_block_imputation:
2025-07-03 23:05:17,198 - masked_mae : 82.70011901855469
2025-07-03 23:05:17,200 - masked_rmse : 106.76580810546875
2025-07-03 23:05:17,207 - masked_mre : 0.3699323832988739
2025-07-03 23:05:17,208 - Evaluate on pems08_flow_block_imputation:
2025-07-03 23:05:17,598 - masked_mae : 125.66108703613281
2025-07-03 23:05:17,599 - masked_rmse : 149.3519744873047
2025-07-03 23:05:17,603 - masked_mre : 0.5624504685401917
2025-07-03 23:05:17,785 - masked_mae : 125.66108703613281
2025-07-03 23:05:17,788 - masked_rmse : 149.3519744873047
2025-07-03 23:05:17,791 - masked_mre : 0.5624504685401917
2025-07-03 23:05:17,882 - masked_mae : 125.66108703613281
2025-07-03 23:05:17,884 - masked_rmse : 149.3519744873047
2025-07-03 23:05:17,889 - masked_mre : 0.5624504685401917
2025-07-03 23:05:36,664 - [Epoch 8] Pretrain Loss: 20.8485
2025-07-03 23:05:36,664 - ************************************************************   Forecasting Task   ************************************************************
2025-07-03 23:05:36,664 - [Epoch 8] Pretrain Loss: 20.8690
2025-07-03 23:05:36,664 - Evaluate on pems08_flow_short_term_forecasting:
2025-07-03 23:05:36,665 - ************************************************************   Forecasting Task   ************************************************************
2025-07-03 23:05:36,665 - Evaluate on pems08_flow_short_term_forecasting:
2025-07-03 23:05:36,667 - [Epoch 8] Pretrain Loss: 21.1079
2025-07-03 23:05:36,668 - ************************************************************   Forecasting Task   ************************************************************
2025-07-03 23:05:36,668 - Evaluate on pems08_flow_short_term_forecasting:
2025-07-03 23:05:45,175 - masked_mae : 17.647668838500977
2025-07-03 23:05:45,182 - masked_rmse : 27.204490661621094
2025-07-03 23:05:45,195 - masked_mape : 0.13323618471622467
2025-07-03 23:05:45,195 - Evaluate on pems08_flow_long_term_forecasting:
2025-07-03 23:05:45,229 - masked_mae : 17.647668838500977
2025-07-03 23:05:45,236 - masked_rmse : 27.204490661621094
2025-07-03 23:05:45,249 - masked_mape : 0.13323618471622467
2025-07-03 23:05:45,249 - Evaluate on pems08_flow_long_term_forecasting:
2025-07-03 23:05:45,293 - masked_mae : 17.647668838500977
2025-07-03 23:05:45,300 - masked_rmse : 27.204490661621094
2025-07-03 23:05:45,313 - masked_mape : 0.13323618471622467
2025-07-03 23:05:45,313 - Evaluate on pems08_flow_long_term_forecasting:
2025-07-03 23:06:01,369 - masked_mae : 27.3758544921875
2025-07-03 23:06:01,393 - masked_rmse : 40.921627044677734
2025-07-03 23:06:01,438 - masked_mape : 0.21404707431793213
2025-07-03 23:06:01,438 - ************************************************************   Imputation Task   ************************************************************
2025-07-03 23:06:01,438 - Evaluate on pems08_flow_point_imputation:
2025-07-03 23:06:01,551 - masked_mae : 27.3758544921875
2025-07-03 23:06:01,575 - masked_rmse : 40.921627044677734
2025-07-03 23:06:01,620 - masked_mape : 0.21404707431793213
2025-07-03 23:06:01,620 - ************************************************************   Imputation Task   ************************************************************
2025-07-03 23:06:01,621 - Evaluate on pems08_flow_point_imputation:
2025-07-03 23:06:01,686 - masked_mae : 27.3758544921875
2025-07-03 23:06:01,710 - masked_rmse : 40.921627044677734
2025-07-03 23:06:01,755 - masked_mape : 0.21404707431793213
2025-07-03 23:06:01,755 - ************************************************************   Imputation Task   ************************************************************
2025-07-03 23:06:01,755 - Evaluate on pems08_flow_point_imputation:
2025-07-03 23:06:02,113 - masked_mae : 80.6390151977539
2025-07-03 23:06:02,116 - masked_rmse : 104.3619613647461
2025-07-03 23:06:02,123 - masked_mre : 0.36083975434303284
2025-07-03 23:06:02,123 - Evaluate on pems08_flow_block_imputation:
2025-07-03 23:06:02,286 - masked_mae : 80.6390151977539
2025-07-03 23:06:02,288 - masked_rmse : 104.3619613647461
2025-07-03 23:06:02,295 - masked_mre : 0.36083975434303284
2025-07-03 23:06:02,295 - Evaluate on pems08_flow_block_imputation:
2025-07-03 23:06:02,431 - masked_mae : 80.6390151977539
2025-07-03 23:06:02,434 - masked_rmse : 104.3619613647461
2025-07-03 23:06:02,441 - masked_mre : 0.36083975434303284
2025-07-03 23:06:02,441 - Evaluate on pems08_flow_block_imputation:
2025-07-03 23:06:02,781 - masked_mae : 123.6747817993164
2025-07-03 23:06:02,783 - masked_rmse : 147.23452758789062
2025-07-03 23:06:02,787 - masked_mre : 0.5536197423934937
2025-07-03 23:06:02,959 - masked_mae : 123.6747817993164
2025-07-03 23:06:02,961 - masked_rmse : 147.23452758789062
2025-07-03 23:06:02,966 - masked_mre : 0.5536197423934937
2025-07-03 23:06:03,104 - masked_mae : 123.6747817993164
2025-07-03 23:06:03,106 - masked_rmse : 147.23452758789062
2025-07-03 23:06:03,110 - masked_mre : 0.5536197423934937
2025-07-03 23:06:21,949 - [Epoch 9] Pretrain Loss: 20.7324
2025-07-03 23:06:21,949 - ************************************************************   Forecasting Task   ************************************************************
2025-07-03 23:06:21,949 - Evaluate on pems08_flow_short_term_forecasting:
2025-07-03 23:06:21,953 - [Epoch 9] Pretrain Loss: 20.9763
2025-07-03 23:06:21,954 - ************************************************************   Forecasting Task   ************************************************************
2025-07-03 23:06:21,954 - Evaluate on pems08_flow_short_term_forecasting:
2025-07-03 23:06:21,955 - [Epoch 9] Pretrain Loss: 20.7105
2025-07-03 23:06:21,955 - ************************************************************   Forecasting Task   ************************************************************
2025-07-03 23:06:21,955 - Evaluate on pems08_flow_short_term_forecasting:
2025-07-03 23:06:30,497 - masked_mae : 17.429224014282227
2025-07-03 23:06:30,504 - masked_rmse : 26.99395751953125
2025-07-03 23:06:30,517 - masked_mape : 0.13001222908496857
2025-07-03 23:06:30,517 - Evaluate on pems08_flow_long_term_forecasting:
2025-07-03 23:06:30,526 - masked_mae : 17.429224014282227
2025-07-03 23:06:30,533 - masked_rmse : 26.99395751953125
2025-07-03 23:06:30,546 - masked_mape : 0.13001222908496857
2025-07-03 23:06:30,546 - Evaluate on pems08_flow_long_term_forecasting:
2025-07-03 23:06:30,571 - masked_mae : 17.429224014282227
2025-07-03 23:06:30,578 - masked_rmse : 26.99395751953125
2025-07-03 23:06:30,591 - masked_mape : 0.13001222908496857
2025-07-03 23:06:30,591 - Evaluate on pems08_flow_long_term_forecasting:
2025-07-03 23:06:46,733 - masked_mae : 27.97216796875
2025-07-03 23:06:46,757 - masked_rmse : 41.490447998046875
2025-07-03 23:06:46,802 - masked_mape : 0.20894630253314972
2025-07-03 23:06:46,802 - ************************************************************   Imputation Task   ************************************************************
2025-07-03 23:06:46,802 - Evaluate on pems08_flow_point_imputation:
2025-07-03 23:06:46,832 - masked_mae : 27.97216796875
2025-07-03 23:06:46,856 - masked_rmse : 41.490447998046875
2025-07-03 23:06:46,901 - masked_mape : 0.20894630253314972
2025-07-03 23:06:46,901 - ************************************************************   Imputation Task   ************************************************************
2025-07-03 23:06:46,901 - Evaluate on pems08_flow_point_imputation:
2025-07-03 23:06:46,997 - masked_mae : 27.97216796875
2025-07-03 23:06:47,020 - masked_rmse : 41.490447998046875
2025-07-03 23:06:47,065 - masked_mape : 0.20894630253314972
2025-07-03 23:06:47,066 - ************************************************************   Imputation Task   ************************************************************
2025-07-03 23:06:47,066 - Evaluate on pems08_flow_point_imputation:
2025-07-03 23:06:47,461 - masked_mae : 83.82657623291016
2025-07-03 23:06:47,463 - masked_rmse : 107.8498764038086
2025-07-03 23:06:47,470 - masked_mre : 0.37519240379333496
2025-07-03 23:06:47,470 - Evaluate on pems08_flow_block_imputation:
2025-07-03 23:06:47,557 - masked_mae : 83.82657623291016
2025-07-03 23:06:47,560 - masked_rmse : 107.8498764038086
2025-07-03 23:06:47,566 - masked_mre : 0.37519240379333496
2025-07-03 23:06:47,566 - Evaluate on pems08_flow_block_imputation:
2025-07-03 23:06:47,742 - masked_mae : 83.82657623291016
2025-07-03 23:06:47,745 - masked_rmse : 107.8498764038086
2025-07-03 23:06:47,752 - masked_mre : 0.37519240379333496
2025-07-03 23:06:47,752 - Evaluate on pems08_flow_block_imputation:
2025-07-03 23:06:48,119 - masked_mae : 129.9852752685547
2025-07-03 23:06:48,121 - masked_rmse : 154.3460693359375
2025-07-03 23:06:48,126 - masked_mre : 0.5820055603981018
2025-07-03 23:06:48,226 - masked_mae : 129.9852752685547
2025-07-03 23:06:48,228 - masked_rmse : 154.3460693359375
2025-07-03 23:06:48,232 - masked_mre : 0.5820055603981018
2025-07-03 23:06:48,420 - masked_mae : 129.9852752685547
2025-07-03 23:06:48,422 - masked_rmse : 154.3460693359375
2025-07-03 23:06:48,426 - masked_mre : 0.5820055603981018
2025-07-03 23:07:07,258 - [Epoch 10] Pretrain Loss: 20.8731
2025-07-03 23:07:07,259 - ************************************************************   Forecasting Task   ************************************************************
2025-07-03 23:07:07,259 - Evaluate on pems08_flow_short_term_forecasting:
2025-07-03 23:07:07,263 - [Epoch 10] Pretrain Loss: 20.6384
2025-07-03 23:07:07,264 - ************************************************************   Forecasting Task   ************************************************************
2025-07-03 23:07:07,264 - Evaluate on pems08_flow_short_term_forecasting:
2025-07-03 23:07:07,268 - [Epoch 10] Pretrain Loss: 20.6116
2025-07-03 23:07:07,268 - ************************************************************   Forecasting Task   ************************************************************
2025-07-03 23:07:07,268 - Evaluate on pems08_flow_short_term_forecasting:
2025-07-03 23:07:15,812 - masked_mae : 17.592111587524414
2025-07-03 23:07:15,819 - masked_rmse : 27.005964279174805
2025-07-03 23:07:15,832 - masked_mape : 0.13461579382419586
2025-07-03 23:07:15,833 - Evaluate on pems08_flow_long_term_forecasting:
2025-07-03 23:07:15,855 - masked_mae : 17.592111587524414
2025-07-03 23:07:15,862 - masked_rmse : 27.005964279174805
2025-07-03 23:07:15,869 - masked_mae : 17.592111587524414
2025-07-03 23:07:15,875 - masked_mape : 0.13461579382419586
2025-07-03 23:07:15,876 - Evaluate on pems08_flow_long_term_forecasting:
2025-07-03 23:07:15,876 - masked_rmse : 27.005964279174805
2025-07-03 23:07:15,890 - masked_mape : 0.13461579382419586
2025-07-03 23:07:15,890 - Evaluate on pems08_flow_long_term_forecasting:
2025-07-03 23:07:32,064 - masked_mae : 27.07514762878418
2025-07-03 23:07:32,088 - masked_rmse : 40.0953369140625
2025-07-03 23:07:32,133 - masked_mape : 0.21226279437541962
2025-07-03 23:07:32,134 - ************************************************************   Imputation Task   ************************************************************
2025-07-03 23:07:32,134 - Evaluate on pems08_flow_point_imputation:
2025-07-03 23:07:32,201 - masked_mae : 27.07514762878418
2025-07-03 23:07:32,224 - masked_rmse : 40.0953369140625
2025-07-03 23:07:32,269 - masked_mape : 0.21226279437541962
2025-07-03 23:07:32,270 - ************************************************************   Imputation Task   ************************************************************
2025-07-03 23:07:32,270 - Evaluate on pems08_flow_point_imputation:
2025-07-03 23:07:32,304 - masked_mae : 27.07514762878418
2025-07-03 23:07:32,328 - masked_rmse : 40.0953369140625
2025-07-03 23:07:32,373 - masked_mape : 0.21226279437541962
2025-07-03 23:07:32,373 - ************************************************************   Imputation Task   ************************************************************
2025-07-03 23:07:32,373 - Evaluate on pems08_flow_point_imputation:
2025-07-03 23:07:32,795 - masked_mae : 77.03350067138672
2025-07-03 23:07:32,798 - masked_rmse : 100.0872802734375
2025-07-03 23:07:32,805 - masked_mre : 0.3447698652744293
2025-07-03 23:07:32,805 - Evaluate on pems08_flow_block_imputation:
2025-07-03 23:07:32,932 - masked_mae : 77.03350067138672
2025-07-03 23:07:32,934 - masked_rmse : 100.0872802734375
2025-07-03 23:07:32,941 - masked_mre : 0.3447698652744293
2025-07-03 23:07:32,941 - Evaluate on pems08_flow_block_imputation:
2025-07-03 23:07:33,034 - masked_mae : 77.03350067138672
2025-07-03 23:07:33,037 - masked_rmse : 100.0872802734375
2025-07-03 23:07:33,044 - masked_mre : 0.3447698652744293
2025-07-03 23:07:33,044 - Evaluate on pems08_flow_block_imputation:
2025-07-03 23:07:33,461 - masked_mae : 121.72137451171875
2025-07-03 23:07:33,463 - masked_rmse : 144.94168090820312
2025-07-03 23:07:33,467 - masked_mre : 0.5449351668357849
2025-07-03 23:07:33,591 - masked_mae : 121.72137451171875
2025-07-03 23:07:33,592 - masked_rmse : 144.94168090820312
2025-07-03 23:07:33,596 - masked_mre : 0.5449351668357849
2025-07-03 23:07:33,711 - masked_mae : 121.72137451171875
2025-07-03 23:07:33,713 - masked_rmse : 144.94168090820312
2025-07-03 23:07:33,717 - masked_mre : 0.5449351668357849
2025-07-04 16:36:49,469 - logger name:log/foundation/urbanfm_downstream/dataset_ratio_100.0%/model_layer_4_4/0/record.log
2025-07-04 16:36:49,494 - logger name:log/foundation/urbanfm_downstream/dataset_ratio_100.0%/model_layer_4_4/0/record.log
2025-07-04 16:36:49,498 - logger name:log/foundation/urbanfm_downstream/dataset_ratio_100.0%/model_layer_4_4/0/record.log
2025-07-04 16:39:18,288 - 
============================== Model Parameters ==============================
2025-07-04 16:39:18,289 - Total Parameters: 400,193 (≈ 0.40 M or ≈ 0.00 B)
2025-07-04 16:39:18,289 - Trainable Parameters: 400,193 (≈ 0.40 M or ≈ 0.00 B)
2025-07-04 16:39:18,289 - ========================================================================

2025-07-04 16:39:18,289 - 
============================== Model Parameters ==============================
2025-07-04 16:39:18,289 - Total Parameters: 400,193 (≈ 0.40 M or ≈ 0.00 B)
2025-07-04 16:39:18,289 - Trainable Parameters: 400,193 (≈ 0.40 M or ≈ 0.00 B)
2025-07-04 16:39:18,289 - ========================================================================

2025-07-04 16:39:18,290 - 
============================== Model Parameters ==============================
2025-07-04 16:39:18,290 - Total Parameters: 400,193 (≈ 0.40 M or ≈ 0.00 B)
2025-07-04 16:39:18,290 - Trainable Parameters: 400,193 (≈ 0.40 M or ≈ 0.00 B)
2025-07-04 16:39:18,290 - ========================================================================

2025-07-04 16:39:41,217 - [Epoch 1] Pretrain Loss: 42.6580
2025-07-04 16:39:41,231 - [Epoch 1] Pretrain Loss: 42.1471
2025-07-04 16:39:41,250 - [Epoch 1] Pretrain Loss: 41.8478
2025-07-04 16:40:01,139 - [Epoch 2] Pretrain Loss: 24.2188
2025-07-04 16:40:01,154 - [Epoch 2] Pretrain Loss: 24.5216
2025-07-04 16:40:01,174 - [Epoch 2] Pretrain Loss: 24.2634
2025-07-04 16:40:21,060 - [Epoch 3] Pretrain Loss: 22.5566
2025-07-04 16:40:21,083 - [Epoch 3] Pretrain Loss: 22.5410
2025-07-04 16:40:21,086 - [Epoch 3] Pretrain Loss: 22.8131
2025-07-04 16:40:40,989 - [Epoch 4] Pretrain Loss: 22.2287
2025-07-04 16:40:41,013 - [Epoch 4] Pretrain Loss: 21.9680
2025-07-04 16:40:41,033 - [Epoch 4] Pretrain Loss: 21.9460
2025-07-04 16:41:01,002 - [Epoch 5] Pretrain Loss: 21.6786
2025-07-04 16:41:01,003 - ************************************************************   Forecasting Task   ************************************************************
2025-07-04 16:41:01,003 - Evaluate on pems03_flow_short_term_forecasting:
2025-07-04 16:41:01,009 - [Epoch 5] Pretrain Loss: 21.9368
2025-07-04 16:41:01,010 - ************************************************************   Forecasting Task   ************************************************************
2025-07-04 16:41:01,010 - Evaluate on pems03_flow_short_term_forecasting:
2025-07-04 16:41:01,016 - [Epoch 5] Pretrain Loss: 21.6572
2025-07-04 16:41:01,017 - ************************************************************   Forecasting Task   ************************************************************
2025-07-04 16:41:01,017 - Evaluate on pems03_flow_short_term_forecasting:
2025-07-04 16:41:30,316 - masked_mae : 16.80852699279785
2025-07-04 16:41:30,335 - masked_rmse : 26.171560287475586
2025-07-04 16:41:30,389 - masked_mape : 0.1696835160255432
2025-07-04 16:41:30,389 - Evaluate on pems03_flow_long_term_forecasting:
2025-07-04 16:41:30,765 - masked_mae : 16.80852699279785
2025-07-04 16:41:30,784 - masked_rmse : 26.171560287475586
2025-07-04 16:41:30,839 - masked_mape : 0.1696835160255432
2025-07-04 16:41:30,840 - Evaluate on pems03_flow_long_term_forecasting:
2025-07-04 16:41:31,432 - masked_mae : 16.80852699279785
2025-07-04 16:41:31,452 - masked_rmse : 26.171560287475586
2025-07-04 16:41:31,506 - masked_mape : 0.1696835160255432
2025-07-04 16:41:31,507 - Evaluate on pems03_flow_long_term_forecasting:
2025-07-04 16:42:21,006 - masked_mae : 25.07008934020996
2025-07-04 16:42:21,074 - masked_rmse : 38.332828521728516
2025-07-04 16:42:21,205 - masked_mape : 0.2817363440990448
2025-07-04 16:42:21,206 - Evaluate on pems04_flow_short_term_forecasting:
2025-07-04 16:42:21,746 - masked_mae : 25.07008934020996
2025-07-04 16:42:21,814 - masked_rmse : 38.332828521728516
2025-07-04 16:42:21,945 - masked_mape : 0.2817363440990448
2025-07-04 16:42:21,945 - Evaluate on pems04_flow_short_term_forecasting:
2025-07-04 16:42:22,298 - masked_mae : 25.07008934020996
2025-07-04 16:42:22,366 - masked_rmse : 38.332828521728516
2025-07-04 16:42:22,497 - masked_mape : 0.2817363440990448
2025-07-04 16:42:22,497 - Evaluate on pems04_flow_short_term_forecasting:
2025-07-04 16:42:36,926 - masked_mae : 23.160898208618164
2025-07-04 16:42:36,937 - masked_rmse : 36.46635818481445
2025-07-04 16:42:36,959 - masked_mape : 0.16756437718868256
2025-07-04 16:42:36,959 - Evaluate on pems04_flow_long_term_forecasting:
2025-07-04 16:42:37,736 - masked_mae : 23.160898208618164
2025-07-04 16:42:37,748 - masked_rmse : 36.46635818481445
2025-07-04 16:42:37,769 - masked_mape : 0.16756437718868256
2025-07-04 16:42:37,769 - Evaluate on pems04_flow_long_term_forecasting:
2025-07-04 16:42:38,145 - masked_mae : 23.160898208618164
2025-07-04 16:42:38,157 - masked_rmse : 36.46635818481445
2025-07-04 16:42:38,178 - masked_mape : 0.16756437718868256
2025-07-04 16:42:38,179 - Evaluate on pems04_flow_long_term_forecasting:
2025-07-04 16:43:06,023 - masked_mae : 34.56871795654297
2025-07-04 16:43:06,062 - masked_rmse : 52.31728744506836
2025-07-04 16:43:06,137 - masked_mape : 0.2760308086872101
2025-07-04 16:43:06,137 - Evaluate on pems07_flow_short_term_forecasting:
2025-07-04 16:43:07,019 - masked_mae : 34.56871795654297
2025-07-04 16:43:07,049 - masked_mae : 34.56871795654297
2025-07-04 16:43:07,059 - masked_rmse : 52.31728744506836
2025-07-04 16:43:07,088 - masked_rmse : 52.31728744506836
2025-07-04 16:43:07,133 - masked_mape : 0.2760308086872101
2025-07-04 16:43:07,134 - Evaluate on pems07_flow_short_term_forecasting:
2025-07-04 16:43:07,163 - masked_mape : 0.2760308086872101
2025-07-04 16:43:07,163 - Evaluate on pems07_flow_short_term_forecasting:
2025-07-04 16:44:19,333 - masked_mae : 27.372085571289062
2025-07-04 16:44:19,382 - masked_rmse : 41.2645263671875
2025-07-04 16:44:19,476 - masked_mape : 0.13911472260951996
2025-07-04 16:44:19,477 - Evaluate on pems07_flow_long_term_forecasting:
2025-07-04 16:44:19,887 - masked_mae : 27.372085571289062
2025-07-04 16:44:19,910 - masked_mae : 27.372085571289062
2025-07-04 16:44:19,936 - masked_rmse : 41.2645263671875
2025-07-04 16:44:19,958 - masked_rmse : 41.2645263671875
2025-07-04 16:44:20,030 - masked_mape : 0.13911472260951996
2025-07-04 16:44:20,031 - Evaluate on pems07_flow_long_term_forecasting:
2025-07-04 16:44:20,052 - masked_mape : 0.13911472260951996
2025-07-04 16:44:20,053 - Evaluate on pems07_flow_long_term_forecasting:
2025-07-04 16:46:30,177 - masked_mae : 42.000762939453125
2025-07-04 16:46:30,279 - masked_mae : 42.000762939453125
2025-07-04 16:46:30,353 - masked_rmse : 61.903167724609375
2025-07-04 16:46:30,454 - masked_rmse : 61.903167724609375
2025-07-04 16:46:30,689 - masked_mape : 0.24013562500476837
2025-07-04 16:46:30,689 - Evaluate on pems08_flow_short_term_forecasting:
2025-07-04 16:46:30,790 - masked_mape : 0.24013562500476837
2025-07-04 16:46:30,791 - Evaluate on pems08_flow_short_term_forecasting:
2025-07-04 16:46:31,128 - masked_mae : 42.000762939453125
2025-07-04 16:46:31,304 - masked_rmse : 61.903167724609375
2025-07-04 16:46:31,640 - masked_mape : 0.24013562500476837
2025-07-04 16:46:31,641 - Evaluate on pems08_flow_short_term_forecasting:
2025-07-04 16:46:40,374 - masked_mae : 18.589574813842773
2025-07-04 16:46:40,382 - masked_rmse : 28.61496925354004
2025-07-04 16:46:40,395 - masked_mape : 0.14622187614440918
2025-07-04 16:46:40,395 - Evaluate on pems08_flow_long_term_forecasting:
2025-07-04 16:46:40,518 - masked_mae : 18.589574813842773
2025-07-04 16:46:40,526 - masked_rmse : 28.61496925354004
2025-07-04 16:46:40,539 - masked_mape : 0.14622187614440918
2025-07-04 16:46:40,539 - Evaluate on pems08_flow_long_term_forecasting:
2025-07-04 16:46:41,469 - masked_mae : 18.589574813842773
2025-07-04 16:46:41,476 - masked_rmse : 28.61496925354004
2025-07-04 16:46:41,489 - masked_mape : 0.14622187614440918
2025-07-04 16:46:41,490 - Evaluate on pems08_flow_long_term_forecasting:
2025-07-04 16:46:57,798 - masked_mae : 28.349462509155273
2025-07-04 16:46:57,822 - masked_rmse : 42.387176513671875
2025-07-04 16:46:57,867 - masked_mape : 0.24433118104934692
2025-07-04 16:46:57,867 - ************************************************************   Imputation Task   ************************************************************
2025-07-04 16:46:57,867 - Evaluate on pems08_flow_point_imputation:
2025-07-04 16:46:58,026 - masked_mae : 28.349462509155273
2025-07-04 16:46:58,050 - masked_rmse : 42.387176513671875
2025-07-04 16:46:58,094 - masked_mape : 0.24433118104934692
2025-07-04 16:46:58,095 - ************************************************************   Imputation Task   ************************************************************
2025-07-04 16:46:58,095 - Evaluate on pems08_flow_point_imputation:
2025-07-04 16:46:59,036 - masked_mae : 28.349462509155273
2025-07-04 16:46:59,060 - masked_rmse : 42.387176513671875
2025-07-04 16:46:59,104 - masked_mape : 0.24433118104934692
2025-07-04 16:46:59,105 - ************************************************************   Imputation Task   ************************************************************
2025-07-04 16:46:59,105 - Evaluate on pems08_flow_point_imputation:
2025-07-04 16:46:59,683 - masked_mae : 78.98796081542969
2025-07-04 16:46:59,686 - masked_rmse : 104.47026824951172
2025-07-04 16:46:59,692 - masked_mre : 0.3527558445930481
2025-07-04 16:46:59,693 - Evaluate on pems08_flow_block_imputation:
2025-07-04 16:46:59,893 - masked_mae : 78.98796081542969
2025-07-04 16:46:59,895 - masked_rmse : 104.47026824951172
2025-07-04 16:46:59,900 - masked_mre : 0.3527558445930481
2025-07-04 16:46:59,900 - Evaluate on pems08_flow_block_imputation:
2025-07-04 16:47:00,924 - masked_mae : 78.98796081542969
2025-07-04 16:47:00,926 - masked_rmse : 104.47026824951172
2025-07-04 16:47:00,933 - masked_mre : 0.3527558445930481
2025-07-04 16:47:00,933 - Evaluate on pems08_flow_block_imputation:
2025-07-04 16:47:01,490 - masked_mae : 107.93402099609375
2025-07-04 16:47:01,492 - masked_rmse : 130.14434814453125
2025-07-04 16:47:01,496 - masked_mre : 0.48239585757255554
2025-07-04 16:47:01,686 - masked_mae : 107.93402099609375
2025-07-04 16:47:01,688 - masked_rmse : 130.14434814453125
2025-07-04 16:47:01,692 - masked_mre : 0.48239585757255554
2025-07-04 16:47:02,734 - masked_mae : 107.93402099609375
2025-07-04 16:47:02,737 - masked_rmse : 130.14434814453125
2025-07-04 16:47:02,742 - masked_mre : 0.48239585757255554
2025-07-04 16:47:22,699 - [Epoch 6] Pretrain Loss: 21.3450
2025-07-04 16:47:22,700 - ************************************************************   Forecasting Task   ************************************************************
2025-07-04 16:47:22,700 - Evaluate on pems03_flow_short_term_forecasting:
2025-07-04 16:47:22,705 - [Epoch 6] Pretrain Loss: 21.6121
2025-07-04 16:47:22,706 - ************************************************************   Forecasting Task   ************************************************************
2025-07-04 16:47:22,706 - Evaluate on pems03_flow_short_term_forecasting:
2025-07-04 16:47:22,715 - [Epoch 6] Pretrain Loss: 21.3634
2025-07-04 16:47:22,716 - ************************************************************   Forecasting Task   ************************************************************
2025-07-04 16:47:22,716 - Evaluate on pems03_flow_short_term_forecasting:
2025-07-04 16:47:49,589 - masked_mae : 16.068458557128906
2025-07-04 16:47:49,608 - masked_rmse : 25.112274169921875
2025-07-04 16:47:49,645 - masked_mape : 0.1536366194486618
2025-07-04 16:47:49,646 - Evaluate on pems03_flow_long_term_forecasting:
2025-07-04 16:47:49,719 - masked_mae : 16.068458557128906
2025-07-04 16:47:49,738 - masked_rmse : 25.112274169921875
2025-07-04 16:47:49,743 - masked_mae : 16.068458557128906
2025-07-04 16:47:49,763 - masked_rmse : 25.112274169921875
2025-07-04 16:47:49,775 - masked_mape : 0.1536366194486618
2025-07-04 16:47:49,776 - Evaluate on pems03_flow_long_term_forecasting:
2025-07-04 16:47:49,800 - masked_mape : 0.1536366194486618
2025-07-04 16:47:49,800 - Evaluate on pems03_flow_long_term_forecasting:
2025-07-04 16:48:40,281 - masked_mae : 26.134511947631836
2025-07-04 16:48:40,350 - masked_rmse : 39.999080657958984
2025-07-04 16:48:40,480 - masked_mape : 0.26369133591651917
2025-07-04 16:48:40,481 - Evaluate on pems04_flow_short_term_forecasting:
2025-07-04 16:48:40,651 - masked_mae : 26.134511947631836
2025-07-04 16:48:40,697 - masked_mae : 26.134511947631836
2025-07-04 16:48:40,719 - masked_rmse : 39.999080657958984
2025-07-04 16:48:40,765 - masked_rmse : 39.999080657958984
2025-07-04 16:48:40,850 - masked_mape : 0.26369133591651917
2025-07-04 16:48:40,850 - Evaluate on pems04_flow_short_term_forecasting:
2025-07-04 16:48:40,896 - masked_mape : 0.26369133591651917
2025-07-04 16:48:40,897 - Evaluate on pems04_flow_short_term_forecasting:
2025-07-04 16:48:56,186 - masked_mae : 22.449186325073242
2025-07-04 16:48:56,197 - masked_rmse : 35.452911376953125
2025-07-04 16:48:56,218 - masked_mape : 0.15254923701286316
2025-07-04 16:48:56,219 - Evaluate on pems04_flow_long_term_forecasting:
2025-07-04 16:48:56,635 - masked_mae : 22.449186325073242
2025-07-04 16:48:56,647 - masked_rmse : 35.452911376953125
2025-07-04 16:48:56,669 - masked_mape : 0.15254923701286316
2025-07-04 16:48:56,669 - Evaluate on pems04_flow_long_term_forecasting:
2025-07-04 16:48:56,753 - masked_mae : 22.449186325073242
2025-07-04 16:48:56,764 - masked_rmse : 35.452911376953125
2025-07-04 16:48:56,786 - masked_mape : 0.15254923701286316
2025-07-04 16:48:56,786 - Evaluate on pems04_flow_long_term_forecasting:
2025-07-04 16:49:25,257 - masked_mae : 35.57900619506836
2025-07-04 16:49:25,297 - masked_rmse : 53.68934631347656
2025-07-04 16:49:25,372 - masked_mape : 0.25773850083351135
2025-07-04 16:49:25,372 - Evaluate on pems07_flow_short_term_forecasting:
2025-07-04 16:49:25,871 - masked_mae : 35.57900619506836
2025-07-04 16:49:25,910 - masked_rmse : 53.68934631347656
2025-07-04 16:49:25,985 - masked_mape : 0.25773850083351135
2025-07-04 16:49:25,985 - Evaluate on pems07_flow_short_term_forecasting:
2025-07-04 16:49:26,097 - masked_mae : 35.57900619506836
2025-07-04 16:49:26,137 - masked_rmse : 53.68934631347656
2025-07-04 16:49:26,212 - masked_mape : 0.25773850083351135
2025-07-04 16:49:26,212 - Evaluate on pems07_flow_short_term_forecasting:
2025-07-04 16:50:33,292 - masked_mae : 26.369394302368164
2025-07-04 16:50:33,341 - masked_rmse : 39.80995559692383
2025-07-04 16:50:33,435 - masked_mape : 0.12321116775274277
2025-07-04 16:50:33,436 - Evaluate on pems07_flow_long_term_forecasting:
2025-07-04 16:50:34,223 - masked_mae : 26.369394302368164
2025-07-04 16:50:34,272 - masked_rmse : 39.80995559692383
2025-07-04 16:50:34,365 - masked_mape : 0.12321116775274277
2025-07-04 16:50:34,367 - Evaluate on pems07_flow_long_term_forecasting:
2025-07-04 16:50:34,861 - masked_mae : 26.369394302368164
2025-07-04 16:50:34,910 - masked_rmse : 39.80995559692383
2025-07-04 16:50:35,004 - masked_mape : 0.12321116775274277
2025-07-04 16:50:35,005 - Evaluate on pems07_flow_long_term_forecasting:
2025-07-04 16:52:43,729 - masked_mae : 43.20305252075195
2025-07-04 16:52:43,905 - masked_rmse : 63.60349655151367
2025-07-04 16:52:44,241 - masked_mape : 0.2214450091123581
2025-07-04 16:52:44,242 - Evaluate on pems08_flow_short_term_forecasting:
2025-07-04 16:52:45,574 - masked_mae : 43.20305252075195
2025-07-04 16:52:45,750 - masked_rmse : 63.60349655151367
2025-07-04 16:52:46,086 - masked_mape : 0.2214450091123581
2025-07-04 16:52:46,087 - Evaluate on pems08_flow_short_term_forecasting:
2025-07-04 16:52:46,549 - masked_mae : 43.20305252075195
2025-07-04 16:52:46,725 - masked_rmse : 63.60349655151367
2025-07-04 16:52:47,061 - masked_mape : 0.2214450091123581
2025-07-04 16:52:47,062 - Evaluate on pems08_flow_short_term_forecasting:
2025-07-04 16:52:53,974 - masked_mae : 17.867170333862305
2025-07-04 16:52:53,981 - masked_rmse : 27.65228843688965
2025-07-04 16:52:53,994 - masked_mape : 0.1281074732542038
2025-07-04 16:52:53,994 - Evaluate on pems08_flow_long_term_forecasting:
2025-07-04 16:52:55,867 - masked_mae : 17.867170333862305
2025-07-04 16:52:55,874 - masked_rmse : 27.65228843688965
2025-07-04 16:52:55,887 - masked_mape : 0.1281074732542038
2025-07-04 16:52:55,887 - Evaluate on pems08_flow_long_term_forecasting:
2025-07-04 16:52:56,885 - masked_mae : 17.867170333862305
2025-07-04 16:52:56,893 - masked_rmse : 27.65228843688965
2025-07-04 16:52:56,906 - masked_mape : 0.1281074732542038
2025-07-04 16:52:56,906 - Evaluate on pems08_flow_long_term_forecasting:
2025-07-04 16:53:11,461 - masked_mae : 29.596527099609375
2025-07-04 16:53:11,485 - masked_rmse : 43.9307975769043
2025-07-04 16:53:11,530 - masked_mape : 0.21912933886051178
2025-07-04 16:53:11,530 - ************************************************************   Imputation Task   ************************************************************
2025-07-04 16:53:11,530 - Evaluate on pems08_flow_point_imputation:
2025-07-04 16:53:13,371 - masked_mae : 87.273193359375
2025-07-04 16:53:13,373 - masked_rmse : 112.98712158203125
2025-07-04 16:53:13,378 - masked_mre : 0.39008837938308716
2025-07-04 16:53:13,379 - Evaluate on pems08_flow_block_imputation:
2025-07-04 16:53:13,379 - masked_mae : 29.596527099609375
2025-07-04 16:53:13,403 - masked_rmse : 43.9307975769043
2025-07-04 16:53:13,448 - masked_mape : 0.21912933886051178
2025-07-04 16:53:13,449 - ************************************************************   Imputation Task   ************************************************************
2025-07-04 16:53:13,449 - Evaluate on pems08_flow_point_imputation:
2025-07-04 16:53:14,544 - masked_mae : 29.596527099609375
2025-07-04 16:53:14,567 - masked_rmse : 43.9307975769043
2025-07-04 16:53:14,612 - masked_mape : 0.21912933886051178
2025-07-04 16:53:14,613 - ************************************************************   Imputation Task   ************************************************************
2025-07-04 16:53:14,613 - Evaluate on pems08_flow_point_imputation:
2025-07-04 16:53:15,218 - masked_mae : 125.40692138671875
2025-07-04 16:53:15,220 - masked_rmse : 148.9641876220703
2025-07-04 16:53:15,224 - masked_mre : 0.5610114336013794
2025-07-04 16:53:15,296 - masked_mae : 87.273193359375
2025-07-04 16:53:15,298 - masked_rmse : 112.98712158203125
2025-07-04 16:53:15,303 - masked_mre : 0.39008837938308716
2025-07-04 16:53:15,304 - Evaluate on pems08_flow_block_imputation:
2025-07-04 16:53:16,488 - masked_mae : 87.273193359375
2025-07-04 16:53:16,490 - masked_rmse : 112.98712158203125
2025-07-04 16:53:16,497 - masked_mre : 0.39008837938308716
2025-07-04 16:53:16,497 - Evaluate on pems08_flow_block_imputation:
2025-07-04 16:53:17,150 - masked_mae : 125.40692138671875
2025-07-04 16:53:17,152 - masked_rmse : 148.9641876220703
2025-07-04 16:53:17,157 - masked_mre : 0.5610114336013794
2025-07-04 16:53:18,357 - masked_mae : 125.40692138671875
2025-07-04 16:53:18,359 - masked_rmse : 148.9641876220703
2025-07-04 16:53:18,363 - masked_mre : 0.5610114336013794
2025-07-04 16:53:38,390 - [Epoch 7] Pretrain Loss: 21.3574
2025-07-04 16:53:38,390 - ************************************************************   Forecasting Task   ************************************************************
2025-07-04 16:53:38,390 - Evaluate on pems03_flow_short_term_forecasting:
2025-07-04 16:53:38,411 - [Epoch 7] Pretrain Loss: 21.1155
2025-07-04 16:53:38,411 - ************************************************************   Forecasting Task   ************************************************************
2025-07-04 16:53:38,411 - Evaluate on pems03_flow_short_term_forecasting:
2025-07-04 16:53:38,421 - [Epoch 7] Pretrain Loss: 21.0901
2025-07-04 16:53:38,421 - ************************************************************   Forecasting Task   ************************************************************
2025-07-04 16:53:38,421 - Evaluate on pems03_flow_short_term_forecasting:
2025-07-04 17:27:56,695 - logger name:log/foundation/urbanfm_downstream/dataset_ratio_100.0%/model_layer_4_4/0/record.log
2025-07-04 17:27:56,695 - logger name:log/foundation/urbanfm_downstream/dataset_ratio_100.0%/model_layer_4_4/0/record.log
2025-07-04 17:27:56,696 - logger name:log/foundation/urbanfm_downstream/dataset_ratio_100.0%/model_layer_4_4/0/record.log
2025-07-04 21:03:05,764 - logger name:log/foundation/urbanfm_downstream/dataset_ratio_100.0%/model_layer_4_4/0/record.log
2025-07-04 21:03:05,767 - logger name:log/foundation/urbanfm_downstream/dataset_ratio_100.0%/model_layer_4_4/0/record.log
2025-07-04 21:03:37,588 - logger name:log/foundation/urbanfm_downstream/dataset_ratio_100.0%/model_layer_4_4/0/record.log
2025-07-04 21:03:37,590 - logger name:log/foundation/urbanfm_downstream/dataset_ratio_100.0%/model_layer_4_4/0/record.log
2025-07-04 21:06:43,489 - logger name:log/foundation/urbanfm_downstream/dataset_ratio_100.0%/model_layer_4_4/0/record.log
2025-07-04 21:09:30,756 - logger name:log/foundation/urbanfm_downstream/dataset_ratio_100.0%/model_layer_4_4/0/record.log
2025-07-04 21:13:04,230 - logger name:log/foundation/urbanfm_downstream/dataset_ratio_100.0%/model_layer_4_4/0/record.log
2025-07-04 21:13:19,613 - 
============================== Model Parameters ==============================
2025-07-04 21:13:19,613 - Total Parameters: 400,193 (≈ 0.40 M or ≈ 0.00 B)
2025-07-04 21:13:19,613 - Trainable Parameters: 400,193 (≈ 0.40 M or ≈ 0.00 B)
2025-07-04 21:13:19,613 - ========================================================================

2025-07-04 21:13:48,960 - [Epoch 1] Pretrain Loss: 36.4611
2025-07-04 21:14:16,835 - [Epoch 2] Pretrain Loss: 22.7218
2025-07-04 21:14:44,694 - [Epoch 3] Pretrain Loss: 21.9037
2025-07-04 21:15:12,599 - [Epoch 4] Pretrain Loss: 21.4788
2025-07-04 21:15:40,541 - [Epoch 5] Pretrain Loss: 20.9743
2025-07-04 21:15:40,542 - ************************************************************   Forecasting Task   ************************************************************
2025-07-04 21:15:40,542 - Evaluate on pems08_flow_short_term_forecasting:
2025-07-04 21:15:49,921 - masked_mae : 17.57021713256836
2025-07-04 21:15:49,928 - masked_rmse : 27.243988037109375
2025-07-04 21:15:49,961 - masked_mape : 0.13449911773204803
2025-07-04 21:15:49,962 - Evaluate on pems08_flow_long_term_forecasting:
2025-07-04 21:16:06,433 - masked_mae : 27.69597816467285
2025-07-04 21:16:06,457 - masked_rmse : 41.47115707397461
2025-07-04 21:16:06,501 - masked_mape : 0.2152888923883438
2025-07-04 21:16:06,502 - ************************************************************   Imputation Task   ************************************************************
2025-07-04 21:16:06,502 - Evaluate on pems08_flow_point_imputation:
2025-07-04 21:16:07,086 - masked_mae : 81.48506164550781
2025-07-04 21:16:07,088 - masked_rmse : 105.25440979003906
2025-07-04 21:16:07,093 - masked_mre : 0.36456459760665894
2025-07-04 21:16:07,093 - Evaluate on pems08_flow_block_imputation:
2025-07-04 21:16:07,667 - masked_mae : 124.86221313476562
2025-07-04 21:16:07,669 - masked_rmse : 148.45941162109375
2025-07-04 21:16:07,673 - masked_mre : 0.558952808380127
2025-07-04 21:16:35,854 - [Epoch 6] Pretrain Loss: 20.7664
2025-07-04 21:16:35,855 - ************************************************************   Forecasting Task   ************************************************************
2025-07-04 21:16:35,855 - Evaluate on pems08_flow_short_term_forecasting:
2025-07-04 21:16:44,359 - masked_mae : 17.478952407836914
2025-07-04 21:16:44,367 - masked_rmse : 27.06611442565918
2025-07-04 21:16:44,380 - masked_mape : 0.13689573109149933
2025-07-04 21:16:44,380 - Evaluate on pems08_flow_long_term_forecasting:
2025-07-04 21:17:00,585 - masked_mae : 27.20147132873535
2025-07-04 21:17:00,609 - masked_rmse : 40.57227325439453
2025-07-04 21:17:00,654 - masked_mape : 0.2221604734659195
2025-07-04 21:17:00,654 - ************************************************************   Imputation Task   ************************************************************
2025-07-04 21:17:00,654 - Evaluate on pems08_flow_point_imputation:
2025-07-04 21:17:01,234 - masked_mae : 79.7018051147461
2025-07-04 21:17:01,236 - masked_rmse : 103.1046142578125
2025-07-04 21:17:01,240 - masked_mre : 0.35660356283187866
2025-07-04 21:17:01,240 - Evaluate on pems08_flow_block_imputation:
2025-07-04 21:17:01,817 - masked_mae : 123.41095733642578
2025-07-04 21:17:01,819 - masked_rmse : 147.0435028076172
2025-07-04 21:17:01,823 - masked_mre : 0.5524768233299255
2025-07-04 21:17:29,894 - [Epoch 7] Pretrain Loss: 20.6203
2025-07-04 21:17:29,894 - ************************************************************   Forecasting Task   ************************************************************
2025-07-04 21:17:29,894 - Evaluate on pems08_flow_short_term_forecasting:
2025-07-04 21:17:38,391 - masked_mae : 17.398773193359375
2025-07-04 21:17:38,398 - masked_rmse : 26.91280174255371
2025-07-04 21:17:38,411 - masked_mape : 0.1351543515920639
2025-07-04 21:17:38,411 - Evaluate on pems08_flow_long_term_forecasting:
2025-07-04 21:17:54,605 - masked_mae : 27.210586547851562
2025-07-04 21:17:54,629 - masked_rmse : 40.3056755065918
2025-07-04 21:17:54,674 - masked_mape : 0.2219913750886917
2025-07-04 21:17:54,674 - ************************************************************   Imputation Task   ************************************************************
2025-07-04 21:17:54,674 - Evaluate on pems08_flow_point_imputation:
2025-07-04 21:17:55,258 - masked_mae : 76.50982666015625
2025-07-04 21:17:55,261 - masked_rmse : 99.19465637207031
2025-07-04 21:17:55,265 - masked_mre : 0.3423598110675812
2025-07-04 21:17:55,265 - Evaluate on pems08_flow_block_imputation:
2025-07-04 21:17:55,843 - masked_mae : 122.06623840332031
2025-07-04 21:17:55,844 - masked_rmse : 145.307373046875
2025-07-04 21:17:55,849 - masked_mre : 0.5465235114097595
2025-07-04 21:18:23,985 - [Epoch 8] Pretrain Loss: 20.5086
2025-07-04 21:18:23,986 - ************************************************************   Forecasting Task   ************************************************************
2025-07-04 21:18:23,986 - Evaluate on pems08_flow_short_term_forecasting:
2025-07-04 21:18:32,497 - masked_mae : 17.121614456176758
2025-07-04 21:18:32,504 - masked_rmse : 26.670028686523438
2025-07-04 21:18:32,517 - masked_mape : 0.1258203238248825
2025-07-04 21:18:32,518 - Evaluate on pems08_flow_long_term_forecasting:
2025-07-04 21:18:48,705 - masked_mae : 26.64211082458496
2025-07-04 21:18:48,728 - masked_rmse : 39.376068115234375
2025-07-04 21:18:48,773 - masked_mape : 0.1979997605085373
2025-07-04 21:18:48,773 - ************************************************************   Imputation Task   ************************************************************
2025-07-04 21:18:48,773 - Evaluate on pems08_flow_point_imputation:
2025-07-04 21:18:49,366 - masked_mae : 73.9650650024414
2025-07-04 21:18:49,368 - masked_rmse : 96.35001373291016
2025-07-04 21:18:49,375 - masked_mre : 0.33093976974487305
2025-07-04 21:18:49,375 - Evaluate on pems08_flow_block_imputation:
2025-07-04 21:18:49,951 - masked_mae : 120.06497955322266
2025-07-04 21:18:49,953 - masked_rmse : 143.00628662109375
2025-07-04 21:18:49,956 - masked_mre : 0.5375609397888184
2025-07-04 21:19:18,005 - [Epoch 9] Pretrain Loss: 20.4825
2025-07-04 21:19:18,006 - ************************************************************   Forecasting Task   ************************************************************
2025-07-04 21:19:18,006 - Evaluate on pems08_flow_short_term_forecasting:
2025-07-04 21:19:26,484 - masked_mae : 17.38187599182129
2025-07-04 21:19:26,491 - masked_rmse : 27.016130447387695
2025-07-04 21:19:26,504 - masked_mape : 0.12615536153316498
2025-07-04 21:19:26,505 - Evaluate on pems08_flow_long_term_forecasting:
2025-07-04 21:19:42,699 - masked_mae : 25.83681297302246
2025-07-04 21:19:42,723 - masked_rmse : 38.3538932800293
2025-07-04 21:19:42,768 - masked_mape : 0.18674451112747192
2025-07-04 21:19:42,768 - ************************************************************   Imputation Task   ************************************************************
2025-07-04 21:19:42,768 - Evaluate on pems08_flow_point_imputation:
2025-07-04 21:19:43,352 - masked_mae : 68.87210083007812
2025-07-04 21:19:43,355 - masked_rmse : 90.7249755859375
2025-07-04 21:19:43,359 - masked_mre : 0.3080439269542694
2025-07-04 21:19:43,359 - Evaluate on pems08_flow_block_imputation:
2025-07-04 21:19:43,947 - masked_mae : 113.5411376953125
2025-07-04 21:19:43,949 - masked_rmse : 135.7941436767578
2025-07-04 21:19:43,953 - masked_mre : 0.5082732439041138
2025-07-04 21:20:12,052 - [Epoch 10] Pretrain Loss: 20.4149
2025-07-04 21:20:12,053 - ************************************************************   Forecasting Task   ************************************************************
2025-07-04 21:20:12,053 - Evaluate on pems08_flow_short_term_forecasting:
2025-07-04 21:20:20,573 - masked_mae : 16.947477340698242
2025-07-04 21:20:20,581 - masked_rmse : 26.333335876464844
2025-07-04 21:20:20,594 - masked_mape : 0.1263878494501114
2025-07-04 21:20:20,594 - Evaluate on pems08_flow_long_term_forecasting:
2025-07-04 21:20:36,792 - masked_mae : 26.1475830078125
2025-07-04 21:20:36,816 - masked_rmse : 38.55784225463867
2025-07-04 21:20:36,861 - masked_mape : 0.2005661129951477
2025-07-04 21:20:36,861 - ************************************************************   Imputation Task   ************************************************************
2025-07-04 21:20:36,861 - Evaluate on pems08_flow_point_imputation:
2025-07-04 21:20:37,442 - masked_mae : 67.78119659423828
2025-07-04 21:20:37,444 - masked_rmse : 89.3235092163086
2025-07-04 21:20:37,449 - masked_mre : 0.30314376950263977
2025-07-04 21:20:37,450 - Evaluate on pems08_flow_block_imputation:
2025-07-04 21:20:38,038 - masked_mae : 112.82772827148438
2025-07-04 21:20:38,039 - masked_rmse : 134.8423614501953
2025-07-04 21:20:38,044 - masked_mre : 0.5050808787345886
2025-07-04 22:13:32,972 - logger name:log/foundation/urbanfm_downstream/dataset_ratio_100.0%/model_layer_4_4/0/record.log
2025-07-04 22:21:39,775 - logger name:log/foundation/urbanfm_downstream/dataset_ratio_100.0%/model_layer_4_4/0/record.log
2025-07-04 22:23:47,671 - logger name:log/foundation/urbanfm_downstream/dataset_ratio_100.0%/model_layer_4_4/0/record.log
2025-07-04 22:25:27,740 - logger name:log/foundation/urbanfm_downstream/dataset_ratio_100.0%/model_layer_4_4/0/record.log
2025-07-04 22:27:41,377 - logger name:log/foundation/urbanfm_downstream/dataset_ratio_100.0%/model_layer_4_4/0/record.log
2025-07-04 22:31:11,799 - logger name:log/foundation/urbanfm_downstream/dataset_ratio_100.0%/model_layer_4_4/0/record.log
2025-07-04 22:31:27,683 - logger name:log/foundation/urbanfm_downstream/dataset_ratio_100.0%/model_layer_4_4/0/record.log
2025-07-04 23:02:02,823 - logger name:log/foundation/urbanfm_downstream/dataset_ratio_100.0%/model_layer_4_4/0/record.log
2025-07-04 23:02:56,546 - logger name:log/foundation/urbanfm_downstream/dataset_ratio_100.0%/model_layer_4_4/0/record.log
2025-07-04 23:04:06,483 - logger name:log/foundation/urbanfm_downstream/dataset_ratio_100.0%/model_layer_4_4/0/record.log
2025-07-04 23:05:52,103 - logger name:log/foundation/urbanfm_downstream/dataset_ratio_100.0%/model_layer_4_4/0/record.log
2025-07-04 23:08:33,779 - 
============================== Model Parameters ==============================
2025-07-04 23:08:33,779 - Total Parameters: 400,193 (≈ 0.40 M or ≈ 0.00 B)
2025-07-04 23:08:33,779 - Trainable Parameters: 400,193 (≈ 0.40 M or ≈ 0.00 B)
2025-07-04 23:08:33,779 - ========================================================================

2025-07-04 23:08:56,818 - [Epoch 1] Pretrain Loss: 41.8478
2025-07-04 23:09:17,032 - [Epoch 2] Pretrain Loss: 24.2188
2025-07-04 23:09:37,269 - [Epoch 3] Pretrain Loss: 22.5566
2025-07-04 23:09:57,448 - [Epoch 4] Pretrain Loss: 21.9680
2025-07-04 23:10:17,681 - [Epoch 5] Pretrain Loss: 21.6786
2025-07-04 23:10:17,682 - ************************************************************   Forecasting Task   ************************************************************
2025-07-04 23:10:17,682 - Evaluate on pems03_flow_short_term_forecasting:
2025-07-04 23:10:48,685 - masked_mae : 16.80852699279785
2025-07-04 23:10:48,705 - masked_rmse : 26.171560287475586
2025-07-04 23:10:48,760 - masked_mape : 0.1696835160255432
2025-07-04 23:10:48,760 - Evaluate on pems03_flow_long_term_forecasting:
2025-07-04 23:11:39,906 - masked_mae : 25.07008934020996
2025-07-04 23:11:39,974 - masked_rmse : 38.332828521728516
2025-07-04 23:11:40,105 - masked_mape : 0.2817363440990448
2025-07-04 23:11:40,105 - Evaluate on pems04_flow_short_term_forecasting:
2025-07-04 23:11:56,128 - masked_mae : 23.160898208618164
2025-07-04 23:11:56,140 - masked_rmse : 36.46635818481445
2025-07-04 23:11:56,161 - masked_mape : 0.16756437718868256
2025-07-04 23:11:56,162 - Evaluate on pems04_flow_long_term_forecasting:
2025-07-04 23:12:25,566 - masked_mae : 34.56871795654297
2025-07-04 23:12:25,605 - masked_rmse : 52.31728744506836
2025-07-04 23:12:25,680 - masked_mape : 0.2760308086872101
2025-07-04 23:12:25,681 - Evaluate on pems07_flow_short_term_forecasting:
2025-07-04 23:13:39,990 - masked_mae : 27.372085571289062
2025-07-04 23:13:40,039 - masked_rmse : 41.2645263671875
2025-07-04 23:13:40,132 - masked_mape : 0.13911472260951996
2025-07-04 23:13:40,133 - Evaluate on pems07_flow_long_term_forecasting:
2025-07-04 23:15:51,287 - masked_mae : 42.000762939453125
2025-07-04 23:15:51,463 - masked_rmse : 61.903167724609375
2025-07-04 23:15:51,799 - masked_mape : 0.24013562500476837
2025-07-04 23:15:51,800 - Evaluate on pems08_flow_short_term_forecasting:
2025-07-04 23:16:01,856 - masked_mae : 18.589574813842773
2025-07-04 23:16:01,864 - masked_rmse : 28.61496925354004
2025-07-04 23:16:01,877 - masked_mape : 0.14622187614440918
2025-07-04 23:16:01,877 - Evaluate on pems08_flow_long_term_forecasting:
2025-07-04 23:16:19,705 - masked_mae : 28.349462509155273
2025-07-04 23:16:19,728 - masked_rmse : 42.387176513671875
2025-07-04 23:16:19,773 - masked_mape : 0.24433118104934692
2025-07-04 23:16:19,773 - ************************************************************   Imputation Task   ************************************************************
2025-07-04 23:16:19,773 - Evaluate on pems03_flow_point_imputation:
2025-07-04 23:16:22,654 - masked_mae : 68.74968719482422
2025-07-04 23:16:22,661 - masked_rmse : 95.92457580566406
2025-07-04 23:16:22,675 - masked_mre : 0.40685611963272095
2025-07-04 23:16:22,676 - Evaluate on pems03_flow_block_imputation:
2025-07-04 23:16:25,541 - masked_mae : 83.42449188232422
2025-07-04 23:16:25,546 - masked_rmse : 109.94366455078125
2025-07-04 23:16:25,564 - masked_mre : 0.4945858120918274
2025-07-04 23:16:25,565 - Evaluate on pems04_flow_point_imputation:
2025-07-04 23:16:27,958 - masked_mae : 73.98989868164062
2025-07-04 23:16:27,961 - masked_rmse : 104.15929412841797
2025-07-04 23:16:27,974 - masked_mre : 0.35094642639160156
2025-07-04 23:16:27,975 - Evaluate on pems04_flow_block_imputation:
2025-07-04 23:16:30,343 - masked_mae : 95.14249420166016
2025-07-04 23:16:30,347 - masked_rmse : 122.40454864501953
2025-07-04 23:16:30,356 - masked_mre : 0.4524960517883301
2025-07-04 23:16:30,356 - Evaluate on pems07_flow_point_imputation:
2025-07-04 23:16:35,042 - masked_mae : 99.75508880615234
2025-07-04 23:16:35,069 - masked_rmse : 131.4161376953125
2025-07-04 23:16:35,135 - masked_mre : 0.3241608440876007
2025-07-04 23:16:35,135 - Evaluate on pems07_flow_block_imputation:
2025-07-04 23:16:39,800 - masked_mae : 143.18997192382812
2025-07-04 23:16:39,849 - masked_rmse : 169.6431884765625
2025-07-04 23:16:39,918 - masked_mre : 0.4643958806991577
2025-07-04 23:16:39,918 - Evaluate on pems08_flow_point_imputation:
2025-07-04 23:16:42,054 - masked_mae : 75.93904113769531
2025-07-04 23:16:42,056 - masked_rmse : 101.59327697753906
2025-07-04 23:16:42,061 - masked_mre : 0.3393905460834503
2025-07-04 23:16:42,069 - Evaluate on pems08_flow_block_imputation:
2025-07-04 23:16:44,219 - masked_mae : 109.2480697631836
2025-07-04 23:16:44,221 - masked_rmse : 131.0683135986328
2025-07-04 23:16:44,225 - masked_mre : 0.48857149481773376
2025-07-04 23:16:44,225 - Evaluate on pemsbay_speed_point_imputation:
2025-07-04 23:16:47,974 - masked_mae : 11.09820556640625
2025-07-04 23:16:48,019 - masked_rmse : 13.999015808105469
2025-07-04 23:16:48,093 - masked_mre : 0.18356521427631378
2025-07-04 23:16:48,094 - Evaluate on pemsbay_speed_block_imputation:
2025-07-05 13:12:52,293 - logger name:log/foundation/urbanfm_downstream/dataset_ratio_100.0%/model_layer_4_4/0/record.log
2025-07-05 13:15:36,472 - 
============================== Model Parameters ==============================
2025-07-05 13:15:36,472 - Total Parameters: 400,193 (≈ 0.40 M or ≈ 0.00 B)
2025-07-05 13:15:36,473 - Trainable Parameters: 400,193 (≈ 0.40 M or ≈ 0.00 B)
2025-07-05 13:15:36,473 - ========================================================================

2025-07-05 13:45:47,142 - logger name:log/foundation/urbanfm_downstream/dataset_ratio_100.0%/model_layer_4_4/0/record.log
2025-07-05 13:48:37,795 - 
============================== Model Parameters ==============================
2025-07-05 13:48:37,795 - Total Parameters: 400,193 (≈ 0.40 M or ≈ 0.00 B)
2025-07-05 13:48:37,795 - Trainable Parameters: 400,193 (≈ 0.40 M or ≈ 0.00 B)
2025-07-05 13:48:37,795 - ========================================================================

2025-07-05 13:52:21,025 - logger name:log/foundation/urbanfm_downstream/dataset_ratio_100.0%/model_layer_4_4/0/record.log
2025-07-05 13:52:52,606 - 
============================== Model Parameters ==============================
2025-07-05 13:52:52,607 - Total Parameters: 400,193 (≈ 0.40 M or ≈ 0.00 B)
2025-07-05 13:52:52,607 - Trainable Parameters: 400,193 (≈ 0.40 M or ≈ 0.00 B)
2025-07-05 13:52:52,607 - ========================================================================

2025-07-05 13:59:22,782 - logger name:log/foundation/urbanfm_downstream/dataset_ratio_100.0%/model_layer_4_4/0/record.log
2025-07-05 13:59:54,218 - 
============================== Model Parameters ==============================
2025-07-05 13:59:54,218 - Total Parameters: 400,193 (≈ 0.40 M or ≈ 0.00 B)
2025-07-05 13:59:54,218 - Trainable Parameters: 400,193 (≈ 0.40 M or ≈ 0.00 B)
2025-07-05 13:59:54,218 - ========================================================================

2025-07-05 14:52:02,300 - logger name:log/foundation/urbanfm_downstream/dataset_ratio_100.0%/model_layer_4_4/0/record.log
2025-07-05 14:52:34,734 - 
============================== Model Parameters ==============================
2025-07-05 14:52:34,735 - Total Parameters: 400,193 (≈ 0.40 M or ≈ 0.00 B)
2025-07-05 14:52:34,735 - Trainable Parameters: 400,193 (≈ 0.40 M or ≈ 0.00 B)
2025-07-05 14:52:34,735 - ========================================================================

2025-07-05 14:55:08,032 - logger name:log/foundation/urbanfm_downstream/dataset_ratio_100.0%/model_layer_4_4/0/record.log
2025-07-05 14:55:39,420 - 
============================== Model Parameters ==============================
2025-07-05 14:55:39,420 - Total Parameters: 400,193 (≈ 0.40 M or ≈ 0.00 B)
2025-07-05 14:55:39,420 - Trainable Parameters: 400,193 (≈ 0.40 M or ≈ 0.00 B)
2025-07-05 14:55:39,420 - ========================================================================

2025-07-05 14:59:03,782 - logger name:log/foundation/urbanfm_downstream/dataset_ratio_100.0%/model_layer_4_4/0/record.log
2025-07-05 14:59:34,563 - 
============================== Model Parameters ==============================
2025-07-05 14:59:34,563 - Total Parameters: 400,193 (≈ 0.40 M or ≈ 0.00 B)
2025-07-05 14:59:34,563 - Trainable Parameters: 400,193 (≈ 0.40 M or ≈ 0.00 B)
2025-07-05 14:59:34,563 - ========================================================================

2025-07-05 14:59:46,916 - [Epoch 1] Pretrain Loss: 38.6935
2025-07-05 14:59:57,202 - [Epoch 2] Pretrain Loss: 23.5530
2025-07-05 15:00:07,458 - [Epoch 3] Pretrain Loss: 22.5299
2025-07-05 15:00:17,742 - [Epoch 4] Pretrain Loss: 22.8902
2025-07-05 15:00:28,021 - [Epoch 5] Pretrain Loss: 21.7540
2025-07-05 15:00:28,022 - ************************************************************   Forecasting Task   ************************************************************
2025-07-05 15:00:28,022 - Evaluate on pems08_flow_short_term_forecasting:
2025-07-05 15:00:31,352 - masked_mae : 18.413469314575195
2025-07-05 15:04:35,174 - logger name:log/foundation/urbanfm_downstream/dataset_ratio_100.0%/model_layer_4_4/0/record.log
2025-07-05 15:05:06,071 - 
============================== Model Parameters ==============================
2025-07-05 15:05:06,071 - Total Parameters: 400,193 (≈ 0.40 M or ≈ 0.00 B)
2025-07-05 15:05:06,071 - Trainable Parameters: 400,193 (≈ 0.40 M or ≈ 0.00 B)
2025-07-05 15:05:06,071 - ========================================================================

2025-07-05 15:05:18,426 - [Epoch 1] Pretrain Loss: 38.6935
2025-07-05 15:05:28,733 - [Epoch 2] Pretrain Loss: 23.5530
2025-07-05 15:05:38,998 - [Epoch 3] Pretrain Loss: 22.5299
2025-07-05 15:05:49,285 - [Epoch 4] Pretrain Loss: 22.8902
2025-07-05 15:05:59,546 - [Epoch 5] Pretrain Loss: 21.7540
2025-07-05 15:05:59,546 - ************************************************************   Forecasting Task   ************************************************************
2025-07-05 15:05:59,546 - Evaluate on pems08_flow_short_term_forecasting:
2025-07-05 15:06:02,922 - masked_mae : 18.413481896644132
2025-07-05 15:06:02,932 - masked_rmse : 28.28961180605204
2025-07-05 15:10:29,767 - logger name:log/foundation/urbanfm_downstream/dataset_ratio_100.0%/model_layer_4_4/0/record.log
2025-07-05 15:11:00,647 - 
============================== Model Parameters ==============================
2025-07-05 15:11:00,647 - Total Parameters: 400,193 (≈ 0.40 M or ≈ 0.00 B)
2025-07-05 15:11:00,647 - Trainable Parameters: 400,193 (≈ 0.40 M or ≈ 0.00 B)
2025-07-05 15:11:00,648 - ========================================================================

2025-07-05 15:11:12,806 - [Epoch 1] Pretrain Loss: 38.6935
2025-07-05 15:11:23,110 - [Epoch 2] Pretrain Loss: 23.5530
2025-07-05 15:11:33,386 - [Epoch 3] Pretrain Loss: 22.5299
2025-07-05 15:11:43,664 - [Epoch 4] Pretrain Loss: 22.8902
2025-07-05 15:11:53,937 - [Epoch 5] Pretrain Loss: 21.7540
2025-07-05 15:11:53,937 - ************************************************************   Forecasting Task   ************************************************************
2025-07-05 15:11:53,937 - Evaluate on pems08_flow_short_term_forecasting:
2025-07-05 15:11:57,270 - masked_mae : 18.413469314575195
2025-07-05 15:11:57,276 - masked_rmse : 28.28125
2025-07-05 15:13:37,596 - logger name:log/foundation/urbanfm_downstream/dataset_ratio_100.0%/model_layer_4_4/0/record.log
2025-07-05 15:14:09,236 - 
============================== Model Parameters ==============================
2025-07-05 15:14:09,237 - Total Parameters: 400,193 (≈ 0.40 M or ≈ 0.00 B)
2025-07-05 15:14:09,237 - Trainable Parameters: 400,193 (≈ 0.40 M or ≈ 0.00 B)
2025-07-05 15:14:09,237 - ========================================================================

2025-07-05 15:14:21,588 - [Epoch 1] Pretrain Loss: 38.6935
2025-07-05 15:14:31,884 - [Epoch 2] Pretrain Loss: 23.5530
2025-07-05 15:14:42,170 - [Epoch 3] Pretrain Loss: 22.5299
2025-07-05 15:14:52,486 - [Epoch 4] Pretrain Loss: 22.8902
2025-07-05 15:15:02,780 - [Epoch 5] Pretrain Loss: 21.7540
2025-07-05 15:15:02,780 - ************************************************************   Forecasting Task   ************************************************************
2025-07-05 15:15:02,780 - Evaluate on pems08_flow_short_term_forecasting:
2025-07-05 15:15:06,142 - masked_mae : 18.413480758666992
2025-07-05 15:15:06,149 - masked_rmse : 28.289613723754883
2025-07-05 15:15:06,182 - masked_mape : 0.14240135252475739
2025-07-05 15:15:06,182 - Evaluate on pems08_flow_long_term_forecasting:
2025-07-05 15:15:12,413 - masked_mae : 29.896728515625
2025-07-05 15:15:12,437 - masked_rmse : 44.42122268676758
2025-07-05 15:15:12,481 - masked_mape : 0.24730639159679413
2025-07-05 15:15:12,482 - ************************************************************   Imputation Task   ************************************************************
2025-07-05 15:15:12,482 - Evaluate on pems03_flow_point_imputation:
2025-07-05 15:20:04,524 - logger name:log/foundation/urbanfm_downstream/dataset_ratio_100.0%/model_layer_4_4/0/record.log
2025-07-05 15:20:35,219 - 
============================== Model Parameters ==============================
2025-07-05 15:20:35,219 - Total Parameters: 400,193 (≈ 0.40 M or ≈ 0.00 B)
2025-07-05 15:20:35,219 - Trainable Parameters: 400,193 (≈ 0.40 M or ≈ 0.00 B)
2025-07-05 15:20:35,219 - ========================================================================

2025-07-05 15:20:47,790 - [Epoch 1] Pretrain Loss: 38.6935
2025-07-05 15:20:58,101 - [Epoch 2] Pretrain Loss: 23.5530
2025-07-05 15:21:08,417 - [Epoch 3] Pretrain Loss: 22.5299
2025-07-05 15:21:18,721 - [Epoch 4] Pretrain Loss: 22.8902
2025-07-05 15:21:29,008 - [Epoch 5] Pretrain Loss: 21.7540
2025-07-05 15:21:29,008 - ************************************************************   Forecasting Task   ************************************************************
2025-07-05 15:21:29,008 - Evaluate on pems08_flow_short_term_forecasting:
2025-07-05 15:21:32,367 - masked_mae : 18.413480758666992
2025-07-05 15:21:32,375 - masked_rmse : 28.289613723754883
2025-07-05 15:21:32,408 - masked_mape : 0.14240135252475739
2025-07-05 15:21:32,408 - Evaluate on pems08_flow_long_term_forecasting:
2025-07-05 15:21:38,680 - masked_mae : 29.896728515625
2025-07-05 15:21:38,704 - masked_rmse : 44.42122268676758
2025-07-05 15:21:38,749 - masked_mape : 0.24730639159679413
2025-07-05 15:21:38,749 - ************************************************************   Imputation Task   ************************************************************
2025-07-05 15:21:38,749 - Evaluate on pems03_flow_point_imputation:
2025-07-05 15:23:56,615 - logger name:log/foundation/urbanfm_downstream/dataset_ratio_100.0%/model_layer_4_4/0/record.log
2025-07-05 15:24:27,512 - 
============================== Model Parameters ==============================
2025-07-05 15:24:27,513 - Total Parameters: 400,193 (≈ 0.40 M or ≈ 0.00 B)
2025-07-05 15:24:27,513 - Trainable Parameters: 400,193 (≈ 0.40 M or ≈ 0.00 B)
2025-07-05 15:24:27,513 - ========================================================================

2025-07-05 15:24:39,689 - [Epoch 1] Pretrain Loss: 38.6935
2025-07-05 15:24:49,990 - [Epoch 2] Pretrain Loss: 23.5530
2025-07-05 15:25:00,307 - [Epoch 3] Pretrain Loss: 22.5299
2025-07-05 15:25:10,622 - [Epoch 4] Pretrain Loss: 22.8902
2025-07-05 15:25:20,919 - [Epoch 5] Pretrain Loss: 21.7540
2025-07-05 15:25:20,919 - ************************************************************   Forecasting Task   ************************************************************
2025-07-05 15:25:20,919 - Evaluate on pems08_flow_short_term_forecasting:
2025-07-05 15:25:24,246 - masked_mae : 18.413480758666992
2025-07-05 15:25:24,253 - masked_rmse : 28.289613723754883
2025-07-05 15:25:24,286 - masked_mape : 0.14240135252475739
2025-07-05 15:25:24,286 - Evaluate on pems08_flow_long_term_forecasting:
2025-07-05 15:25:30,691 - masked_mae : 29.896728515625
2025-07-05 15:25:30,714 - masked_rmse : 44.42122268676758
2025-07-05 15:25:30,759 - masked_mape : 0.24730639159679413
2025-07-05 15:25:30,760 - ************************************************************   Imputation Task   ************************************************************
2025-07-05 15:25:30,760 - Evaluate on pems03_flow_point_imputation:
2025-07-05 15:25:31,491 - masked_mae : 66.157470703125
2025-07-05 15:25:31,498 - masked_rmse : 92.24819946289062
2025-07-05 15:25:31,521 - masked_mre : 0.3918094336986542
2025-07-05 15:25:31,521 - Evaluate on pems03_flow_block_imputation:
2025-07-05 15:25:32,245 - masked_mae : 98.63218688964844
2025-07-05 15:25:32,250 - masked_rmse : 129.61619567871094
2025-07-05 15:25:32,264 - masked_mre : 0.5852552056312561
2025-07-05 15:25:32,264 - Evaluate on pems04_flow_point_imputation:
2025-07-05 15:25:32,807 - masked_mae : 70.13523864746094
2025-07-05 15:25:32,811 - masked_rmse : 97.75846862792969
2025-07-05 15:25:32,820 - masked_mre : 0.33305391669273376
2025-07-05 15:25:32,820 - Evaluate on pems04_flow_block_imputation:
2025-07-05 15:25:33,353 - masked_mae : 111.41483306884766
2025-07-05 15:25:33,356 - masked_rmse : 143.08367919921875
2025-07-05 15:25:33,363 - masked_mre : 0.5304927229881287
2025-07-05 15:25:33,363 - Evaluate on pems07_flow_point_imputation:
2025-07-05 15:25:34,782 - masked_mae : 97.96202850341797
2025-07-05 15:25:34,815 - masked_rmse : 127.0427017211914
2025-07-05 15:25:34,920 - masked_mre : 0.318440705537796
2025-07-05 15:25:34,920 - Evaluate on pems07_flow_block_imputation:
2025-07-05 15:25:36,335 - masked_mae : 171.3419189453125
2025-07-05 15:25:36,409 - masked_rmse : 202.15187072753906
2025-07-05 15:25:36,479 - masked_mre : 0.5561167597770691
2025-07-05 15:25:36,485 - Evaluate on pems08_flow_point_imputation:
2025-07-05 15:25:36,919 - masked_mae : 73.4487533569336
2025-07-05 15:25:36,921 - masked_rmse : 96.72591400146484
2025-07-05 15:25:36,926 - masked_mre : 0.3283395767211914
2025-07-05 15:25:36,927 - Evaluate on pems08_flow_block_imputation:
2025-07-05 15:25:37,357 - masked_mae : 128.8335723876953
2025-07-05 15:25:37,359 - masked_rmse : 153.41188049316406
2025-07-05 15:25:37,363 - masked_mre : 0.5764610767364502
2025-07-05 15:25:37,363 - Evaluate on pemsbay_speed_point_imputation:
2025-07-05 15:25:38,445 - masked_mae : 13.254789352416992
2025-07-05 15:25:38,492 - masked_rmse : 16.225387573242188
2025-07-05 15:25:38,564 - masked_mre : 0.21925266087055206
2025-07-05 15:25:38,564 - Evaluate on pemsbay_speed_block_imputation:
2025-07-05 15:25:39,629 - masked_mae : 34.565494537353516
2025-07-05 15:25:39,639 - masked_rmse : 36.66409683227539
2025-07-05 15:25:39,662 - masked_mre : 0.5721511244773865
2025-07-05 15:25:39,667 - Evaluate on metrla_speed_point_imputation:
2025-07-05 15:25:40,278 - masked_mae : 15.59886646270752
2025-07-05 15:25:40,286 - masked_rmse : 19.3030948638916
2025-07-05 15:25:40,298 - masked_mre : 0.2940928637981415
2025-07-05 15:25:40,298 - Evaluate on metrla_speed_block_imputation:
2025-07-05 15:25:40,899 - masked_mae : 30.96527671813965
2025-07-05 15:25:40,904 - masked_rmse : 34.33855438232422
2025-07-05 15:25:40,915 - masked_mre : 0.5944074392318726
2025-07-05 15:25:51,564 - [Epoch 6] Pretrain Loss: 21.4740
2025-07-05 15:25:51,565 - ************************************************************   Forecasting Task   ************************************************************
2025-07-05 15:25:51,565 - Evaluate on pems08_flow_short_term_forecasting:
2025-07-05 15:25:54,887 - masked_mae : 18.023387908935547
2025-07-05 15:25:54,895 - masked_rmse : 27.792760848999023
2025-07-05 15:25:54,908 - masked_mape : 0.1394757777452469
2025-07-05 15:25:54,908 - Evaluate on pems08_flow_long_term_forecasting:
2025-07-05 15:26:00,820 - masked_mae : 30.650251388549805
2025-07-05 15:26:00,843 - masked_rmse : 46.0507926940918
2025-07-05 15:26:00,888 - masked_mape : 0.26259681582450867
2025-07-05 15:26:00,888 - ************************************************************   Imputation Task   ************************************************************
2025-07-05 15:26:00,888 - Evaluate on pems03_flow_point_imputation:
2025-07-05 15:26:01,621 - masked_mae : 66.75918579101562
2025-07-05 15:26:01,628 - masked_rmse : 92.32655334472656
2025-07-05 15:26:01,644 - masked_mre : 0.39545726776123047
2025-07-05 15:26:01,644 - Evaluate on pems03_flow_block_imputation:
2025-07-05 15:26:02,360 - masked_mae : 97.67009735107422
2025-07-05 15:26:02,379 - masked_rmse : 128.46812438964844
2025-07-05 15:26:02,391 - masked_mre : 0.57958984375
2025-07-05 15:26:02,392 - Evaluate on pems04_flow_point_imputation:
2025-07-05 15:26:02,926 - masked_mae : 71.1454086303711
2025-07-05 15:26:02,930 - masked_rmse : 98.93496704101562
2025-07-05 15:26:02,939 - masked_mre : 0.3379194140434265
2025-07-05 15:26:02,939 - Evaluate on pems04_flow_block_imputation:
2025-07-05 15:26:03,461 - masked_mae : 110.4665756225586
2025-07-05 15:26:03,465 - masked_rmse : 142.24752807617188
2025-07-05 15:26:03,472 - masked_mre : 0.5260528326034546
2025-07-05 15:26:03,472 - Evaluate on pems07_flow_point_imputation:
2025-07-05 15:26:04,884 - masked_mae : 99.20601654052734
2025-07-05 15:26:04,911 - masked_rmse : 128.32098388671875
2025-07-05 15:26:04,978 - masked_mre : 0.3226660192012787
2025-07-05 15:26:04,978 - Evaluate on pems07_flow_block_imputation:
2025-07-05 15:26:06,360 - masked_mae : 169.2554168701172
2025-07-05 15:26:06,389 - masked_rmse : 200.0008087158203
2025-07-05 15:26:06,425 - masked_mre : 0.5495449304580688
2025-07-05 15:26:06,425 - Evaluate on pems08_flow_point_imputation:
2025-07-05 15:26:06,865 - masked_mae : 74.266845703125
2025-07-05 15:26:06,867 - masked_rmse : 97.29702758789062
2025-07-05 15:26:06,875 - masked_mre : 0.3321433663368225
2025-07-05 15:26:06,875 - Evaluate on pems08_flow_block_imputation:
2025-07-05 15:26:07,323 - masked_mae : 127.3050308227539
2025-07-05 15:26:07,325 - masked_rmse : 151.70822143554688
2025-07-05 15:26:07,329 - masked_mre : 0.5697128772735596
2025-07-05 15:26:07,330 - Evaluate on pemsbay_speed_point_imputation:
2025-07-05 15:26:08,421 - masked_mae : 13.463672637939453
2025-07-05 15:26:08,467 - masked_rmse : 16.39295196533203
2025-07-05 15:26:08,541 - masked_mre : 0.22270742058753967
2025-07-05 15:26:08,542 - Evaluate on pemsbay_speed_block_imputation:
2025-07-05 15:26:09,600 - masked_mae : 34.0531120300293
2025-07-05 15:26:09,611 - masked_rmse : 36.22978210449219
2025-07-05 15:26:09,641 - masked_mre : 0.5636687874794006
2025-07-05 15:26:09,641 - Evaluate on metrla_speed_point_imputation:
2025-07-05 15:26:10,249 - masked_mae : 15.70641040802002
2025-07-05 15:26:10,256 - masked_rmse : 19.39017677307129
2025-07-05 15:26:10,267 - masked_mre : 0.29707491397857666
2025-07-05 15:26:10,267 - Evaluate on metrla_speed_block_imputation:
2025-07-05 15:26:10,869 - masked_mae : 30.541231155395508
2025-07-05 15:26:10,873 - masked_rmse : 33.99052429199219
2025-07-05 15:26:10,885 - masked_mre : 0.5873348712921143
2025-07-05 15:26:21,392 - [Epoch 7] Pretrain Loss: 21.2806
2025-07-05 15:26:21,393 - ************************************************************   Forecasting Task   ************************************************************
2025-07-05 15:26:21,393 - Evaluate on pems08_flow_short_term_forecasting:
2025-07-05 15:26:24,726 - masked_mae : 17.626718521118164
2025-07-05 15:26:24,733 - masked_rmse : 27.291269302368164
2025-07-05 15:26:24,747 - masked_mape : 0.1331828385591507
2025-07-05 15:26:24,747 - Evaluate on pems08_flow_long_term_forecasting:
2025-07-05 15:26:30,653 - masked_mae : 30.986892700195312
2025-07-05 15:26:30,677 - masked_rmse : 46.907928466796875
2025-07-05 15:26:30,722 - masked_mape : 0.25961562991142273
2025-07-05 15:26:30,722 - ************************************************************   Imputation Task   ************************************************************
2025-07-05 15:26:30,722 - Evaluate on pems03_flow_point_imputation:
2025-07-05 15:26:31,445 - masked_mae : 70.93061828613281
2025-07-05 15:26:31,452 - masked_rmse : 96.9481430053711
2025-07-05 15:26:31,472 - masked_mre : 0.4202776551246643
2025-07-05 15:26:31,472 - Evaluate on pems03_flow_block_imputation:
2025-07-05 15:26:32,195 - masked_mae : 101.21537017822266
2025-07-05 15:26:32,202 - masked_rmse : 132.32022094726562
2025-07-05 15:26:32,214 - masked_mre : 0.6006948351860046
2025-07-05 15:26:32,214 - Evaluate on pems04_flow_point_imputation:
2025-07-05 15:26:32,747 - masked_mae : 75.97858428955078
2025-07-05 15:26:32,751 - masked_rmse : 104.47748565673828
2025-07-05 15:26:32,760 - masked_mre : 0.360927939414978
2025-07-05 15:26:32,760 - Evaluate on pems04_flow_block_imputation:
2025-07-05 15:26:33,282 - masked_mae : 114.72418212890625
2025-07-05 15:26:33,285 - masked_rmse : 147.2224578857422
2025-07-05 15:26:33,295 - masked_mre : 0.5463818311691284
2025-07-05 15:26:33,295 - Evaluate on pems07_flow_point_imputation:
2025-07-05 15:26:34,732 - masked_mae : 106.0412368774414
2025-07-05 15:26:34,758 - masked_rmse : 135.6065216064453
2025-07-05 15:26:34,853 - masked_mre : 0.3450840711593628
2025-07-05 15:26:34,854 - Evaluate on pems07_flow_block_imputation:
2025-07-05 15:26:36,259 - masked_mae : 174.59898376464844
2025-07-05 15:26:36,284 - masked_rmse : 205.7833251953125
2025-07-05 15:26:36,320 - masked_mre : 0.5671288371086121
2025-07-05 15:26:36,336 - Evaluate on pems08_flow_point_imputation:
2025-07-05 15:26:36,772 - masked_mae : 79.68861389160156
2025-07-05 15:26:36,774 - masked_rmse : 102.87688446044922
2025-07-05 15:26:36,780 - masked_mre : 0.356558620929718
2025-07-05 15:26:36,780 - Evaluate on pems08_flow_block_imputation:
2025-07-05 15:26:37,211 - masked_mae : 131.48568725585938
2025-07-05 15:26:37,213 - masked_rmse : 156.1234893798828
2025-07-05 15:26:37,218 - masked_mre : 0.5885466933250427
2025-07-05 15:26:37,218 - Evaluate on pemsbay_speed_point_imputation:
2025-07-05 15:26:38,303 - masked_mae : 14.209124565124512
2025-07-05 15:26:38,349 - masked_rmse : 17.090234756469727
2025-07-05 15:26:38,423 - masked_mre : 0.2350391447544098
2025-07-05 15:26:38,423 - Evaluate on pemsbay_speed_block_imputation:
2025-07-05 15:26:39,467 - masked_mae : 34.299705505371094
2025-07-05 15:26:39,477 - masked_rmse : 36.49397277832031
2025-07-05 15:26:39,508 - masked_mre : 0.5677499175071716
2025-07-05 15:26:39,508 - Evaluate on metrla_speed_point_imputation:
2025-07-05 15:26:40,128 - masked_mae : 16.593965530395508
2025-07-05 15:26:40,135 - masked_rmse : 20.24968910217285
2025-07-05 15:26:40,147 - masked_mre : 0.31551602482795715
2025-07-05 15:26:40,147 - Evaluate on metrla_speed_block_imputation:
2025-07-05 15:26:40,748 - masked_mae : 31.017627716064453
2025-07-05 15:26:40,753 - masked_rmse : 34.534156799316406
2025-07-05 15:26:40,766 - masked_mre : 0.5981766581535339
2025-07-05 15:26:51,204 - [Epoch 8] Pretrain Loss: 21.0918
2025-07-05 15:26:51,204 - ************************************************************   Forecasting Task   ************************************************************
2025-07-05 15:26:51,204 - Evaluate on pems08_flow_short_term_forecasting:
2025-07-05 15:26:54,535 - masked_mae : 17.44870948791504
2025-07-05 15:26:54,542 - masked_rmse : 27.06962013244629
2025-07-05 15:26:54,555 - masked_mape : 0.13107652962207794
2025-07-05 15:26:54,555 - Evaluate on pems08_flow_long_term_forecasting:
2025-07-05 15:27:00,477 - masked_mae : 31.197813034057617
2025-07-05 15:27:00,501 - masked_rmse : 47.06956100463867
2025-07-05 15:27:00,546 - masked_mape : 0.2621161639690399
2025-07-05 15:27:00,546 - ************************************************************   Imputation Task   ************************************************************
2025-07-05 15:27:00,546 - Evaluate on pems03_flow_point_imputation:
2025-07-05 15:27:01,290 - masked_mae : 75.20567321777344
2025-07-05 15:27:01,297 - masked_rmse : 102.1064453125
2025-07-05 15:27:01,318 - masked_mre : 0.44569751620292664
2025-07-05 15:27:01,318 - Evaluate on pems03_flow_block_imputation:
2025-07-05 15:27:02,044 - masked_mae : 104.74087524414062
2025-07-05 15:27:02,049 - masked_rmse : 136.02230834960938
2025-07-05 15:27:02,064 - masked_mre : 0.6216964721679688
2025-07-05 15:27:02,064 - Evaluate on pems04_flow_point_imputation:
2025-07-05 15:27:02,603 - masked_mae : 80.74742126464844
2025-07-05 15:27:02,607 - masked_rmse : 110.0302505493164
2025-07-05 15:27:02,619 - masked_mre : 0.38364219665527344
2025-07-05 15:27:02,619 - Evaluate on pems04_flow_block_imputation:
2025-07-05 15:27:03,150 - masked_mae : 118.93836975097656
2025-07-05 15:27:03,155 - masked_rmse : 151.90042114257812
2025-07-05 15:27:03,163 - masked_mre : 0.5665317177772522
2025-07-05 15:27:03,163 - Evaluate on pems07_flow_point_imputation:
2025-07-05 15:27:04,617 - masked_mae : 112.94831848144531
2025-07-05 15:27:04,650 - masked_rmse : 142.9763946533203
2025-07-05 15:27:04,743 - masked_mre : 0.3676816523075104
2025-07-05 15:27:04,743 - Evaluate on pems07_flow_block_imputation:
2025-07-05 15:27:06,163 - masked_mae : 180.12530517578125
2025-07-05 15:27:06,238 - masked_rmse : 211.5948944091797
2025-07-05 15:27:06,304 - masked_mre : 0.5852285027503967
2025-07-05 15:27:06,309 - Evaluate on pems08_flow_point_imputation:
2025-07-05 15:27:06,733 - masked_mae : 85.46297454833984
2025-07-05 15:27:06,735 - masked_rmse : 108.88092803955078
2025-07-05 15:27:06,743 - masked_mre : 0.38251793384552
2025-07-05 15:27:06,743 - Evaluate on pems08_flow_block_imputation:
2025-07-05 15:27:07,174 - masked_mae : 135.8623504638672
2025-07-05 15:27:07,176 - masked_rmse : 160.63034057617188
2025-07-05 15:27:07,180 - masked_mre : 0.608219563961029
2025-07-05 15:27:07,180 - Evaluate on pemsbay_speed_point_imputation:
2025-07-05 15:27:08,260 - masked_mae : 14.940279960632324
2025-07-05 15:27:08,309 - masked_rmse : 17.757673263549805
2025-07-05 15:27:08,381 - masked_mre : 0.24713405966758728
2025-07-05 15:27:08,381 - Evaluate on pemsbay_speed_block_imputation:
2025-07-05 15:27:09,423 - masked_mae : 34.50889587402344
2025-07-05 15:27:09,433 - masked_rmse : 36.645591735839844
2025-07-05 15:27:09,465 - masked_mre : 0.5712115168571472
2025-07-05 15:27:09,465 - Evaluate on metrla_speed_point_imputation:
2025-07-05 15:27:10,072 - masked_mae : 17.54155158996582
2025-07-05 15:27:10,080 - masked_rmse : 21.157121658325195
2025-07-05 15:27:10,092 - masked_mre : 0.3347863554954529
2025-07-05 15:27:10,092 - Evaluate on metrla_speed_block_imputation:
2025-07-05 15:27:10,696 - masked_mae : 31.527538299560547
2025-07-05 15:27:10,700 - masked_rmse : 35.05373001098633
2025-07-05 15:27:10,712 - masked_mre : 0.6093201041221619
2025-07-05 15:27:21,120 - [Epoch 9] Pretrain Loss: 20.9558
2025-07-05 15:27:21,120 - ************************************************************   Forecasting Task   ************************************************************
2025-07-05 15:27:21,120 - Evaluate on pems08_flow_short_term_forecasting:
2025-07-05 15:27:24,420 - masked_mae : 17.30341148376465
2025-07-05 15:27:24,428 - masked_rmse : 26.895265579223633
2025-07-05 15:27:24,441 - masked_mape : 0.12974272668361664
2025-07-05 15:27:24,441 - Evaluate on pems08_flow_long_term_forecasting:
2025-07-05 15:27:30,375 - masked_mae : 31.11650848388672
2025-07-05 15:27:30,398 - masked_rmse : 46.694644927978516
2025-07-05 15:27:30,443 - masked_mape : 0.2656468451023102
2025-07-05 15:27:30,444 - ************************************************************   Imputation Task   ************************************************************
2025-07-05 15:27:30,444 - Evaluate on pems03_flow_point_imputation:
2025-07-05 15:27:31,165 - masked_mae : 75.15794372558594
2025-07-05 15:27:31,172 - masked_rmse : 101.94050598144531
2025-07-05 15:27:31,192 - masked_mre : 0.4454667866230011
2025-07-05 15:27:31,193 - Evaluate on pems03_flow_block_imputation:
2025-07-05 15:27:31,913 - masked_mae : 104.0644302368164
2025-07-05 15:27:31,921 - masked_rmse : 134.82745361328125
2025-07-05 15:27:31,933 - masked_mre : 0.6177975535392761
2025-07-05 15:27:31,934 - Evaluate on pems04_flow_point_imputation:
2025-07-05 15:27:32,470 - masked_mae : 80.95012664794922
2025-07-05 15:27:32,474 - masked_rmse : 109.7105712890625
2025-07-05 15:27:32,484 - masked_mre : 0.3845408856868744
2025-07-05 15:27:32,484 - Evaluate on pems04_flow_block_imputation:
2025-07-05 15:27:33,011 - masked_mae : 118.81768035888672
2025-07-05 15:27:33,014 - masked_rmse : 151.3304901123047
2025-07-05 15:27:33,021 - masked_mre : 0.566031277179718
2025-07-05 15:27:33,021 - Evaluate on pems07_flow_point_imputation:
2025-07-05 15:27:34,432 - masked_mae : 113.6048583984375
2025-07-05 15:27:34,466 - masked_rmse : 143.0540313720703
2025-07-05 15:27:34,556 - masked_mre : 0.36985960602760315
2025-07-05 15:27:34,556 - Evaluate on pems07_flow_block_imputation:
2025-07-05 15:27:35,955 - masked_mae : 180.044921875
2025-07-05 15:27:35,971 - masked_rmse : 211.25047302246094
2025-07-05 15:27:36,014 - masked_mre : 0.5850570797920227
2025-07-05 15:27:36,015 - Evaluate on pems08_flow_point_imputation:
2025-07-05 15:27:36,468 - masked_mae : 86.408935546875
2025-07-05 15:27:36,471 - masked_rmse : 109.2830810546875
2025-07-05 15:27:36,478 - masked_mre : 0.38681402802467346
2025-07-05 15:27:36,478 - Evaluate on pems08_flow_block_imputation:
2025-07-05 15:27:36,921 - masked_mae : 135.4322052001953
2025-07-05 15:27:36,923 - masked_rmse : 159.8313751220703
2025-07-05 15:27:36,927 - masked_mre : 0.606334388256073
2025-07-05 15:27:36,927 - Evaluate on pemsbay_speed_point_imputation:
2025-07-05 15:27:38,003 - masked_mae : 15.205706596374512
2025-07-05 15:27:38,049 - masked_rmse : 17.97408676147461
2025-07-05 15:27:38,121 - masked_mre : 0.25152403116226196
2025-07-05 15:27:38,121 - Evaluate on pemsbay_speed_block_imputation:
2025-07-05 15:27:39,185 - masked_mae : 34.32878494262695
2025-07-05 15:27:39,196 - masked_rmse : 36.44021987915039
2025-07-05 15:27:39,226 - masked_mre : 0.5682288408279419
2025-07-05 15:27:39,227 - Evaluate on metrla_speed_point_imputation:
2025-07-05 15:27:39,828 - masked_mae : 17.860013961791992
2025-07-05 15:27:39,835 - masked_rmse : 21.446060180664062
2025-07-05 15:27:39,847 - masked_mre : 0.3414691388607025
2025-07-05 15:27:39,848 - Evaluate on metrla_speed_block_imputation:
2025-07-05 15:27:40,446 - masked_mae : 31.488828659057617
2025-07-05 15:27:40,450 - masked_rmse : 35.04410171508789
2025-07-05 15:27:40,459 - masked_mre : 0.6096154451370239
2025-07-05 15:27:50,995 - [Epoch 10] Pretrain Loss: 20.8579
2025-07-05 15:27:50,995 - ************************************************************   Forecasting Task   ************************************************************
2025-07-05 15:27:50,996 - Evaluate on pems08_flow_short_term_forecasting:
2025-07-05 15:27:54,301 - masked_mae : 17.39867401123047
2025-07-05 15:27:54,308 - masked_rmse : 26.91213035583496
2025-07-05 15:27:54,321 - masked_mape : 0.13145025074481964
2025-07-05 15:27:54,321 - Evaluate on pems08_flow_long_term_forecasting:
2025-07-05 15:28:00,230 - masked_mae : 31.540374755859375
2025-07-05 15:28:00,254 - masked_rmse : 47.14322280883789
2025-07-05 15:28:00,298 - masked_mape : 0.28067585825920105
2025-07-05 15:28:00,299 - ************************************************************   Imputation Task   ************************************************************
2025-07-05 15:28:00,299 - Evaluate on pems03_flow_point_imputation:
2025-07-05 15:28:01,026 - masked_mae : 72.28958892822266
2025-07-05 15:28:01,032 - masked_rmse : 98.35022735595703
2025-07-05 15:28:01,056 - masked_mre : 0.42848125100135803
2025-07-05 15:28:01,056 - Evaluate on pems03_flow_block_imputation:
2025-07-05 15:28:01,769 - masked_mae : 100.43216705322266
2025-07-05 15:28:01,774 - masked_rmse : 130.59564208984375
2025-07-05 15:28:01,787 - masked_mre : 0.5962399244308472
2025-07-05 15:28:01,787 - Evaluate on pems04_flow_point_imputation:
2025-07-05 15:28:02,317 - masked_mae : 77.84130859375
2025-07-05 15:28:02,321 - masked_rmse : 105.64580535888672
2025-07-05 15:28:02,334 - masked_mre : 0.3697138726711273
2025-07-05 15:28:02,334 - Evaluate on pems04_flow_block_imputation:
2025-07-05 15:28:02,860 - masked_mae : 114.58779907226562
2025-07-05 15:28:02,863 - masked_rmse : 146.5006103515625
2025-07-05 15:28:02,870 - masked_mre : 0.545864999294281
2025-07-05 15:28:02,870 - Evaluate on pems07_flow_point_imputation:
2025-07-05 15:28:04,303 - masked_mae : 108.94526672363281
2025-07-05 15:28:04,337 - masked_rmse : 137.73109436035156
2025-07-05 15:28:04,430 - masked_mre : 0.35469162464141846
2025-07-05 15:28:04,431 - Evaluate on pems07_flow_block_imputation:
2025-07-05 15:28:05,842 - masked_mae : 173.3235321044922
2025-07-05 15:28:05,857 - masked_rmse : 204.3589630126953
2025-07-05 15:28:05,893 - masked_mre : 0.5632905960083008
2025-07-05 15:28:05,900 - Evaluate on pems08_flow_point_imputation:
2025-07-05 15:28:06,342 - masked_mae : 82.55164337158203
2025-07-05 15:28:06,344 - masked_rmse : 104.86404418945312
2025-07-05 15:28:06,349 - masked_mre : 0.36959749460220337
2025-07-05 15:28:06,349 - Evaluate on pems08_flow_block_imputation:
2025-07-05 15:28:06,787 - masked_mae : 129.89529418945312
2025-07-05 15:28:06,789 - masked_rmse : 154.11907958984375
2025-07-05 15:28:06,793 - masked_mre : 0.5815707445144653
2025-07-05 15:28:06,793 - Evaluate on pemsbay_speed_point_imputation:
2025-07-05 15:28:07,886 - masked_mae : 14.857047080993652
2025-07-05 15:28:07,936 - masked_rmse : 17.689321517944336
2025-07-05 15:28:07,992 - masked_mre : 0.24575433135032654
2025-07-05 15:28:07,992 - Evaluate on pemsbay_speed_block_imputation:
2025-07-05 15:28:09,050 - masked_mae : 33.33965301513672
2025-07-05 15:28:09,060 - masked_rmse : 35.58491134643555
2025-07-05 15:28:09,087 - masked_mre : 0.5518541932106018
2025-07-05 15:28:09,088 - Evaluate on metrla_speed_point_imputation:
2025-07-05 15:28:09,724 - masked_mae : 17.528030395507812
2025-07-05 15:28:09,732 - masked_rmse : 21.17326545715332
2025-07-05 15:28:09,744 - masked_mre : 0.3348408639431
2025-07-05 15:28:09,745 - Evaluate on metrla_speed_block_imputation:
2025-07-05 15:28:10,351 - masked_mae : 30.69403076171875
2025-07-05 15:28:10,357 - masked_rmse : 34.37723159790039
2025-07-05 15:28:10,369 - masked_mre : 0.5946886539459229
